<html>
<body>
<pre>
<h1>µVision Build Log</h1>
<h2>Tool Versions:</h2>
IDE-Version: ¦ÌVision V5.25.2.0
Copyright (C) 2018 ARM Ltd and ARM Germany GmbH. All rights reserved.
License Information:  ,  , LIC=R4HV2-9G6TB-UM09A-1SKXT-D8AHQ-XBF0U
 
Tool Versions:
Toolchain:       MDK-ARM Professional  Version: 5.25.2.0
Toolchain Path:  F:\Keil_v5\ARM\ARMCC\Bin
C Compiler:      Armcc.exe V5.06 update 6 (build 750)
Assembler:       Armasm.exe V5.06 update 6 (build 750)
Linker/Locator:  ArmLink.exe V5.06 update 6 (build 750)
Library Manager: ArmAr.exe V5.06 update 6 (build 750)
Hex Converter:   FromElf.exe V5.06 update 6 (build 750)
CPU DLL:         SARMCM3.DLL V5.25.2.0
Dialog DLL:      DCM.DLL V1.17.1.0
Target DLL:      Segger\JL2CM3.dll V2.99.29.0
Dialog DLL:      TCM.DLL V1.35.1.0
 
<h2>Project:</h2>
E:\GD32\07-FreeRTOS\MDK-ARM\FreeRTOS.uvprojx
Project File Date:  02/20/2021

<h2>Output:</h2>
*** Using Compiler 'V5.06 update 6 (build 750)', folder: 'F:\Keil_v5\ARM\ARMCC\Bin'
Build target 'FreeRTOS'
compiling usart.c...
compiling main.c...
..\Src\main.c(221): warning:  #1-D: last line of file ends without a newline
  }
..\Src\main.c: 1 warning, 0 errors
linking...
Program Size: Code=12952 RO-data=336 RW-data=140 ZI-data=19148  
FromELF: creating hex file...
".\GD32\FreeRTOS.axf" - 0 Error(s), 1 Warning(s).

<h2>Software Packages used:</h2>

Package Vendor: ARM
                http://www.keil.com/pack/ARM.CMSIS-FreeRTOS.10.3.1.pack
                ARM.CMSIS-FreeRTOS.10.3.1
                Bundle of FreeRTOS for Cortex-M and Cortex-A
   * Component: Config Variant: FreeRTOS Version: 10.3.1
   * Component: Core Variant: Cortex-M Version: 10.3.1
   * Component: Heap Variant: Heap_4 Version: 10.3.1

Package Vendor: GigaDevice
                http://gd32mcu.com/data/documents/pack/GigaDevice.GD32F30x_DFP.2.1.0.pack
                GigaDevice.GD32F30x_DFP.2.1.0
                GigaDevice GD32F30x Series Device Support and Examples

<h2>Collection of Component include folders:</h2>
  .\RTE\RTOS
  .\RTE\_FreeRTOS
  F:\Keil_v5\ARM\PACK\ARM\CMSIS-FreeRTOS\10.3.1\CMSIS\RTOS2\FreeRTOS\Include
  F:\Keil_v5\ARM\PACK\ARM\CMSIS-FreeRTOS\10.3.1\Source\include
  F:\Keil_v5\ARM\PACK\ARM\CMSIS-FreeRTOS\10.3.1\Source\portable\RVDS\ARM_CM4F
  F:\Keil_v5\ARM\PACK\GigaDevice\GD32F30x_DFP\2.1.0\Device\Include

<h2>Collection of Component Files used:</h2>

   * Component: ARM.FreeRTOS::RTOS:Config:FreeRTOS:10.3.1
      Include file:  Config\ARMCM\FreeRTOSConfig.h

   * Component: ARM.FreeRTOS::RTOS:Core:Cortex-M:10.3.1
      Include file:  Source\include\FreeRTOS.h
      Include file:  Source\include\queue.h
      Include file:  Source\include\task.h
      Source file:   Source\queue.c
      Source file:   Source\tasks.c
      Source file:   Source\list.c
      Include file:  Source\include\semphr.h
      Source file:   Source\portable\RVDS\ARM_CM4F\port.c
      Source file:   CMSIS\RTOS2\FreeRTOS\Source\freertos_evr.c

   * Component: ARM.FreeRTOS::RTOS:Heap:Heap_4:10.3.1
      Source file:   Source\portable\MemMang\heap_4.c
Build Time Elapsed:  00:00:01
</pre>
</body>
</html>
