<html>
<body>
<pre>
<h1>µVision Build Log</h1>
<h2>Tool Versions:</h2>
IDE-Version: ¦ÌVision V5.25.2.0
Copyright (C) 2018 ARM Ltd and ARM Germany GmbH. All rights reserved.
License Information:  ,  , LIC=R4HV2-9G6TB-UM09A-1SKXT-D8AHQ-XBF0U
 
Tool Versions:
Toolchain:       MDK-ARM Professional  Version: 5.25.2.0
Toolchain Path:  F:\Keil_v5\ARM\ARMCC\Bin
C Compiler:      Armcc.exe V5.06 update 6 (build 750)
Assembler:       Armasm.exe V5.06 update 6 (build 750)
Linker/Locator:  ArmLink.exe V5.06 update 6 (build 750)
Library Manager: ArmAr.exe V5.06 update 6 (build 750)
Hex Converter:   FromElf.exe V5.06 update 6 (build 750)
CPU DLL:         SARMCM3.DLL V5.25.2.0
Dialog DLL:      DCM.DLL V1.17.1.0
Target DLL:      UL2CM3.DLL V1.160.12.0
Dialog DLL:      TCM.DLL V1.35.1.0
 
<h2>Project:</h2>
D:\×ÀÃæ\GD32F303\BluePill-Plus\SDK\GD32F303CCT6\Examples\03-RT-Thread\MDK-ARM\RT-Thread.uvprojx
Project File Date:  03/22/2021

<h2>Output:</h2>
*** Using Compiler 'V5.06 update 6 (build 750)', folder: 'F:\Keil_v5\ARM\ARMCC\Bin'
Build target 'RT-Thread'
compiling gd32f30x_it.c...
compiling gpio.c...
compiling main.c...
compiling usart.c...
compiling gd32f30x_bkp.c...
compiling systick.c...
compiling gd32f30x_adc.c...
compiling gd32f30x_can.c...
compiling gd32f30x_ctc.c...
compiling gd32f30x_crc.c...
compiling gd32f30x_dac.c...
compiling gd32f30x_dbg.c...
compiling gd32f30x_dma.c...
compiling gd32f30x_exmc.c...
compiling gd32f30x_exti.c...
compiling gd32f30x_fwdgt.c...
compiling gd32f30x_pmu.c...
compiling gd32f30x_misc.c...
compiling gd32f30x_i2c.c...
compiling gd32f30x_gpio.c...
compiling gd32f30x_rtc.c...
compiling gd32f30x_rcu.c...
compiling gd32f30x_spi.c...
compiling gd32f30x_timer.c...
assembling startup_gd32f30x_hd.s...
assembling context_rvds.S...
compiling gd32f30x_usart.c...
compiling gd32f30x_wwdgt.c...
compiling system_gd32f30x.c...
compiling cpuport.c...
compiling clock.c...
compiling components.c...
compiling idle.c...
compiling irq.c...
compiling ipc.c...
compiling mem.c...
compiling object.c...
F:\Keil_v5\ARM\PACK\RealThread\RT-Thread\3.1.3\src\object.c(262): warning:  #550-D: variable "obj"  was set but never used
          struct rt_object *obj;
F:\Keil_v5\ARM\PACK\RealThread\RT-Thread\3.1.3\src\object.c: 1 warning, 0 errors
compiling kservice.c...
compiling scheduler.c...
compiling timer.c...
compiling thread.c...
compiling board.c...
RTE\RTOS\board.c(33): warning:  #177-D: function "_SysTick_Config"  was declared but never referenced
  static uint32_t _SysTick_Config(rt_uint32_t ticks)
RTE\RTOS\board.c: 1 warning, 0 errors
linking...
Program Size: Code=8364 RO-data=644 RW-data=168 ZI-data=5720  
FromELF: creating hex file...
".\GD32\RT-Thread.axf" - 0 Error(s), 2 Warning(s).

<h2>Software Packages used:</h2>

Package Vendor: ARM
                http://www.keil.com/pack/ARM.CMSIS.5.7.0.pack
                ARM.CMSIS.5.7.0
                CMSIS (Cortex Microcontroller Software Interface Standard)
   * Component: CORE Version: 5.4.0

Package Vendor: GigaDevice
                http://gd32mcu.com/data/documents/pack/GigaDevice.GD32F30x_DFP.2.1.0.pack
                GigaDevice.GD32F30x_DFP.2.1.0
                GigaDevice GD32F30x Series Device Support and Examples

Package Vendor: RealThread
                https://www.rt-thread.org/download/mdk/RealThread.RT-Thread.3.1.3.pack
                RealThread.RT-Thread.3.1.3
                RT-Thread Software Components
   * Component: kernel Version: 3.1.3

<h2>Collection of Component include folders:</h2>
  .\RTE\RTOS
  .\RTE\_RT-Thread
  F:\Keil_v5\ARM\PACK\ARM\CMSIS\5.7.0\CMSIS\Core\Include
  F:\Keil_v5\ARM\PACK\GigaDevice\GD32F30x_DFP\2.1.0\Device\Include
  F:\Keil_v5\ARM\PACK\RealThread\RT-Thread\3.1.3\include

<h2>Collection of Component Files used:</h2>

   * Component: ARM::CMSIS:CORE:5.4.0

   * Component: RealThread.RT-Thread::RTOS:kernel:3.1.3
      Source file:   bsp\board.c
      Source file:   src\clock.c
      Source file:   src\components.c
      Include file:  bsp\rtconfig.h
      Source file:   src\ipc.c
      Source file:   src\object.c
      Source file:   src\thread.c
      Source file:   src\mem.c
      Source file:   src\idle.c
      Source file:   src\irq.c
      Source file:   src\kservice.c
      Source file:   src\scheduler.c
      Source file:   src\timer.c
      Source file:   libcpu\arm\cortex-m4\cpuport.c
      Source file:   libcpu\arm\cortex-m4\context_rvds.S
Build Time Elapsed:  00:00:11
</pre>
</body>
</html>
