Component: ARM Compiler 5.06 update 6 (build 750) Tool: armlink [4d35ed]

==============================================================================

Section Cross References

    main.o(i.TIM1_Config) refers to gd32f30x_rcu.o(i.rcu_periph_clock_enable) for rcu_periph_clock_enable
    main.o(i.TIM1_Config) refers to gd32f30x_timer.o(i.timer_deinit) for timer_deinit
    main.o(i.TIM1_Config) refers to gd32f30x_timer.o(i.timer_init) for timer_init
    main.o(i.TIM1_Config) refers to gd32f30x_misc.o(i.nvic_irq_enable) for nvic_irq_enable
    main.o(i.TIM1_Config) refers to gd32f30x_timer.o(i.timer_interrupt_enable) for timer_interrupt_enable
    main.o(i.TIM1_Config) refers to gd32f30x_timer.o(i.timer_disable) for timer_disable
    main.o(i.TIMER5_IRQHandler) refers to gd32f30x_timer.o(i.timer_interrupt_flag_get) for timer_interrupt_flag_get
    main.o(i.TIMER5_IRQHandler) refers to gd32f30x_timer.o(i.timer_interrupt_flag_clear) for timer_interrupt_flag_clear
    main.o(i.TIMER5_IRQHandler) refers to usart.o(i.usart1_sendata) for usart1_sendata
    main.o(i.TIMER5_IRQHandler) refers to gd32f30x_timer.o(i.timer_disable) for timer_disable
    main.o(i.TIMER5_IRQHandler) refers to usart.o(.data) for USART1_RX_STA
    main.o(i.TIMER5_IRQHandler) refers to usart.o(.bss) for USART1_RX_BUF
    main.o(i.app_main) refers to tasks.o(i.xTaskCreate) for xTaskCreate
    main.o(i.app_main) refers to tasks.o(i.vTaskDelete) for vTaskDelete
    main.o(i.app_main) refers to main.o(.data) for LEDTaskHandle
    main.o(i.app_main) refers to main.o(i.thread_LED) for thread_LED
    main.o(i.app_main) refers to main.o(i.thread_KEY) for thread_KEY
    main.o(i.main) refers to system_gd32f30x.o(i.SystemCoreClockUpdate) for SystemCoreClockUpdate
    main.o(i.main) refers to gpio.o(i.gpio_config) for gpio_config
    main.o(i.main) refers to usart.o(i.usart0_config) for usart0_config
    main.o(i.main) refers to usart.o(i.usart1_config) for usart1_config
    main.o(i.main) refers to main.o(i.TIM1_Config) for TIM1_Config
    main.o(i.main) refers to tasks.o(i.xTaskCreate) for xTaskCreate
    main.o(i.main) refers to tasks.o(i.vTaskStartScheduler) for vTaskStartScheduler
    main.o(i.main) refers to main.o(i.app_main) for app_main
    main.o(i.thread_KEY) refers to printfa.o(i.__0printf) for __2printf
    main.o(i.thread_KEY) refers to gd32f30x_gpio.o(i.gpio_input_bit_get) for gpio_input_bit_get
    main.o(i.thread_KEY) refers to tasks.o(i.xTaskGenericNotify) for xTaskGenericNotify
    main.o(i.thread_KEY) refers to systick.o(i.systick_deinit) for systick_deinit
    main.o(i.thread_KEY) refers to gd32f30x_gpio.o(i.gpio_deinit) for gpio_deinit
    main.o(i.thread_KEY) refers to main.o(i.jump_to_app) for jump_to_app
    main.o(i.thread_KEY) refers to tasks.o(i.vTaskDelay) for vTaskDelay
    main.o(i.thread_KEY) refers to main.o(.data) for LEDTaskHandle
    main.o(i.thread_LED) refers to printfa.o(i.__0printf) for __2printf
    main.o(i.thread_LED) refers to systick.o(i.delay_us) for delay_us
    main.o(i.thread_LED) refers to usart.o(i.usart1_sendata) for usart1_sendata
    main.o(i.thread_LED) refers to tasks.o(i.xTaskNotifyWait) for xTaskNotifyWait
    main.o(i.thread_LED) refers to gd32f30x_gpio.o(i.gpio_output_bit_get) for gpio_output_bit_get
    main.o(i.thread_LED) refers to gd32f30x_gpio.o(i.gpio_bit_write) for gpio_bit_write
    main.o(i.thread_LED) refers to gd32f30x_gpio.o(i.gpio_bit_reset) for gpio_bit_reset
    main.o(i.thread_LED) refers to usart.o(.data) for USART1_RX_STA
    usart.o(i.USART1_IRQHandler) refers to gd32f30x_usart.o(i.usart_interrupt_flag_get) for usart_interrupt_flag_get
    usart.o(i.USART1_IRQHandler) refers to gd32f30x_usart.o(i.usart_interrupt_flag_clear) for usart_interrupt_flag_clear
    usart.o(i.USART1_IRQHandler) refers to gd32f30x_timer.o(i.timer_enable) for timer_enable
    usart.o(i.USART1_IRQHandler) refers to gd32f30x_usart.o(i.usart_data_receive) for usart_data_receive
    usart.o(i.USART1_IRQHandler) refers to gd32f30x_timer.o(i.timer_counter_value_config) for timer_counter_value_config
    usart.o(i.USART1_IRQHandler) refers to usart.o(.data) for USART1_RX_LEN
    usart.o(i.USART1_IRQHandler) refers to usart.o(.bss) for USART1_RX_BUF
    usart.o(i._write) refers to gd32f30x_usart.o(i.usart_data_transmit) for usart_data_transmit
    usart.o(i._write) refers to gd32f30x_usart.o(i.usart_flag_get) for usart_flag_get
    usart.o(i.fputc) refers to gd32f30x_usart.o(i.usart_data_transmit) for usart_data_transmit
    usart.o(i.fputc) refers to gd32f30x_usart.o(i.usart_flag_get) for usart_flag_get
    usart.o(i.u1_printf) refers to printfa.o(i.__0vsprintf) for vsprintf
    usart.o(i.u1_printf) refers to strlen.o(.text) for strlen
    usart.o(i.u1_printf) refers to gd32f30x_usart.o(i.usart_data_transmit) for usart_data_transmit
    usart.o(i.u1_printf) refers to gd32f30x_usart.o(i.usart_flag_get) for usart_flag_get
    usart.o(i.u1_printf) refers to usart.o(.bss) for USART1_TX_BUF
[...]
    Removing gd32f30x_sdio.o(i.sdio_data_transfer_config), (28 bytes).
    Removing gd32f30x_sdio.o(i.sdio_data_write), (12 bytes).
    Removing gd32f30x_sdio.o(i.sdio_deinit), (28 bytes).
    Removing gd32f30x_sdio.o(i.sdio_dma_disable), (20 bytes).
    Removing gd32f30x_sdio.o(i.sdio_dma_enable), (20 bytes).
    Removing gd32f30x_sdio.o(i.sdio_dsm_disable), (20 bytes).
    Removing gd32f30x_sdio.o(i.sdio_dsm_enable), (20 bytes).
    Removing gd32f30x_sdio.o(i.sdio_fifo_counter_get), (12 bytes).
    Removing gd32f30x_sdio.o(i.sdio_flag_clear), (12 bytes).
    Removing gd32f30x_sdio.o(i.sdio_flag_get), (24 bytes).
    Removing gd32f30x_sdio.o(i.sdio_hardware_clock_disable), (20 bytes).
    Removing gd32f30x_sdio.o(i.sdio_hardware_clock_enable), (20 bytes).
    Removing gd32f30x_sdio.o(i.sdio_interrupt_disable), (16 bytes).
    Removing gd32f30x_sdio.o(i.sdio_interrupt_enable), (16 bytes).
    Removing gd32f30x_sdio.o(i.sdio_interrupt_flag_clear), (12 bytes).
    Removing gd32f30x_sdio.o(i.sdio_interrupt_flag_get), (24 bytes).
    Removing gd32f30x_sdio.o(i.sdio_operation_disable), (20 bytes).
    Removing gd32f30x_sdio.o(i.sdio_operation_enable), (20 bytes).
    Removing gd32f30x_sdio.o(i.sdio_power_state_get), (12 bytes).
    Removing gd32f30x_sdio.o(i.sdio_power_state_set), (12 bytes).
    Removing gd32f30x_sdio.o(i.sdio_readwait_disable), (20 bytes).
    Removing gd32f30x_sdio.o(i.sdio_readwait_enable), (20 bytes).
    Removing gd32f30x_sdio.o(i.sdio_readwait_type_set), (40 bytes).
    Removing gd32f30x_sdio.o(i.sdio_response_get), (56 bytes).
    Removing gd32f30x_sdio.o(i.sdio_stop_readwait_disable), (20 bytes).
    Removing gd32f30x_sdio.o(i.sdio_stop_readwait_enable), (20 bytes).
    Removing gd32f30x_sdio.o(i.sdio_suspend_disable), (20 bytes).
    Removing gd32f30x_sdio.o(i.sdio_suspend_enable), (20 bytes).
    Removing gd32f30x_sdio.o(i.sdio_wait_type_set), (28 bytes).
    Removing gd32f30x_spi.o(.rev16_text), (4 bytes).
    Removing gd32f30x_spi.o(.revsh_text), (4 bytes).
    Removing gd32f30x_spi.o(i.i2s_disable), (10 bytes).
    Removing gd32f30x_spi.o(i.i2s_enable), (10 bytes).
    Removing gd32f30x_spi.o(i.i2s_init), (28 bytes).
    Removing gd32f30x_spi.o(i.i2s_psc_config), (170 bytes).
    Removing gd32f30x_spi.o(i.qspi_disable), (14 bytes).
    Removing gd32f30x_spi.o(i.qspi_enable), (14 bytes).
    Removing gd32f30x_spi.o(i.qspi_io23_output_disable), (14 bytes).
    Removing gd32f30x_spi.o(i.qspi_io23_output_enable), (14 bytes).
    Removing gd32f30x_spi.o(i.qspi_read_enable), (14 bytes).
    Removing gd32f30x_spi.o(i.qspi_write_enable), (14 bytes).
    Removing gd32f30x_spi.o(i.spi_bidirectional_transfer_config), (26 bytes).
    Removing gd32f30x_spi.o(i.spi_crc_error_clear), (10 bytes).
    Removing gd32f30x_spi.o(i.spi_crc_get), (16 bytes).
    Removing gd32f30x_spi.o(i.spi_crc_next), (10 bytes).
    Removing gd32f30x_spi.o(i.spi_crc_off), (10 bytes).
    Removing gd32f30x_spi.o(i.spi_crc_on), (10 bytes).
    Removing gd32f30x_spi.o(i.spi_crc_polynomial_get), (8 bytes).
    Removing gd32f30x_spi.o(i.spi_crc_polynomial_set), (12 bytes).
    Removing gd32f30x_spi.o(i.spi_disable), (10 bytes).
    Removing gd32f30x_spi.o(i.spi_dma_disable), (22 bytes).
    Removing gd32f30x_spi.o(i.spi_dma_enable), (22 bytes).
    Removing gd32f30x_spi.o(i.spi_enable), (10 bytes).
    Removing gd32f30x_spi.o(i.spi_i2s_data_frame_format_config), (16 bytes).
    Removing gd32f30x_spi.o(i.spi_i2s_data_receive), (8 bytes).
    Removing gd32f30x_spi.o(i.spi_i2s_data_transmit), (4 bytes).
    Removing gd32f30x_spi.o(i.spi_i2s_deinit), (88 bytes).
    Removing gd32f30x_spi.o(i.spi_i2s_flag_get), (16 bytes).
    Removing gd32f30x_spi.o(i.spi_i2s_interrupt_disable), (48 bytes).
    Removing gd32f30x_spi.o(i.spi_i2s_interrupt_enable), (48 bytes).
    Removing gd32f30x_spi.o(i.spi_i2s_interrupt_flag_get), (112 bytes).
    Removing gd32f30x_spi.o(i.spi_init), (50 bytes).
    Removing gd32f30x_spi.o(i.spi_nss_internal_high), (10 bytes).
    Removing gd32f30x_spi.o(i.spi_nss_internal_low), (10 bytes).
    Removing gd32f30x_spi.o(i.spi_nss_output_disable), (10 bytes).
    Removing gd32f30x_spi.o(i.spi_nss_output_enable), (10 bytes).
    Removing gd32f30x_spi.o(i.spi_nssp_mode_disable), (10 bytes).
    Removing gd32f30x_spi.o(i.spi_nssp_mode_enable), (10 bytes).
    Removing gd32f30x_spi.o(i.spi_struct_para_init), (18 bytes).
    Removing gd32f30x_spi.o(i.spi_ti_mode_disable), (10 bytes).
    Removing gd32f30x_spi.o(i.spi_ti_mode_enable), (10 bytes).
    Removing gd32f30x_timer.o(.rev16_text), (4 bytes).
    Removing gd32f30x_timer.o(.revsh_text), (4 bytes).
    Removing gd32f30x_timer.o(i.timer_auto_reload_shadow_disable), (10 bytes).
    Removing gd32f30x_timer.o(i.timer_auto_reload_shadow_enable), (10 bytes).
    Removing gd32f30x_timer.o(i.timer_automatic_output_disable), (10 bytes).
    Removing gd32f30x_timer.o(i.timer_automatic_output_enable), (10 bytes).
    Removing gd32f30x_timer.o(i.timer_autoreload_value_config), (4 bytes).
    Removing gd32f30x_timer.o(i.timer_break_config), (30 bytes).
    Removing gd32f30x_timer.o(i.timer_break_disable), (10 bytes).
    Removing gd32f30x_timer.o(i.timer_break_enable), (10 bytes).
    Removing gd32f30x_timer.o(i.timer_break_struct_para_init), (18 bytes).
    Removing gd32f30x_timer.o(i.timer_channel_capture_value_register_read), (42 bytes).
    Removing gd32f30x_timer.o(i.timer_channel_complementary_output_polarity_config), (70 bytes).
    Removing gd32f30x_timer.o(i.timer_channel_complementary_output_state_config), (70 bytes).
    Removing gd32f30x_timer.o(i.timer_channel_control_shadow_config), (24 bytes).
    Removing gd32f30x_timer.o(i.timer_channel_control_shadow_update_config), (26 bytes).
    Removing gd32f30x_timer.o(i.timer_channel_dma_request_source_select), (26 bytes).
    Removing gd32f30x_timer.o(i.timer_channel_input_capture_prescaler_config), (90 bytes).
    Removing gd32f30x_timer.o(i.timer_channel_input_struct_para_init), (16 bytes).
    Removing gd32f30x_timer.o(i.timer_channel_output_clear_config), (90 bytes).
    Removing gd32f30x_timer.o(i.timer_channel_output_config), (492 bytes).
    Removing gd32f30x_timer.o(i.timer_channel_output_fast_config), (90 bytes).
    Removing gd32f30x_timer.o(i.timer_channel_output_mode_config), (90 bytes).
    Removing gd32f30x_timer.o(i.timer_channel_output_polarity_config), (92 bytes).
    Removing gd32f30x_timer.o(i.timer_channel_output_pulse_value_config), (38 bytes).
    Removing gd32f30x_timer.o(i.timer_channel_output_shadow_config), (90 bytes).
    Removing gd32f30x_timer.o(i.timer_channel_output_state_config), (92 bytes).
    Removing gd32f30x_timer.o(i.timer_channel_output_struct_para_init), (16 bytes).
    Removing gd32f30x_timer.o(i.timer_counter_alignment), (16 bytes).
    Removing gd32f30x_timer.o(i.timer_counter_down_direction), (10 bytes).
    Removing gd32f30x_timer.o(i.timer_counter_read), (8 bytes).
    Removing gd32f30x_timer.o(i.timer_counter_up_direction), (10 bytes).
    Removing gd32f30x_timer.o(i.timer_dma_disable), (8 bytes).
    Removing gd32f30x_timer.o(i.timer_dma_enable), (8 bytes).
    Removing gd32f30x_timer.o(i.timer_dma_transfer_config), (24 bytes).
    Removing gd32f30x_timer.o(i.timer_event_software_generate), (8 bytes).
    Removing gd32f30x_timer.o(i.timer_external_clock_mode0_config), (40 bytes).
    Removing gd32f30x_timer.o(i.timer_external_clock_mode1_config), (32 bytes).
    Removing gd32f30x_timer.o(i.timer_external_clock_mode1_disable), (10 bytes).
    Removing gd32f30x_timer.o(i.timer_external_trigger_as_external_clock_config), (166 bytes).
    Removing gd32f30x_timer.o(i.timer_external_trigger_config), (30 bytes).
    Removing gd32f30x_timer.o(i.timer_flag_clear), (6 bytes).
    Removing gd32f30x_timer.o(i.timer_flag_get), (16 bytes).
    Removing gd32f30x_timer.o(i.timer_hall_mode_config), (26 bytes).
    Removing gd32f30x_timer.o(i.timer_input_capture_config), (326 bytes).
    Removing gd32f30x_timer.o(i.timer_input_pwm_capture_config), (356 bytes).
    Removing gd32f30x_timer.o(i.timer_input_trigger_source_select), (16 bytes).
    Removing gd32f30x_timer.o(i.timer_internal_clock_config), (10 bytes).
    Removing gd32f30x_timer.o(i.timer_internal_trigger_as_external_clock_config), (32 bytes).
    Removing gd32f30x_timer.o(i.timer_interrupt_disable), (8 bytes).
    Removing gd32f30x_timer.o(i.timer_master_output_trigger_source_select), (16 bytes).
    Removing gd32f30x_timer.o(i.timer_master_slave_mode_config), (26 bytes).
    Removing gd32f30x_timer.o(i.timer_output_value_selection_config), (34 bytes).
    Removing gd32f30x_timer.o(i.timer_prescaler_config), (14 bytes).
    Removing gd32f30x_timer.o(i.timer_prescaler_read), (10 bytes).
    Removing gd32f30x_timer.o(i.timer_primary_output_config), (24 bytes).
    Removing gd32f30x_timer.o(i.timer_quadrature_decoder_mode_config), (64 bytes).
    Removing gd32f30x_timer.o(i.timer_repetition_value_config), (4 bytes).
    Removing gd32f30x_timer.o(i.timer_single_pulse_mode_config), (26 bytes).
    Removing gd32f30x_timer.o(i.timer_slave_mode_select), (16 bytes).
    Removing gd32f30x_timer.o(i.timer_struct_para_init), (22 bytes).
    Removing gd32f30x_timer.o(i.timer_update_event_disable), (10 bytes).
    Removing gd32f30x_timer.o(i.timer_update_event_enable), (10 bytes).
    Removing gd32f30x_timer.o(i.timer_update_source_config), (26 bytes).
    Removing gd32f30x_timer.o(i.timer_write_chxval_register_config), (34 bytes).
    Removing gd32f30x_usart.o(.rev16_text), (4 bytes).
    Removing gd32f30x_usart.o(.revsh_text), (4 bytes).
    Removing gd32f30x_usart.o(i.usart_address_config), (20 bytes).
    Removing gd32f30x_usart.o(i.usart_block_length_config), (28 bytes).
    Removing gd32f30x_usart.o(i.usart_data_first_config), (20 bytes).
    Removing gd32f30x_usart.o(i.usart_disable), (10 bytes).
    Removing gd32f30x_usart.o(i.usart_dma_receive_config), (16 bytes).
    Removing gd32f30x_usart.o(i.usart_dma_transmit_config), (16 bytes).
    Removing gd32f30x_usart.o(i.usart_flag_clear), (26 bytes).
    Removing gd32f30x_usart.o(i.usart_guard_time_config), (24 bytes).
    Removing gd32f30x_usart.o(i.usart_halfduplex_disable), (10 bytes).
    Removing gd32f30x_usart.o(i.usart_halfduplex_enable), (10 bytes).
    Removing gd32f30x_usart.o(i.usart_hardware_flow_cts_config), (16 bytes).
    Removing gd32f30x_usart.o(i.usart_hardware_flow_rts_config), (16 bytes).
    Removing gd32f30x_usart.o(i.usart_interrupt_disable), (26 bytes).
    Removing gd32f30x_usart.o(i.usart_invert_config), (104 bytes).
    Removing gd32f30x_usart.o(i.usart_irda_lowpower_config), (20 bytes).
    Removing gd32f30x_usart.o(i.usart_irda_mode_disable), (10 bytes).
    Removing gd32f30x_usart.o(i.usart_irda_mode_enable), (10 bytes).
    Removing gd32f30x_usart.o(i.usart_lin_break_detection_length_config), (20 bytes).
    Removing gd32f30x_usart.o(i.usart_lin_mode_disable), (10 bytes).
    Removing gd32f30x_usart.o(i.usart_lin_mode_enable), (10 bytes).
    Removing gd32f30x_usart.o(i.usart_mute_mode_disable), (10 bytes).
    Removing gd32f30x_usart.o(i.usart_mute_mode_enable), (10 bytes).
    Removing gd32f30x_usart.o(i.usart_mute_mode_wakeup_config), (16 bytes).
    Removing gd32f30x_usart.o(i.usart_parity_config), (16 bytes).
    Removing gd32f30x_usart.o(i.usart_prescaler_config), (16 bytes).
    Removing gd32f30x_usart.o(i.usart_receiver_timeout_disable), (14 bytes).
    Removing gd32f30x_usart.o(i.usart_receiver_timeout_enable), (14 bytes).
    Removing gd32f30x_usart.o(i.usart_receiver_timeout_threshold_config), (20 bytes).
    Removing gd32f30x_usart.o(i.usart_send_break), (10 bytes).
    Removing gd32f30x_usart.o(i.usart_smartcard_autoretry_config), (26 bytes).
    Removing gd32f30x_usart.o(i.usart_smartcard_mode_disable), (10 bytes).
    Removing gd32f30x_usart.o(i.usart_smartcard_mode_enable), (10 bytes).
    Removing gd32f30x_usart.o(i.usart_smartcard_mode_nack_disable), (10 bytes).
    Removing gd32f30x_usart.o(i.usart_smartcard_mode_nack_enable), (10 bytes).
    Removing gd32f30x_usart.o(i.usart_stop_bit_set), (16 bytes).
    Removing gd32f30x_usart.o(i.usart_synchronous_clock_config), (34 bytes).
    Removing gd32f30x_usart.o(i.usart_synchronous_clock_disable), (10 bytes).
    Removing gd32f30x_usart.o(i.usart_synchronous_clock_enable), (10 bytes).
    Removing gd32f30x_usart.o(i.usart_word_length_set), (16 bytes).
    Removing gd32f30x_wwdgt.o(.rev16_text), (4 bytes).
    Removing gd32f30x_wwdgt.o(.revsh_text), (4 bytes).
    Removing gd32f30x_wwdgt.o(i.wwdgt_config), (56 bytes).
    Removing gd32f30x_wwdgt.o(i.wwdgt_counter_update), (28 bytes).
    Removing gd32f30x_wwdgt.o(i.wwdgt_deinit), (20 bytes).
    Removing gd32f30x_wwdgt.o(i.wwdgt_enable), (20 bytes).
    Removing gd32f30x_wwdgt.o(i.wwdgt_flag_clear), (20 bytes).
    Removing gd32f30x_wwdgt.o(i.wwdgt_flag_get), (24 bytes).
    Removing gd32f30x_wwdgt.o(i.wwdgt_interrupt_enable), (20 bytes).
    Removing startup_gd32f30x_hd.o(HEAP), (1024 bytes).
    Removing system_gd32f30x.o(.rev16_text), (4 bytes).
    Removing system_gd32f30x.o(.revsh_text), (4 bytes).
    Removing heap_4.o(i.vPortGetHeapStats), (128 bytes).
    Removing heap_4.o(i.vPortInitialiseBlocks), (2 bytes).
    Removing heap_4.o(i.xPortGetFreeHeapSize), (12 bytes).
    Removing heap_4.o(i.xPortGetMinimumEverFreeHeapSize), (12 bytes).
    Removing port.o(i.vPortEndScheduler), (48 bytes).
    Removing port.o(i.vPortValidateInterruptPriority), (120 bytes).
    Removing queue.o(i.prvCopyDataFromQueue), (42 bytes).
    Removing queue.o(i.prvCopyDataToQueue), (126 bytes).
    Removing queue.o(i.prvGetDisinheritPriorityAfterTimeout), (20 bytes).
    Removing queue.o(i.prvInitialiseMutex), (30 bytes).
    Removing queue.o(i.prvInitialiseNewQueue), (46 bytes).
    Removing queue.o(i.prvIsQueueEmpty), (26 bytes).
    Removing queue.o(i.prvIsQueueFull), (30 bytes).
    Removing queue.o(i.prvNotifyQueueSetContainer), (138 bytes).
    Removing queue.o(i.prvUnlockQueue), (144 bytes).
    Removing queue.o(i.ucQueueGetQueueType), (8 bytes).
    Removing queue.o(i.uxQueueGetQueueNumber), (6 bytes).
    Removing queue.o(i.uxQueueMessagesWaiting), (42 bytes).
    Removing queue.o(i.uxQueueMessagesWaitingFromISR), (34 bytes).
    Removing queue.o(i.uxQueueSpacesAvailable), (48 bytes).
    Removing queue.o(i.vQueueDelete), (38 bytes).
    Removing queue.o(i.vQueueSetQueueNumber), (4 bytes).
    Removing queue.o(i.xQueueAddToSet), (38 bytes).
    Removing queue.o(i.xQueueCreateCountingSemaphore), (92 bytes).
    Removing queue.o(i.xQueueCreateMutex), (34 bytes).
    Removing queue.o(i.xQueueCreateSet), (20 bytes).
    Removing queue.o(i.xQueueGenericCreate), (84 bytes).
    Removing queue.o(i.xQueueGenericReset), (152 bytes).
    Removing queue.o(i.xQueueGenericSend), (472 bytes).
    Removing queue.o(i.xQueueGenericSendFromISR), (274 bytes).
    Removing queue.o(i.xQueueGetMutexHolder), (28 bytes).
    Removing queue.o(i.xQueueGetMutexHolderFromISR), (38 bytes).
    Removing queue.o(i.xQueueGiveFromISR), (244 bytes).
    Removing queue.o(i.xQueueGiveMutexRecursive), (72 bytes).
    Removing queue.o(i.xQueueIsQueueEmptyFromISR), (42 bytes).
    Removing queue.o(i.xQueueIsQueueFullFromISR), (46 bytes).
    Removing queue.o(i.xQueuePeek), (368 bytes).
    Removing queue.o(i.xQueuePeekFromISR), (176 bytes).
    Removing queue.o(i.xQueueReceive), (360 bytes).
    Removing queue.o(i.xQueueReceiveFromISR), (202 bytes).
    Removing queue.o(i.xQueueRemoveFromSet), (48 bytes).
    Removing queue.o(i.xQueueSelectFromSet), (24 bytes).
    Removing queue.o(i.xQueueSelectFromSetFromISR), (22 bytes).
    Removing queue.o(i.xQueueSemaphoreTake), (440 bytes).
    Removing queue.o(i.xQueueTakeMutexRecursive), (78 bytes).
    Removing tasks.o(i.eTaskGetState), (148 bytes).
    Removing tasks.o(i.pcTaskGetName), (48 bytes).
    Removing tasks.o(i.prvListTasksWithinSingleList), (106 bytes).
    Removing tasks.o(i.prvSearchForNameWithinSingleList), (176 bytes).
    Removing tasks.o(i.prvTaskCheckFreeStackSpace), (22 bytes).
    Removing tasks.o(i.prvTaskIsTaskSuspended), (88 bytes).
    Removing tasks.o(i.pvTaskIncrementMutexHeldCount), (32 bytes).
    Removing tasks.o(i.ulTaskNotifyTake), (116 bytes).
    Removing tasks.o(i.ulTaskNotifyValueClear), (52 bytes).
    Removing tasks.o(i.uxTaskGetNumberOfTasks), (12 bytes).
    Removing tasks.o(i.uxTaskGetStackHighWaterMark), (40 bytes).
    Removing tasks.o(i.uxTaskGetStackHighWaterMark2), (40 bytes).
    Removing tasks.o(i.uxTaskGetSystemState), (176 bytes).
    Removing tasks.o(i.uxTaskGetTaskNumber), (14 bytes).
    Removing tasks.o(i.uxTaskPriorityGet), (36 bytes).
    Removing tasks.o(i.uxTaskPriorityGetFromISR), (68 bytes).
    Removing tasks.o(i.uxTaskResetEventItemValue), (28 bytes).
    Removing tasks.o(i.vTaskDelayUntil), (212 bytes).
    Removing tasks.o(i.vTaskEndScheduler), (36 bytes).
    Removing tasks.o(i.vTaskGetInfo), (132 bytes).
    Removing tasks.o(i.vTaskInternalSetTimeOutState), (24 bytes).
    Removing tasks.o(i.vTaskMissedYield), (12 bytes).
    Removing tasks.o(i.vTaskNotifyGiveFromISR), (240 bytes).
    Removing tasks.o(i.vTaskPlaceOnEventList), (56 bytes).
    Removing tasks.o(i.vTaskPlaceOnUnorderedEventList), (108 bytes).
    Removing tasks.o(i.vTaskPriorityDisinheritAfterTimeout), (228 bytes).
    Removing tasks.o(i.vTaskPrioritySet), (276 bytes).
    Removing tasks.o(i.vTaskRemoveFromUnorderedEventList), (168 bytes).
    Removing tasks.o(i.vTaskResume), (144 bytes).
    Removing tasks.o(i.vTaskSetTaskNumber), (8 bytes).
    Removing tasks.o(i.vTaskSetTimeOutState), (60 bytes).
    Removing tasks.o(i.vTaskSuspend), (244 bytes).
    Removing tasks.o(i.xTaskAbortDelay), (160 bytes).
    Removing tasks.o(i.xTaskCatchUpTicks), (76 bytes).
    Removing tasks.o(i.xTaskCheckForTimeOut), (168 bytes).
    Removing tasks.o(i.xTaskGenericNotifyFromISR), (360 bytes).
    Removing tasks.o(i.xTaskGetCurrentTaskHandle), (12 bytes).
    Removing tasks.o(i.xTaskGetHandle), (164 bytes).
    Removing tasks.o(i.xTaskGetIdleTaskHandle), (48 bytes).
    Removing tasks.o(i.xTaskGetSchedulerState), (32 bytes).
    Removing tasks.o(i.xTaskGetTickCount), (12 bytes).
    Removing tasks.o(i.xTaskGetTickCountFromISR), (20 bytes).
    Removing tasks.o(i.xTaskNotifyStateClear), (52 bytes).
    Removing tasks.o(i.xTaskPriorityDisinherit), (200 bytes).
    Removing tasks.o(i.xTaskPriorityInherit), (184 bytes).
    Removing tasks.o(i.xTaskRemoveFromEventList), (156 bytes).
    Removing tasks.o(i.xTaskResumeFromISR), (180 bytes).

739 unused section(s) (total 46440 bytes) removed from the image.

==============================================================================

Image Symbol Table

    Local Symbols

    Symbol Name                              Value     Ov Type        Size  Object(Section)

    ../clib/microlib/division.c              0x00000000   Number         0  uldiv.o ABSOLUTE
    ../clib/microlib/division.c              0x00000000   Number         0  uidiv.o ABSOLUTE
    ../clib/microlib/init/entry.s            0x00000000   Number         0  entry9b.o ABSOLUTE
    ../clib/microlib/init/entry.s            0x00000000   Number         0  entry2.o ABSOLUTE
    ../clib/microlib/init/entry.s            0x00000000   Number         0  entry5.o ABSOLUTE
    ../clib/microlib/init/entry.s            0x00000000   Number         0  entry7a.o ABSOLUTE
    ../clib/microlib/init/entry.s            0x00000000   Number         0  entry8b.o ABSOLUTE
    ../clib/microlib/init/entry.s            0x00000000   Number         0  entry8a.o ABSOLUTE
    ../clib/microlib/init/entry.s            0x00000000   Number         0  entry7b.o ABSOLUTE
    ../clib/microlib/init/entry.s            0x00000000   Number         0  entry11a.o ABSOLUTE
    ../clib/microlib/init/entry.s            0x00000000   Number         0  entry10b.o ABSOLUTE
    ../clib/microlib/init/entry.s            0x00000000   Number         0  entry10a.o ABSOLUTE
    ../clib/microlib/init/entry.s            0x00000000   Number         0  entry9a.o ABSOLUTE
    ../clib/microlib/init/entry.s            0x00000000   Number         0  entry.o ABSOLUTE
    ../clib/microlib/init/entry.s            0x00000000   Number         0  entry11b.o ABSOLUTE
    ../clib/microlib/longlong.c              0x00000000   Number         0  llushr.o ABSOLUTE
    ../clib/microlib/longlong.c              0x00000000   Number         0  llshl.o ABSOLUTE
    ../clib/microlib/longlong.c              0x00000000   Number         0  llsshr.o ABSOLUTE
    ../clib/microlib/printf/printf.c         0x00000000   Number         0  printf3.o ABSOLUTE
    ../clib/microlib/printf/printf.c         0x00000000   Number         0  printf2.o ABSOLUTE
    ../clib/microlib/printf/printf.c         0x00000000   Number         0  printf1.o ABSOLUTE
    ../clib/microlib/printf/printf.c         0x00000000   Number         0  printf7.o ABSOLUTE
    ../clib/microlib/printf/printf.c         0x00000000   Number         0  printf0.o ABSOLUTE
    ../clib/microlib/printf/printf.c         0x00000000   Number         0  printfb.o ABSOLUTE
    ../clib/microlib/printf/printf.c         0x00000000   Number         0  printfa.o ABSOLUTE
    ../clib/microlib/printf/printf.c         0x00000000   Number         0  printf8.o ABSOLUTE
    ../clib/microlib/printf/printf.c         0x00000000   Number         0  printf4.o ABSOLUTE
    ../clib/microlib/printf/printf.c         0x00000000   Number         0  printf5.o ABSOLUTE
    ../clib/microlib/printf/printf.c         0x00000000   Number         0  printf6.o ABSOLUTE
    ../clib/microlib/stdio/streams.c         0x00000000   Number         0  stdout.o ABSOLUTE
    ../clib/microlib/string/memcpy.c         0x00000000   Number         0  memcpya.o ABSOLUTE
    ../clib/microlib/string/memcpy.c         0x00000000   Number         0  memcpyb.o ABSOLUTE
    ../clib/microlib/string/memset.c         0x00000000   Number         0  memseta.o ABSOLUTE
    ../clib/microlib/string/strlen.c         0x00000000   Number         0  strlen.o ABSOLUTE
    ../clib/microlib/stubs.s                 0x00000000   Number         0  iusefp.o ABSOLUTE
    ../fplib/microlib/fpadd.c                0x00000000   Number         0  dadd.o ABSOLUTE
    ../fplib/microlib/fpdiv.c                0x00000000   Number         0  ddiv.o ABSOLUTE
    ../fplib/microlib/fpepilogue.c           0x00000000   Number         0  depilogue.o ABSOLUTE
    ../fplib/microlib/fpfix.c                0x00000000   Number         0  dfixul.o ABSOLUTE
    ../fplib/microlib/fpmul.c                0x00000000   Number         0  dmul.o ABSOLUTE
    ..\AES\hal_aes_api.c                     0x00000000   Number         0  hal_aes_api.o ABSOLUTE
    ..\AES\soft_aes.c                        0x00000000   Number         0  soft_aes.o ABSOLUTE
    ..\GD32\CMSIS\GD\GD32F30x\Source\ARM\startup_gd32f30x_hd.s 0x00000000   Number         0  startup_gd32f30x_hd.o ABSOLUTE
    ..\GD32\CMSIS\GD\GD32F30x\Source\system_gd32f30x.c 0x00000000   Number         0  system_gd32f30x.o ABSOLUTE
    ..\GD32\GD32F30x_standard_peripheral\Source\gd32f30x_adc.c 0x00000000   Number         0  gd32f30x_adc.o ABSOLUTE
    ..\GD32\GD32F30x_standard_peripheral\Source\gd32f30x_bkp.c 0x00000000   Number         0  gd32f30x_bkp.o ABSOLUTE
    ..\GD32\GD32F30x_standard_peripheral\Source\gd32f30x_can.c 0x00000000   Number         0  gd32f30x_can.o ABSOLUTE
    ..\GD32\GD32F30x_standard_peripheral\Source\gd32f30x_crc.c 0x00000000   Number         0  gd32f30x_crc.o ABSOLUTE
    ..\GD32\GD32F30x_standard_peripheral\Source\gd32f30x_ctc.c 0x00000000   Number         0  gd32f30x_ctc.o ABSOLUTE
    ..\GD32\GD32F30x_standard_peripheral\Source\gd32f30x_dac.c 0x00000000   Number         0  gd32f30x_dac.o ABSOLUTE
    ..\GD32\GD32F30x_standard_peripheral\Source\gd32f30x_dbg.c 0x00000000   Number         0  gd32f30x_dbg.o ABSOLUTE
    ..\GD32\GD32F30x_standard_peripheral\Source\gd32f30x_dma.c 0x00000000   Number         0  gd32f30x_dma.o ABSOLUTE
    ..\GD32\GD32F30x_standard_peripheral\Source\gd32f30x_enet.c 0x00000000   Number         0  gd32f30x_enet.o ABSOLUTE
    ..\GD32\GD32F30x_standard_peripheral\Source\gd32f30x_exmc.c 0x00000000   Number         0  gd32f30x_exmc.o ABSOLUTE
    ..\GD32\GD32F30x_standard_peripheral\Source\gd32f30x_exti.c 0x00000000   Number         0  gd32f30x_exti.o ABSOLUTE
    ..\GD32\GD32F30x_standard_peripheral\Source\gd32f30x_fmc.c 0x00000000   Number         0  gd32f30x_fmc.o ABSOLUTE
    ..\GD32\GD32F30x_standard_peripheral\Source\gd32f30x_fwdgt.c 0x00000000   Number         0  gd32f30x_fwdgt.o ABSOLUTE
    ..\GD32\GD32F30x_standard_peripheral\Source\gd32f30x_gpio.c 0x00000000   Number         0  gd32f30x_gpio.o ABSOLUTE
    ..\GD32\GD32F30x_standard_peripheral\Source\gd32f30x_i2c.c 0x00000000   Number         0  gd32f30x_i2c.o ABSOLUTE
    ..\GD32\GD32F30x_standard_peripheral\Source\gd32f30x_misc.c 0x00000000   Number         0  gd32f30x_misc.o ABSOLUTE
    ..\GD32\GD32F30x_standard_peripheral\Source\gd32f30x_pmu.c 0x00000000   Number         0  gd32f30x_pmu.o ABSOLUTE
    ..\GD32\GD32F30x_standard_peripheral\Source\gd32f30x_rcu.c 0x00000000   Number         0  gd32f30x_rcu.o ABSOLUTE
    ..\GD32\GD32F30x_standard_peripheral\Source\gd32f30x_rtc.c 0x00000000   Number         0  gd32f30x_rtc.o ABSOLUTE
    ..\GD32\GD32F30x_standard_peripheral\Source\gd32f30x_sdio.c 0x00000000   Number         0  gd32f30x_sdio.o ABSOLUTE
    ..\GD32\GD32F30x_standard_peripheral\Source\gd32f30x_spi.c 0x00000000   Number         0  gd32f30x_spi.o ABSOLUTE
    ..\GD32\GD32F30x_standard_peripheral\Source\gd32f30x_timer.c 0x00000000   Number         0  gd32f30x_timer.o ABSOLUTE
    ..\GD32\GD32F30x_standard_peripheral\Source\gd32f30x_usart.c 0x00000000   Number         0  gd32f30x_usart.o ABSOLUTE
    ..\GD32\GD32F30x_standard_peripheral\Source\gd32f30x_wwdgt.c 0x00000000   Number         0  gd32f30x_wwdgt.o ABSOLUTE
    ..\Src\gd32f30x_it.c                     0x00000000   Number         0  gd32f30x_it.o ABSOLUTE
    ..\Src\gpio.c                            0x00000000   Number         0  gpio.o ABSOLUTE
    ..\Src\main.c                            0x00000000   Number         0  main.o ABSOLUTE
    ..\Src\systick.c                         0x00000000   Number         0  systick.o ABSOLUTE
    ..\Src\usart.c                           0x00000000   Number         0  usart.o ABSOLUTE
    ..\\GD32\\CMSIS\\GD\\GD32F30x\\Source\\system_gd32f30x.c 0x00000000   Number         0  system_gd32f30x.o ABSOLUTE
    ..\\GD32\\GD32F30x_standard_peripheral\\Source\\gd32f30x_adc.c 0x00000000   Number         0  gd32f30x_adc.o ABSOLUTE
    ..\\GD32\\GD32F30x_standard_peripheral\\Source\\gd32f30x_bkp.c 0x00000000   Number         0  gd32f30x_bkp.o ABSOLUTE
    ..\\GD32\\GD32F30x_standard_peripheral\\Source\\gd32f30x_can.c 0x00000000   Number         0  gd32f30x_can.o ABSOLUTE
    ..\\GD32\\GD32F30x_standard_peripheral\\Source\\gd32f30x_crc.c 0x00000000   Number         0  gd32f30x_crc.o ABSOLUTE
    ..\\GD32\\GD32F30x_standard_peripheral\\Source\\gd32f30x_ctc.c 0x00000000   Number         0  gd32f30x_ctc.o ABSOLUTE
    ..\\GD32\\GD32F30x_standard_peripheral\\Source\\gd32f30x_dac.c 0x00000000   Number         0  gd32f30x_dac.o ABSOLUTE
    ..\\GD32\\GD32F30x_standard_peripheral\\Source\\gd32f30x_dbg.c 0x00000000   Number         0  gd32f30x_dbg.o ABSOLUTE
    ..\\GD32\\GD32F30x_standard_peripheral\\Source\\gd32f30x_dma.c 0x00000000   Number         0  gd32f30x_dma.o ABSOLUTE
    ..\\GD32\\GD32F30x_standard_peripheral\\Source\\gd32f30x_enet.c 0x00000000   Number         0  gd32f30x_enet.o ABSOLUTE
    ..\\GD32\\GD32F30x_standard_peripheral\\Source\\gd32f30x_exmc.c 0x00000000   Number         0  gd32f30x_exmc.o ABSOLUTE
    ..\\GD32\\GD32F30x_standard_peripheral\\Source\\gd32f30x_exti.c 0x00000000   Number         0  gd32f30x_exti.o ABSOLUTE
    ..\\GD32\\GD32F30x_standard_peripheral\\Source\\gd32f30x_fmc.c 0x00000000   Number         0  gd32f30x_fmc.o ABSOLUTE
    ..\\GD32\\GD32F30x_standard_peripheral\\Source\\gd32f30x_fwdgt.c 0x00000000   Number         0  gd32f30x_fwdgt.o ABSOLUTE
    ..\\GD32\\GD32F30x_standard_peripheral\\Source\\gd32f30x_gpio.c 0x00000000   Number         0  gd32f30x_gpio.o ABSOLUTE
    ..\\GD32\\GD32F30x_standard_peripheral\\Source\\gd32f30x_i2c.c 0x00000000   Number         0  gd32f30x_i2c.o ABSOLUTE
    ..\\GD32\\GD32F30x_standard_peripheral\\Source\\gd32f30x_misc.c 0x00000000   Number         0  gd32f30x_misc.o ABSOLUTE
    ..\\GD32\\GD32F30x_standard_peripheral\\Source\\gd32f30x_pmu.c 0x00000000   Number         0  gd32f30x_pmu.o ABSOLUTE
    ..\\GD32\\GD32F30x_standard_peripheral\\Source\\gd32f30x_rcu.c 0x00000000   Number         0  gd32f30x_rcu.o ABSOLUTE
    ..\\GD32\\GD32F30x_standard_peripheral\\Source\\gd32f30x_rtc.c 0x00000000   Number         0  gd32f30x_rtc.o ABSOLUTE
    ..\\GD32\\GD32F30x_standard_peripheral\\Source\\gd32f30x_sdio.c 0x00000000   Number         0  gd32f30x_sdio.o ABSOLUTE
    ..\\GD32\\GD32F30x_standard_peripheral\\Source\\gd32f30x_spi.c 0x00000000   Number         0  gd32f30x_spi.o ABSOLUTE
    ..\\GD32\\GD32F30x_standard_peripheral\\Source\\gd32f30x_timer.c 0x00000000   Number         0  gd32f30x_timer.o ABSOLUTE
    ..\\GD32\\GD32F30x_standard_peripheral\\Source\\gd32f30x_usart.c 0x00000000   Number         0  gd32f30x_usart.o ABSOLUTE
    ..\\GD32\\GD32F30x_standard_peripheral\\Source\\gd32f30x_wwdgt.c 0x00000000   Number         0  gd32f30x_wwdgt.o ABSOLUTE
    ..\\Src\\gd32f30x_it.c                   0x00000000   Number         0  gd32f30x_it.o ABSOLUTE
    ..\\Src\\gpio.c                          0x00000000   Number         0  gpio.o ABSOLUTE
    ..\\Src\\main.c                          0x00000000   Number         0  main.o ABSOLUTE
    ..\\Src\\systick.c                       0x00000000   Number         0  systick.o ABSOLUTE
    ..\\Src\\usart.c                         0x00000000   Number         0  usart.o ABSOLUTE
    F:\Keil_v5\ARM\PACK\ARM\CMSIS-FreeRTOS\10.3.1\CMSIS\RTOS2\FreeRTOS\Source\freertos_evr.c 0x00000000   Number         0  freertos_evr.o ABSOLUTE
    F:\Keil_v5\ARM\PACK\ARM\CMSIS-FreeRTOS\10.3.1\Source\list.c 0x00000000   Number         0  list.o ABSOLUTE
    F:\Keil_v5\ARM\PACK\ARM\CMSIS-FreeRTOS\10.3.1\Source\portable\MemMang\heap_4.c 0x00000000   Number         0  heap_4.o ABSOLUTE
    F:\Keil_v5\ARM\PACK\ARM\CMSIS-FreeRTOS\10.3.1\Source\portable\RVDS\ARM_CM4F\port.c 0x00000000   Number         0  port.o ABSOLUTE
    F:\Keil_v5\ARM\PACK\ARM\CMSIS-FreeRTOS\10.3.1\Source\queue.c 0x00000000   Number         0  queue.o ABSOLUTE
    F:\Keil_v5\ARM\PACK\ARM\CMSIS-FreeRTOS\10.3.1\Source\tasks.c 0x00000000   Number         0  tasks.o ABSOLUTE
    F:\\Keil_v5\\ARM\\PACK\\ARM\\CMSIS-FreeRTOS\\10.3.1\\Source\\portable\\RVDS\\ARM_CM4F\\port.c 0x00000000   Number         0  port.o ABSOLUTE
    cdrcmple.s                               0x00000000   Number         0  cdrcmple.o ABSOLUTE
    dc.s                                     0x00000000   Number         0  dc.o ABSOLUTE
    handlers.s                               0x00000000   Number         0  handlers.o ABSOLUTE
    init.s                                   0x00000000   Number         0  init.o ABSOLUTE
    RESET                                    0x08000000   Section      304  startup_gd32f30x_hd.o(RESET)
    .ARM.Collect$$$$00000000                 0x08000130   Section        0  entry.o(.ARM.Collect$$$$00000000)
    .ARM.Collect$$$$00000001                 0x08000130   Section        4  entry2.o(.ARM.Collect$$$$00000001)
    .ARM.Collect$$$$00000004                 0x08000134   Section        4  entry5.o(.ARM.Collect$$$$00000004)
    .ARM.Collect$$$$00000008                 0x08000138   Section        0  entry7b.o(.ARM.Collect$$$$00000008)
    .ARM.Collect$$$$0000000A                 0x08000138   Section        0  entry8b.o(.ARM.Collect$$$$0000000A)
    .ARM.Collect$$$$0000000B                 0x08000138   Section        8  entry9a.o(.ARM.Collect$$$$0000000B)
    .ARM.Collect$$$$0000000D                 0x08000140   Section        0  entry10a.o(.ARM.Collect$$$$0000000D)
    .ARM.Collect$$$$0000000F                 0x08000140   Section        0  entry11a.o(.ARM.Collect$$$$0000000F)
    .ARM.Collect$$$$00002712                 0x08000140   Section        4  entry2.o(.ARM.Collect$$$$00002712)
    __lit__00000000                          0x08000140   Data           4  entry2.o(.ARM.Collect$$$$00002712)
    .emb_text                                0x08000144   Section      190  port.o(.emb_text)
    $v0                                      0x08000144   Number         0  port.o(.emb_text)
    .text                                    0x08000204   Section       36  startup_gd32f30x_hd.o(.text)
    $v0                                      0x08000204   Number         0  startup_gd32f30x_hd.o(.text)
    .text                                    0x08000228   Section        0  memseta.o(.text)
    .text                                    0x0800024c   Section        0  uidiv.o(.text)
    .text                                    0x08000278   Section        0  uldiv.o(.text)
    .text                                    0x080002da   Section        0  iusefp.o(.text)
    .text                                    0x080002da   Section        0  dadd.o(.text)
    .text                                    0x08000428   Section        0  dmul.o(.text)
    .text                                    0x0800050c   Section        0  ddiv.o(.text)
    .text                                    0x080005ea   Section        0  dfixul.o(.text)
    .text                                    0x0800061c   Section       48  cdrcmple.o(.text)
    .text                                    0x0800064c   Section       36  init.o(.text)
    .text                                    0x08000670   Section        0  llshl.o(.text)
    .text                                    0x0800068e   Section        0  llushr.o(.text)
    .text                                    0x080006ae   Section        0  llsshr.o(.text)
    .text                                    0x080006d2   Section        0  depilogue.o(.text)
    i.BusFault_Handler                       0x0800078c   Section        0  gd32f30x_it.o(i.BusFault_Handler)
    i.DebugMon_Handler                       0x08000790   Section        0  gd32f30x_it.o(i.DebugMon_Handler)
    i.HardFault_Handler                      0x08000792   Section        0  gd32f30x_it.o(i.HardFault_Handler)
    i.MemManage_Handler                      0x08000796   Section        0  gd32f30x_it.o(i.MemManage_Handler)
    i.NMI_Handler                            0x0800079a   Section        0  gd32f30x_it.o(i.NMI_Handler)
    i.SysTick_Handler                        0x0800079c   Section        0  port.o(i.SysTick_Handler)
    i.SystemCoreClockUpdate                  0x080007d0   Section        0  system_gd32f30x.o(i.SystemCoreClockUpdate)
    i.SystemInit                             0x08000888   Section        0  system_gd32f30x.o(i.SystemInit)
    i.TIM1_Config                            0x080008f8   Section        0  main.o(i.TIM1_Config)
    i.TIMER5_IRQHandler                      0x0800094c   Section        0  main.o(i.TIMER5_IRQHandler)
    i.USART1_IRQHandler                      0x08000988   Section        0  usart.o(i.USART1_IRQHandler)
    i.UsageFault_Handler                     0x080009e0   Section        0  gd32f30x_it.o(i.UsageFault_Handler)
    i.__0printf                              0x080009e4   Section        0  printfa.o(i.__0printf)
    i.__scatterload_copy                     0x08000a04   Section       14  handlers.o(i.__scatterload_copy)
    i.__scatterload_null                     0x08000a12   Section        2  handlers.o(i.__scatterload_null)
    i.__scatterload_zeroinit                 0x08000a14   Section       14  handlers.o(i.__scatterload_zeroinit)
    i._fp_digits                             0x08000a24   Section        0  printfa.o(i._fp_digits)
    _fp_digits                               0x08000a25   Thumb Code   366  printfa.o(i._fp_digits)
    i._printf_core                           0x08000ba8   Section        0  printfa.o(i._printf_core)
    _printf_core                             0x08000ba9   Thumb Code  1744  printfa.o(i._printf_core)
    i._printf_post_padding                   0x08001284   Section        0  printfa.o(i._printf_post_padding)
    _printf_post_padding                     0x08001285   Thumb Code    36  printfa.o(i._printf_post_padding)
    i._printf_pre_padding                    0x080012a8   Section        0  printfa.o(i._printf_pre_padding)
    _printf_pre_padding                      0x080012a9   Thumb Code    46  printfa.o(i._printf_pre_padding)
    i.app_main                               0x080012d8   Section        0  main.o(i.app_main)
    i.delay_us                               0x0800132c   Section        0  systick.o(i.delay_us)
    i.eTaskConfirmSleepModeStatus            0x08001370   Section        0  tasks.o(i.eTaskConfirmSleepModeStatus)
    i.fputc                                  0x080013ac   Section        0  usart.o(i.fputc)
    i.gpio_bit_reset                         0x080013d0   Section        0  gd32f30x_gpio.o(i.gpio_bit_reset)
    i.gpio_bit_write                         0x080013d4   Section        0  gd32f30x_gpio.o(i.gpio_bit_write)
    i.gpio_config                            0x080013e0   Section        0  gpio.o(i.gpio_config)
    i.gpio_deinit                            0x08001430   Section        0  gd32f30x_gpio.o(i.gpio_deinit)
    i.gpio_init                              0x080014f4   Section        0  gd32f30x_gpio.o(i.gpio_init)
    i.gpio_input_bit_get                     0x080015b0   Section        0  gd32f30x_gpio.o(i.gpio_input_bit_get)
    i.gpio_output_bit_get                    0x080015c0   Section        0  gd32f30x_gpio.o(i.gpio_output_bit_get)
    i.gpio_pin_remap_config                  0x080015d0   Section        0  gd32f30x_gpio.o(i.gpio_pin_remap_config)
    i.jump_to_app                            0x08001660   Section        0  main.o(i.jump_to_app)
    i.main                                   0x08001684   Section        0  main.o(i.main)
    i.nvic_irq_enable                        0x080016c8   Section        0  gd32f30x_misc.o(i.nvic_irq_enable)
    i.nvic_priority_group_set                0x0800178c   Section        0  gd32f30x_misc.o(i.nvic_priority_group_set)
    i.prvAddCurrentTaskToDelayedList         0x080017a0   Section        0  tasks.o(i.prvAddCurrentTaskToDelayedList)
    prvAddCurrentTaskToDelayedList           0x080017a1   Thumb Code   134  tasks.o(i.prvAddCurrentTaskToDelayedList)
    i.prvAddNewTaskToReadyList               0x08001844   Section        0  tasks.o(i.prvAddNewTaskToReadyList)
    prvAddNewTaskToReadyList                 0x08001845   Thumb Code   156  tasks.o(i.prvAddNewTaskToReadyList)
    i.prvCheckTasksWaitingTermination        0x080018fc   Section        0  tasks.o(i.prvCheckTasksWaitingTermination)
    prvCheckTasksWaitingTermination          0x080018fd   Thumb Code    60  tasks.o(i.prvCheckTasksWaitingTermination)
    i.prvDeleteTCB                           0x08001944   Section        0  tasks.o(i.prvDeleteTCB)
    prvDeleteTCB                             0x08001945   Thumb Code    18  tasks.o(i.prvDeleteTCB)
    i.prvGetExpectedIdleTime                 0x08001958   Section        0  tasks.o(i.prvGetExpectedIdleTime)
    prvGetExpectedIdleTime                   0x08001959   Thumb Code    56  tasks.o(i.prvGetExpectedIdleTime)
    i.prvHeapInit                            0x080019a4   Section        0  heap_4.o(i.prvHeapInit)
    prvHeapInit                              0x080019a5   Thumb Code    98  heap_4.o(i.prvHeapInit)
    i.prvIdleTask                            0x08001a20   Section        0  tasks.o(i.prvIdleTask)
    prvIdleTask                              0x08001a21   Thumb Code   108  tasks.o(i.prvIdleTask)
    i.prvInitialiseNewTask                   0x08001a9c   Section        0  tasks.o(i.prvInitialiseNewTask)
    prvInitialiseNewTask                     0x08001a9d   Thumb Code   194  tasks.o(i.prvInitialiseNewTask)
    i.prvInitialiseTaskLists                 0x08001b60   Section        0  tasks.o(i.prvInitialiseTaskLists)
    prvInitialiseTaskLists                   0x08001b61   Thumb Code    70  tasks.o(i.prvInitialiseTaskLists)
    i.prvInsertBlockIntoFreeList             0x08001bc8   Section        0  heap_4.o(i.prvInsertBlockIntoFreeList)
    prvInsertBlockIntoFreeList               0x08001bc9   Thumb Code    96  heap_4.o(i.prvInsertBlockIntoFreeList)
    i.prvResetNextTaskUnblockTime            0x08001c30   Section        0  tasks.o(i.prvResetNextTaskUnblockTime)
    prvResetNextTaskUnblockTime              0x08001c31   Thumb Code    42  tasks.o(i.prvResetNextTaskUnblockTime)
    i.prvTaskExitError                       0x08001c64   Section        0  port.o(i.prvTaskExitError)
    prvTaskExitError                         0x08001c65   Thumb Code    60  port.o(i.prvTaskExitError)
    i.pvPortMalloc                           0x08001ca4   Section        0  heap_4.o(i.pvPortMalloc)
    i.pxPortInitialiseStack                  0x08001df0   Section        0  port.o(i.pxPortInitialiseStack)
    i.rcu_clock_freq_get                     0x08001e1c   Section        0  gd32f30x_rcu.o(i.rcu_clock_freq_get)
    i.rcu_periph_clock_enable                0x08001f74   Section        0  gd32f30x_rcu.o(i.rcu_periph_clock_enable)
    i.rcu_periph_reset_disable               0x08001f94   Section        0  gd32f30x_rcu.o(i.rcu_periph_reset_disable)
    i.rcu_periph_reset_enable                0x08001fb4   Section        0  gd32f30x_rcu.o(i.rcu_periph_reset_enable)
    i.system_clock_120m_hxtal                0x08001fd4   Section        0  system_gd32f30x.o(i.system_clock_120m_hxtal)
    system_clock_120m_hxtal                  0x08001fd5   Thumb Code   258  system_gd32f30x.o(i.system_clock_120m_hxtal)
    i.system_clock_config                    0x080020e8   Section        0  system_gd32f30x.o(i.system_clock_config)
    system_clock_config                      0x080020e9   Thumb Code     8  system_gd32f30x.o(i.system_clock_config)
    i.systick_deinit                         0x080020f0   Section        0  systick.o(i.systick_deinit)
    i.thread_KEY                             0x08002100   Section        0  main.o(i.thread_KEY)
    i.thread_LED                             0x08002208   Section        0  main.o(i.thread_LED)
    i.timer_counter_value_config             0x0800231c   Section        0  gd32f30x_timer.o(i.timer_counter_value_config)
    i.timer_deinit                           0x08002320   Section        0  gd32f30x_timer.o(i.timer_deinit)
    i.timer_disable                          0x080023fc   Section        0  gd32f30x_timer.o(i.timer_disable)
    i.timer_enable                           0x08002406   Section        0  gd32f30x_timer.o(i.timer_enable)
    i.timer_init                             0x08002410   Section        0  gd32f30x_timer.o(i.timer_init)
    i.timer_interrupt_enable                 0x080024a8   Section        0  gd32f30x_timer.o(i.timer_interrupt_enable)
    i.timer_interrupt_flag_clear             0x080024b0   Section        0  gd32f30x_timer.o(i.timer_interrupt_flag_clear)
    i.timer_interrupt_flag_get               0x080024b6   Section        0  gd32f30x_timer.o(i.timer_interrupt_flag_get)
    i.usart0_config                          0x080024d0   Section        0  usart.o(i.usart0_config)
    i.usart1_config                          0x08002530   Section        0  usart.o(i.usart1_config)
    i.usart1_sendata                         0x080025a0   Section        0  usart.o(i.usart1_sendata)
    i.usart_baudrate_set                     0x080025d0   Section        0  gd32f30x_usart.o(i.usart_baudrate_set)
    i.usart_data_receive                     0x08002660   Section        0  gd32f30x_usart.o(i.usart_data_receive)
    i.usart_data_transmit                    0x0800266a   Section        0  gd32f30x_usart.o(i.usart_data_transmit)
    i.usart_deinit                           0x08002674   Section        0  gd32f30x_usart.o(i.usart_deinit)
    i.usart_enable                           0x08002704   Section        0  gd32f30x_usart.o(i.usart_enable)
    i.usart_flag_get                         0x0800270e   Section        0  gd32f30x_usart.o(i.usart_flag_get)
    i.usart_interrupt_enable                 0x0800272c   Section        0  gd32f30x_usart.o(i.usart_interrupt_enable)
    i.usart_interrupt_flag_clear             0x08002746   Section        0  gd32f30x_usart.o(i.usart_interrupt_flag_clear)
    i.usart_interrupt_flag_get               0x08002760   Section        0  gd32f30x_usart.o(i.usart_interrupt_flag_get)
    i.usart_receive_config                   0x08002798   Section        0  gd32f30x_usart.o(i.usart_receive_config)
    i.usart_transmit_config                  0x080027a8   Section        0  gd32f30x_usart.o(i.usart_transmit_config)
    i.uxListRemove                           0x080027b8   Section        0  list.o(i.uxListRemove)
    i.vListInitialise                        0x080027e0   Section        0  list.o(i.vListInitialise)
    i.vListInitialiseItem                    0x080027fa   Section        0  list.o(i.vListInitialiseItem)
    i.vListInsert                            0x08002800   Section        0  list.o(i.vListInsert)
    i.vListInsertEnd                         0x08002834   Section        0  list.o(i.vListInsertEnd)
    i.vPortEnterCritical                     0x0800284c   Section        0  port.o(i.vPortEnterCritical)
    i.vPortExitCritical                      0x080028a0   Section        0  port.o(i.vPortExitCritical)
    i.vPortFree                              0x080028dc   Section        0  heap_4.o(i.vPortFree)
    i.vPortSetupTimerInterrupt               0x08002980   Section        0  port.o(i.vPortSetupTimerInterrupt)
    i.vPortSuppressTicksAndSleep             0x080029e8   Section        0  port.o(i.vPortSuppressTicksAndSleep)
    i.vTaskDelay                             0x08002b34   Section        0  tasks.o(i.vTaskDelay)
    i.vTaskDelete                            0x08002b90   Section        0  tasks.o(i.vTaskDelete)
    i.vTaskStartScheduler                    0x08002c84   Section        0  tasks.o(i.vTaskStartScheduler)
    i.vTaskStepTick                          0x08002d0c   Section        0  tasks.o(i.vTaskStepTick)
    i.vTaskSuspendAll                        0x08002d4c   Section        0  tasks.o(i.vTaskSuspendAll)
    i.vTaskSwitchContext                     0x08002d5c   Section        0  tasks.o(i.vTaskSwitchContext)
    i.xPortStartScheduler                    0x08002de8   Section        0  port.o(i.xPortStartScheduler)
    i.xTaskCreate                            0x08002f50   Section        0  tasks.o(i.xTaskCreate)
    i.xTaskGenericNotify                     0x08002fb0   Section        0  tasks.o(i.xTaskGenericNotify)
    i.xTaskIncrementTick                     0x080030dc   Section        0  tasks.o(i.xTaskIncrementTick)
    i.xTaskNotifyWait                        0x08003224   Section        0  tasks.o(i.xTaskNotifyWait)
    i.xTaskResumeAll                         0x080032c4   Section        0  tasks.o(i.xTaskResumeAll)
    .data                                    0x20000000   Section        8  main.o(.data)
    .data                                    0x20000008   Section        5  usart.o(.data)
    .data                                    0x20000010   Section        4  system_gd32f30x.o(.data)
    .data                                    0x20000014   Section       32  heap_4.o(.data)
    xStart                                   0x20000014   Data           8  heap_4.o(.data)
    pxEnd                                    0x2000001c   Data           4  heap_4.o(.data)
    xFreeBytesRemaining                      0x20000020   Data           4  heap_4.o(.data)
    xMinimumEverFreeBytesRemaining           0x20000024   Data           4  heap_4.o(.data)
    xNumberOfSuccessfulAllocations           0x20000028   Data           4  heap_4.o(.data)
    xNumberOfSuccessfulFrees                 0x2000002c   Data           4  heap_4.o(.data)
    xBlockAllocatedBit                       0x20000030   Data           4  heap_4.o(.data)
    .data                                    0x20000034   Section       24  port.o(.data)
    uxCriticalNesting                        0x20000034   Data           4  port.o(.data)
    ulTimerCountsForOneTick                  0x20000038   Data           4  port.o(.data)
    xMaximumPossibleSuppressedTicks          0x2000003c   Data           4  port.o(.data)
    ulStoppedTimerCompensation               0x20000040   Data           4  port.o(.data)
    ucMaxSysCallPriority                     0x20000044   Data           1  port.o(.data)
    ulMaxPRIGROUPValue                       0x20000048   Data           4  port.o(.data)
    .data                                    0x2000004c   Section       60  tasks.o(.data)
    pxDelayedTaskList                        0x20000050   Data           4  tasks.o(.data)
    pxOverflowDelayedTaskList                0x20000054   Data           4  tasks.o(.data)
    uxDeletedTasksWaitingCleanUp             0x20000058   Data           4  tasks.o(.data)
    uxCurrentNumberOfTasks                   0x2000005c   Data           4  tasks.o(.data)
    xTickCount                               0x20000060   Data           4  tasks.o(.data)
    uxTopReadyPriority                       0x20000064   Data           4  tasks.o(.data)
    xSchedulerRunning                        0x20000068   Data           4  tasks.o(.data)
    xPendedTicks                             0x2000006c   Data           4  tasks.o(.data)
    xYieldPending                            0x20000070   Data           4  tasks.o(.data)
    xNumOfOverflows                          0x20000074   Data           4  tasks.o(.data)
    uxTaskNumber                             0x20000078   Data           4  tasks.o(.data)
    xNextTaskUnblockTime                     0x2000007c   Data           4  tasks.o(.data)
    xIdleTaskHandle                          0x20000080   Data           4  tasks.o(.data)
    uxSchedulerSuspended                     0x20000084   Data           4  tasks.o(.data)
    .data                                    0x20000088   Section        4  stdout.o(.data)
    .bss                                     0x2000008c   Section      512  usart.o(.bss)
    .bss                                     0x2000028c   Section    17408  heap_4.o(.bss)
    ucHeap                                   0x2000028c   Data       17408  heap_4.o(.bss)
    .bss                                     0x2000468c   Section      200  tasks.o(.bss)
    pxReadyTasksLists                        0x2000468c   Data         100  tasks.o(.bss)
    xDelayedTaskList1                        0x200046f0   Data          20  tasks.o(.bss)
    xDelayedTaskList2                        0x20004704   Data          20  tasks.o(.bss)
    xPendingReadyList                        0x20004718   Data          20  tasks.o(.bss)
    xTasksWaitingTermination                 0x2000472c   Data          20  tasks.o(.bss)
    xSuspendedTaskList                       0x20004740   Data          20  tasks.o(.bss)
    STACK                                    0x20004758   Section     1024  startup_gd32f30x_hd.o(STACK)

    Global Symbols

    Symbol Name                              Value     Ov Type        Size  Object(Section)

    BuildAttributes$$THM_ISAv4$E$P$D$K$B$S$7EM$VFPi3$EXTD16$VFPS$VFMA$PE$A:L22UL41UL21$X:L11$S22US41US21$IEEE1$IW$USESV6$~STKCKD$USESV7$~SHL$OSPACE$ROPI$EBA8$MICROLIB$REQ8$PRES8$EABIv2 0x00000000   Number         0  anon$$obj.o ABSOLUTE
    __ARM_use_no_argv                        0x00000000   Number         0  main.o ABSOLUTE
    __cpp_initialize__aeabi_                  - Undefined Weak Reference
    __cxa_finalize                            - Undefined Weak Reference
    __decompress                              - Undefined Weak Reference
    _clock_init                               - Undefined Weak Reference
    _microlib_exit                            - Undefined Weak Reference
    __Vectors_Size                           0x00000130   Number         0  startup_gd32f30x_hd.o ABSOLUTE
    __Vectors                                0x08000000   Data           4  startup_gd32f30x_hd.o(RESET)
    __Vectors_End                            0x08000130   Data           0  startup_gd32f30x_hd.o(RESET)
    __main                                   0x08000131   Thumb Code     0  entry.o(.ARM.Collect$$$$00000000)
    _main_stk                                0x08000131   Thumb Code     0  entry2.o(.ARM.Collect$$$$00000001)
    _main_scatterload                        0x08000135   Thumb Code     0  entry5.o(.ARM.Collect$$$$00000004)
    __main_after_scatterload                 0x08000139   Thumb Code     0  entry5.o(.ARM.Collect$$$$00000004)
    _main_clock                              0x08000139   Thumb Code     0  entry7b.o(.ARM.Collect$$$$00000008)
    _main_cpp_init                           0x08000139   Thumb Code     0  entry8b.o(.ARM.Collect$$$$0000000A)
    _main_init                               0x08000139   Thumb Code     0  entry9a.o(.ARM.Collect$$$$0000000B)
    __rt_final_cpp                           0x08000141   Thumb Code     0  entry10a.o(.ARM.Collect$$$$0000000D)
    __rt_final_exit                          0x08000141   Thumb Code     0  entry11a.o(.ARM.Collect$$$$0000000F)
    SVC_Handler                              0x08000145   Thumb Code    28  port.o(.emb_text)
    __asm___6_port_c_39a90d8d__prvStartFirstTask 0x08000165   Thumb Code    36  port.o(.emb_text)
    __asm___6_port_c_39a90d8d__prvEnableVFP  0x0800018d   Thumb Code    16  port.o(.emb_text)
    PendSV_Handler                           0x080001a1   Thumb Code    88  port.o(.emb_text)
    vPortGetIPSR                             0x080001fd   Thumb Code     6  port.o(.emb_text)
    Reset_Handler                            0x08000205   Thumb Code     8  startup_gd32f30x_hd.o(.text)
    ADC0_1_IRQHandler                        0x0800021f   Thumb Code     0  startup_gd32f30x_hd.o(.text)
    ADC2_IRQHandler                          0x0800021f   Thumb Code     0  startup_gd32f30x_hd.o(.text)
    CAN0_EWMC_IRQHandler                     0x0800021f   Thumb Code     0  startup_gd32f30x_hd.o(.text)
    CAN0_RX1_IRQHandler                      0x0800021f   Thumb Code     0  startup_gd32f30x_hd.o(.text)
    DMA0_Channel0_IRQHandler                 0x0800021f   Thumb Code     0  startup_gd32f30x_hd.o(.text)
    DMA0_Channel1_IRQHandler                 0x0800021f   Thumb Code     0  startup_gd32f30x_hd.o(.text)
    DMA0_Channel2_IRQHandler                 0x0800021f   Thumb Code     0  startup_gd32f30x_hd.o(.text)
    DMA0_Channel3_IRQHandler                 0x0800021f   Thumb Code     0  startup_gd32f30x_hd.o(.text)
    DMA0_Channel4_IRQHandler                 0x0800021f   Thumb Code     0  startup_gd32f30x_hd.o(.text)
    DMA0_Channel5_IRQHandler                 0x0800021f   Thumb Code     0  startup_gd32f30x_hd.o(.text)
    DMA0_Channel6_IRQHandler                 0x0800021f   Thumb Code     0  startup_gd32f30x_hd.o(.text)
    DMA1_Channel0_IRQHandler                 0x0800021f   Thumb Code     0  startup_gd32f30x_hd.o(.text)
    DMA1_Channel1_IRQHandler                 0x0800021f   Thumb Code     0  startup_gd32f30x_hd.o(.text)
    DMA1_Channel2_IRQHandler                 0x0800021f   Thumb Code     0  startup_gd32f30x_hd.o(.text)
    DMA1_Channel3_4_IRQHandler               0x0800021f   Thumb Code     0  startup_gd32f30x_hd.o(.text)
    EXMC_IRQHandler                          0x0800021f   Thumb Code     0  startup_gd32f30x_hd.o(.text)
    EXTI0_IRQHandler                         0x0800021f   Thumb Code     0  startup_gd32f30x_hd.o(.text)
    EXTI10_15_IRQHandler                     0x0800021f   Thumb Code     0  startup_gd32f30x_hd.o(.text)
    EXTI1_IRQHandler                         0x0800021f   Thumb Code     0  startup_gd32f30x_hd.o(.text)
    EXTI2_IRQHandler                         0x0800021f   Thumb Code     0  startup_gd32f30x_hd.o(.text)
    EXTI3_IRQHandler                         0x0800021f   Thumb Code     0  startup_gd32f30x_hd.o(.text)
    EXTI4_IRQHandler                         0x0800021f   Thumb Code     0  startup_gd32f30x_hd.o(.text)
    EXTI5_9_IRQHandler                       0x0800021f   Thumb Code     0  startup_gd32f30x_hd.o(.text)
    FMC_IRQHandler                           0x0800021f   Thumb Code     0  startup_gd32f30x_hd.o(.text)
    I2C0_ER_IRQHandler                       0x0800021f   Thumb Code     0  startup_gd32f30x_hd.o(.text)
    I2C0_EV_IRQHandler                       0x0800021f   Thumb Code     0  startup_gd32f30x_hd.o(.text)
    I2C1_ER_IRQHandler                       0x0800021f   Thumb Code     0  startup_gd32f30x_hd.o(.text)
    I2C1_EV_IRQHandler                       0x0800021f   Thumb Code     0  startup_gd32f30x_hd.o(.text)
    LVD_IRQHandler                           0x0800021f   Thumb Code     0  startup_gd32f30x_hd.o(.text)
    RCU_CTC_IRQHandler                       0x0800021f   Thumb Code     0  startup_gd32f30x_hd.o(.text)
    RTC_Alarm_IRQHandler                     0x0800021f   Thumb Code     0  startup_gd32f30x_hd.o(.text)
    RTC_IRQHandler                           0x0800021f   Thumb Code     0  startup_gd32f30x_hd.o(.text)
    SDIO_IRQHandler                          0x0800021f   Thumb Code     0  startup_gd32f30x_hd.o(.text)
    SPI0_IRQHandler                          0x0800021f   Thumb Code     0  startup_gd32f30x_hd.o(.text)
    SPI1_IRQHandler                          0x0800021f   Thumb Code     0  startup_gd32f30x_hd.o(.text)
    SPI2_IRQHandler                          0x0800021f   Thumb Code     0  startup_gd32f30x_hd.o(.text)
    TAMPER_IRQHandler                        0x0800021f   Thumb Code     0  startup_gd32f30x_hd.o(.text)
    TIMER0_BRK_IRQHandler                    0x0800021f   Thumb Code     0  startup_gd32f30x_hd.o(.text)
    TIMER0_Channel_IRQHandler                0x0800021f   Thumb Code     0  startup_gd32f30x_hd.o(.text)
    TIMER0_TRG_CMT_IRQHandler                0x0800021f   Thumb Code     0  startup_gd32f30x_hd.o(.text)
    TIMER0_UP_IRQHandler                     0x0800021f   Thumb Code     0  startup_gd32f30x_hd.o(.text)
    TIMER1_IRQHandler                        0x0800021f   Thumb Code     0  startup_gd32f30x_hd.o(.text)
    TIMER2_IRQHandler                        0x0800021f   Thumb Code     0  startup_gd32f30x_hd.o(.text)
    TIMER3_IRQHandler                        0x0800021f   Thumb Code     0  startup_gd32f30x_hd.o(.text)
    TIMER4_IRQHandler                        0x0800021f   Thumb Code     0  startup_gd32f30x_hd.o(.text)
    TIMER6_IRQHandler                        0x0800021f   Thumb Code     0  startup_gd32f30x_hd.o(.text)
    TIMER7_BRK_IRQHandler                    0x0800021f   Thumb Code     0  startup_gd32f30x_hd.o(.text)
    TIMER7_Channel_IRQHandler                0x0800021f   Thumb Code     0  startup_gd32f30x_hd.o(.text)
    TIMER7_TRG_CMT_IRQHandler                0x0800021f   Thumb Code     0  startup_gd32f30x_hd.o(.text)
    TIMER7_UP_IRQHandler                     0x0800021f   Thumb Code     0  startup_gd32f30x_hd.o(.text)
    UART3_IRQHandler                         0x0800021f   Thumb Code     0  startup_gd32f30x_hd.o(.text)
    UART4_IRQHandler                         0x0800021f   Thumb Code     0  startup_gd32f30x_hd.o(.text)
    USART0_IRQHandler                        0x0800021f   Thumb Code     0  startup_gd32f30x_hd.o(.text)
    USART2_IRQHandler                        0x0800021f   Thumb Code     0  startup_gd32f30x_hd.o(.text)
    USBD_HP_CAN0_TX_IRQHandler               0x0800021f   Thumb Code     0  startup_gd32f30x_hd.o(.text)
    USBD_LP_CAN0_RX0_IRQHandler              0x0800021f   Thumb Code     0  startup_gd32f30x_hd.o(.text)
    USBD_WKUP_IRQHandler                     0x0800021f   Thumb Code     0  startup_gd32f30x_hd.o(.text)
    WWDGT_IRQHandler                         0x0800021f   Thumb Code     0  startup_gd32f30x_hd.o(.text)
    __aeabi_memset                           0x08000229   Thumb Code    14  memseta.o(.text)
    __aeabi_memset4                          0x08000229   Thumb Code     0  memseta.o(.text)
    __aeabi_memset8                          0x08000229   Thumb Code     0  memseta.o(.text)
    __aeabi_memclr                           0x08000237   Thumb Code     4  memseta.o(.text)
    __aeabi_memclr4                          0x08000237   Thumb Code     0  memseta.o(.text)
    __aeabi_memclr8                          0x08000237   Thumb Code     0  memseta.o(.text)
    _memset$wrapper                          0x0800023b   Thumb Code    18  memseta.o(.text)
    __aeabi_uidiv                            0x0800024d   Thumb Code     0  uidiv.o(.text)
    __aeabi_uidivmod                         0x0800024d   Thumb Code    44  uidiv.o(.text)
    __aeabi_uldivmod                         0x08000279   Thumb Code    98  uldiv.o(.text)
    __I$use$fp                               0x080002db   Thumb Code     0  iusefp.o(.text)
    __aeabi_dadd                             0x080002db   Thumb Code   322  dadd.o(.text)
    __aeabi_dsub                             0x0800041d   Thumb Code     6  dadd.o(.text)
    __aeabi_drsub                            0x08000423   Thumb Code     6  dadd.o(.text)
    __aeabi_dmul                             0x08000429   Thumb Code   228  dmul.o(.text)
    __aeabi_ddiv                             0x0800050d   Thumb Code   222  ddiv.o(.text)
    __aeabi_d2ulz                            0x080005eb   Thumb Code    48  dfixul.o(.text)
    __aeabi_cdrcmple                         0x0800061d   Thumb Code    48  cdrcmple.o(.text)
    __scatterload                            0x0800064d   Thumb Code    28  init.o(.text)
    __scatterload_rt2                        0x0800064d   Thumb Code     0  init.o(.text)
    __aeabi_llsl                             0x08000671   Thumb Code    30  llshl.o(.text)
    _ll_shift_l                              0x08000671   Thumb Code     0  llshl.o(.text)
    __aeabi_llsr                             0x0800068f   Thumb Code    32  llushr.o(.text)
    _ll_ushift_r                             0x0800068f   Thumb Code     0  llushr.o(.text)
    __aeabi_lasr                             0x080006af   Thumb Code    36  llsshr.o(.text)
    _ll_sshift_r                             0x080006af   Thumb Code     0  llsshr.o(.text)
    _double_round                            0x080006d3   Thumb Code    30  depilogue.o(.text)
    _double_epilogue                         0x080006f1   Thumb Code   156  depilogue.o(.text)
    BusFault_Handler                         0x0800078d   Thumb Code     4  gd32f30x_it.o(i.BusFault_Handler)
    DebugMon_Handler                         0x08000791   Thumb Code     2  gd32f30x_it.o(i.DebugMon_Handler)
    HardFault_Handler                        0x08000793   Thumb Code     4  gd32f30x_it.o(i.HardFault_Handler)
    MemManage_Handler                        0x08000797   Thumb Code     4  gd32f30x_it.o(i.MemManage_Handler)
    NMI_Handler                              0x0800079b   Thumb Code     2  gd32f30x_it.o(i.NMI_Handler)
    SysTick_Handler                          0x0800079d   Thumb Code    46  port.o(i.SysTick_Handler)
    SystemCoreClockUpdate                    0x080007d1   Thumb Code   162  system_gd32f30x.o(i.SystemCoreClockUpdate)
    SystemInit                               0x08000889   Thumb Code   100  system_gd32f30x.o(i.SystemInit)
    TIM1_Config                              0x080008f9   Thumb Code    80  main.o(i.TIM1_Config)
    TIMER5_IRQHandler                        0x0800094d   Thumb Code    44  main.o(i.TIMER5_IRQHandler)
    USART1_IRQHandler                        0x08000989   Thumb Code    66  usart.o(i.USART1_IRQHandler)
    UsageFault_Handler                       0x080009e1   Thumb Code     4  gd32f30x_it.o(i.UsageFault_Handler)
    __0printf                                0x080009e5   Thumb Code    22  printfa.o(i.__0printf)
    __1printf                                0x080009e5   Thumb Code     0  printfa.o(i.__0printf)
    __2printf                                0x080009e5   Thumb Code     0  printfa.o(i.__0printf)
    __c89printf                              0x080009e5   Thumb Code     0  printfa.o(i.__0printf)
    printf                                   0x080009e5   Thumb Code     0  printfa.o(i.__0printf)
    __scatterload_copy                       0x08000a05   Thumb Code    14  handlers.o(i.__scatterload_copy)
    __scatterload_null                       0x08000a13   Thumb Code     2  handlers.o(i.__scatterload_null)
    __scatterload_zeroinit                   0x08000a15   Thumb Code    14  handlers.o(i.__scatterload_zeroinit)
    app_main                                 0x080012d9   Thumb Code    52  main.o(i.app_main)
    delay_us                                 0x0800132d   Thumb Code    66  systick.o(i.delay_us)
    eTaskConfirmSleepModeStatus              0x08001371   Thumb Code    42  tasks.o(i.eTaskConfirmSleepModeStatus)
    fputc                                    0x080013ad   Thumb Code    32  usart.o(i.fputc)
    gpio_bit_reset                           0x080013d1   Thumb Code     4  gd32f30x_gpio.o(i.gpio_bit_reset)
    gpio_bit_write                           0x080013d5   Thumb Code    10  gd32f30x_gpio.o(i.gpio_bit_write)
    gpio_config                              0x080013e1   Thumb Code    68  gpio.o(i.gpio_config)
    gpio_deinit                              0x08001431   Thumb Code   186  gd32f30x_gpio.o(i.gpio_deinit)
    gpio_init                                0x080014f5   Thumb Code   188  gd32f30x_gpio.o(i.gpio_init)
    gpio_input_bit_get                       0x080015b1   Thumb Code    16  gd32f30x_gpio.o(i.gpio_input_bit_get)
    gpio_output_bit_get                      0x080015c1   Thumb Code    16  gd32f30x_gpio.o(i.gpio_output_bit_get)
    gpio_pin_remap_config                    0x080015d1   Thumb Code   138  gd32f30x_gpio.o(i.gpio_pin_remap_config)
    jump_to_app                              0x08001661   Thumb Code    32  main.o(i.jump_to_app)
    main                                     0x08001685   Thumb Code    50  main.o(i.main)
    nvic_irq_enable                          0x080016c9   Thumb Code   186  gd32f30x_misc.o(i.nvic_irq_enable)
    nvic_priority_group_set                  0x0800178d   Thumb Code    10  gd32f30x_misc.o(i.nvic_priority_group_set)
    pvPortMalloc                             0x08001ca5   Thumb Code   306  heap_4.o(i.pvPortMalloc)
    pxPortInitialiseStack                    0x08001df1   Thumb Code    38  port.o(i.pxPortInitialiseStack)
    rcu_clock_freq_get                       0x08001e1d   Thumb Code   310  gd32f30x_rcu.o(i.rcu_clock_freq_get)
    rcu_periph_clock_enable                  0x08001f75   Thumb Code    28  gd32f30x_rcu.o(i.rcu_periph_clock_enable)
    rcu_periph_reset_disable                 0x08001f95   Thumb Code    28  gd32f30x_rcu.o(i.rcu_periph_reset_disable)
    rcu_periph_reset_enable                  0x08001fb5   Thumb Code    28  gd32f30x_rcu.o(i.rcu_periph_reset_enable)
    systick_deinit                           0x080020f1   Thumb Code    14  systick.o(i.systick_deinit)
    thread_KEY                               0x08002101   Thumb Code   144  main.o(i.thread_KEY)
    thread_LED                               0x08002209   Thumb Code   148  main.o(i.thread_LED)
    timer_counter_value_config               0x0800231d   Thumb Code     4  gd32f30x_timer.o(i.timer_counter_value_config)
    timer_deinit                             0x08002321   Thumb Code   210  gd32f30x_timer.o(i.timer_deinit)
    timer_disable                            0x080023fd   Thumb Code    10  gd32f30x_timer.o(i.timer_disable)
    timer_enable                             0x08002407   Thumb Code    10  gd32f30x_timer.o(i.timer_enable)
    timer_init                               0x08002411   Thumb Code   122  gd32f30x_timer.o(i.timer_init)
    timer_interrupt_enable                   0x080024a9   Thumb Code     8  gd32f30x_timer.o(i.timer_interrupt_enable)
    timer_interrupt_flag_clear               0x080024b1   Thumb Code     6  gd32f30x_timer.o(i.timer_interrupt_flag_clear)
    timer_interrupt_flag_get                 0x080024b7   Thumb Code    24  gd32f30x_timer.o(i.timer_interrupt_flag_get)
    usart0_config                            0x080024d1   Thumb Code    86  usart.o(i.usart0_config)
    usart1_config                            0x08002531   Thumb Code   102  usart.o(i.usart1_config)
    usart1_sendata                           0x080025a1   Thumb Code    42  usart.o(i.usart1_sendata)
    usart_baudrate_set                       0x080025d1   Thumb Code   136  gd32f30x_usart.o(i.usart_baudrate_set)
    usart_data_receive                       0x08002661   Thumb Code    10  gd32f30x_usart.o(i.usart_data_receive)
    usart_data_transmit                      0x0800266b   Thumb Code     8  gd32f30x_usart.o(i.usart_data_transmit)
    usart_deinit                             0x08002675   Thumb Code   136  gd32f30x_usart.o(i.usart_deinit)
    usart_enable                             0x08002705   Thumb Code    10  gd32f30x_usart.o(i.usart_enable)
    usart_flag_get                           0x0800270f   Thumb Code    30  gd32f30x_usart.o(i.usart_flag_get)
    usart_interrupt_enable                   0x0800272d   Thumb Code    26  gd32f30x_usart.o(i.usart_interrupt_enable)
    usart_interrupt_flag_clear               0x08002747   Thumb Code    26  gd32f30x_usart.o(i.usart_interrupt_flag_clear)
    usart_interrupt_flag_get                 0x08002761   Thumb Code    56  gd32f30x_usart.o(i.usart_interrupt_flag_get)
    usart_receive_config                     0x08002799   Thumb Code    16  gd32f30x_usart.o(i.usart_receive_config)
    usart_transmit_config                    0x080027a9   Thumb Code    16  gd32f30x_usart.o(i.usart_transmit_config)
    uxListRemove                             0x080027b9   Thumb Code    40  list.o(i.uxListRemove)
    vListInitialise                          0x080027e1   Thumb Code    26  list.o(i.vListInitialise)
    vListInitialiseItem                      0x080027fb   Thumb Code     6  list.o(i.vListInitialiseItem)
    vListInsert                              0x08002801   Thumb Code    52  list.o(i.vListInsert)
    vListInsertEnd                           0x08002835   Thumb Code    24  list.o(i.vListInsertEnd)
    vPortEnterCritical                       0x0800284d   Thumb Code    76  port.o(i.vPortEnterCritical)
    vPortExitCritical                        0x080028a1   Thumb Code    56  port.o(i.vPortExitCritical)
    vPortFree                                0x080028dd   Thumb Code   150  heap_4.o(i.vPortFree)
    vPortSetupTimerInterrupt                 0x08002981   Thumb Code    86  port.o(i.vPortSetupTimerInterrupt)
    vPortSuppressTicksAndSleep               0x080029e9   Thumb Code   320  port.o(i.vPortSuppressTicksAndSleep)
    vTaskDelay                               0x08002b35   Thumb Code    82  tasks.o(i.vTaskDelay)
    vTaskDelete                              0x08002b91   Thumb Code   202  tasks.o(i.vTaskDelete)
    vTaskStartScheduler                      0x08002c85   Thumb Code   108  tasks.o(i.vTaskStartScheduler)
    vTaskStepTick                            0x08002d0d   Thumb Code    56  tasks.o(i.vTaskStepTick)
    vTaskSuspendAll                          0x08002d4d   Thumb Code    12  tasks.o(i.vTaskSuspendAll)
    vTaskSwitchContext                       0x08002d5d   Thumb Code   118  tasks.o(i.vTaskSwitchContext)
    xPortStartScheduler                      0x08002de9   Thumb Code   330  port.o(i.xPortStartScheduler)
    xTaskCreate                              0x08002f51   Thumb Code    96  tasks.o(i.xTaskCreate)
    xTaskGenericNotify                       0x08002fb1   Thumb Code   284  tasks.o(i.xTaskGenericNotify)
    xTaskIncrementTick                       0x080030dd   Thumb Code   282  tasks.o(i.xTaskIncrementTick)
    xTaskNotifyWait                          0x08003225   Thumb Code   150  tasks.o(i.xTaskNotifyWait)
    xTaskResumeAll                           0x080032c5   Thumb Code   224  tasks.o(i.xTaskResumeAll)
    Region$$Table$$Base                      0x080033c8   Number         0  anon$$obj.o(Region$$Table)
    Region$$Table$$Limit                     0x080033e8   Number         0  anon$$obj.o(Region$$Table)
    LEDTaskHandle                            0x20000000   Data           4  main.o(.data)
    KEYTaskHandle                            0x20000004   Data           4  main.o(.data)
    USART1_RX_LEN                            0x20000008   Data           4  usart.o(.data)
    USART1_RX_STA                            0x2000000c   Data           1  usart.o(.data)
    SystemCoreClock                          0x20000010   Data           4  system_gd32f30x.o(.data)
    pxCurrentTCB                             0x2000004c   Data           4  tasks.o(.data)
    __stdout                                 0x20000088   Data           4  stdout.o(.data)
    USART1_TX_BUF                            0x2000008c   Data         256  usart.o(.bss)
    USART1_RX_BUF                            0x2000018c   Data         256  usart.o(.bss)
    __initial_sp                             0x20004b58   Data           0  startup_gd32f30x_hd.o(STACK)



==============================================================================

Memory Map of the image

  Image Entry point : 0x08000131

  Load Region LR_IROM1 (Base: 0x08000000, Size: 0x00003474, Max: 0x00040000, ABSOLUTE)

    Execution Region ER_IROM1 (Exec base: 0x08000000, Load base: 0x08000000, Size: 0x000033e8, Max: 0x00040000, ABSOLUTE)

    Exec Addr    Load Addr    Size         Type   Attr      Idx    E Section Name        Object

    0x08000000   0x08000000   0x00000130   Data   RO         4437    RESET               startup_gd32f30x_hd.o
    0x08000130   0x08000130   0x00000000   Code   RO         5376  * .ARM.Collect$$$$00000000  mc_w.l(entry.o)
    0x08000130   0x08000130   0x00000004   Code   RO         5647    .ARM.Collect$$$$00000001  mc_w.l(entry2.o)
    0x08000134   0x08000134   0x00000004   Code   RO         5650    .ARM.Collect$$$$00000004  mc_w.l(entry5.o)
    0x08000138   0x08000138   0x00000000   Code   RO         5652    .ARM.Collect$$$$00000008  mc_w.l(entry7b.o)
    0x08000138   0x08000138   0x00000000   Code   RO         5654    .ARM.Collect$$$$0000000A  mc_w.l(entry8b.o)
    0x08000138   0x08000138   0x00000008   Code   RO         5655    .ARM.Collect$$$$0000000B  mc_w.l(entry9a.o)
    0x08000140   0x08000140   0x00000000   Code   RO         5657    .ARM.Collect$$$$0000000D  mc_w.l(entry10a.o)
    0x08000140   0x08000140   0x00000000   Code   RO         5659    .ARM.Collect$$$$0000000F  mc_w.l(entry11a.o)
    0x08000140   0x08000140   0x00000004   Code   RO         5648    .ARM.Collect$$$$00002712  mc_w.l(entry2.o)
    0x08000144   0x08000144   0x000000be   Code   RO         4636    .emb_text           port.o
    0x08000202   0x08000202   0x00000002   PAD
    0x08000204   0x08000204   0x00000024   Code   RO         4438    .text               startup_gd32f30x_hd.o
    0x08000228   0x08000228   0x00000024   Code   RO         5381    .text               mc_w.l(memseta.o)
    0x0800024c   0x0800024c   0x0000002c   Code   RO         5662    .text               mc_w.l(uidiv.o)
    0x08000278   0x08000278   0x00000062   Code   RO         5664    .text               mc_w.l(uldiv.o)
    0x080002da   0x080002da   0x00000000   Code   RO         5666    .text               mc_w.l(iusefp.o)
    0x080002da   0x080002da   0x0000014e   Code   RO         5667    .text               mf_w.l(dadd.o)
    0x08000428   0x08000428   0x000000e4   Code   RO         5669    .text               mf_w.l(dmul.o)
    0x0800050c   0x0800050c   0x000000de   Code   RO         5671    .text               mf_w.l(ddiv.o)
    0x080005ea   0x080005ea   0x00000030   Code   RO         5673    .text               mf_w.l(dfixul.o)
    0x0800061a   0x0800061a   0x00000002   PAD
    0x0800061c   0x0800061c   0x00000030   Code   RO         5675    .text               mf_w.l(cdrcmple.o)
    0x0800064c   0x0800064c   0x00000024   Code   RO         5677    .text               mc_w.l(init.o)
    0x08000670   0x08000670   0x0000001e   Code   RO         5679    .text               mc_w.l(llshl.o)
    0x0800068e   0x0800068e   0x00000020   Code   RO         5681    .text               mc_w.l(llushr.o)
    0x080006ae   0x080006ae   0x00000024   Code   RO         5683    .text               mc_w.l(llsshr.o)
    0x080006d2   0x080006d2   0x000000ba   Code   RO         5685    .text               mf_w.l(depilogue.o)
    0x0800078c   0x0800078c   0x00000004   Code   RO            3    i.BusFault_Handler  gd32f30x_it.o
    0x08000790   0x08000790   0x00000002   Code   RO            4    i.DebugMon_Handler  gd32f30x_it.o
    0x08000792   0x08000792   0x00000004   Code   RO            5    i.HardFault_Handler  gd32f30x_it.o
    0x08000796   0x08000796   0x00000004   Code   RO            6    i.MemManage_Handler  gd32f30x_it.o
    0x0800079a   0x0800079a   0x00000002   Code   RO            7    i.NMI_Handler       gd32f30x_it.o
    0x0800079c   0x0800079c   0x00000034   Code   RO         4637    i.SysTick_Handler   port.o
    0x080007d0   0x080007d0   0x000000b8   Code   RO         4444    i.SystemCoreClockUpdate  system_gd32f30x.o
    0x08000888   0x08000888   0x00000070   Code   RO         4445    i.SystemInit        system_gd32f30x.o
    0x080008f8   0x080008f8   0x00000054   Code   RO          160    i.TIM1_Config       main.o
    0x0800094c   0x0800094c   0x0000003c   Code   RO          161    i.TIMER5_IRQHandler  main.o
    0x08000988   0x08000988   0x00000058   Code   RO          282    i.USART1_IRQHandler  usart.o
    0x080009e0   0x080009e0   0x00000004   Code   RO            8    i.UsageFault_Handler  gd32f30x_it.o
    0x080009e4   0x080009e4   0x00000020   Code   RO         5620    i.__0printf         mc_w.l(printfa.o)
    0x08000a04   0x08000a04   0x0000000e   Code   RO         5689    i.__scatterload_copy  mc_w.l(handlers.o)
    0x08000a12   0x08000a12   0x00000002   Code   RO         5690    i.__scatterload_null  mc_w.l(handlers.o)
    0x08000a14   0x08000a14   0x0000000e   Code   RO         5691    i.__scatterload_zeroinit  mc_w.l(handlers.o)
    0x08000a22   0x08000a22   0x00000002   PAD
    0x08000a24   0x08000a24   0x00000184   Code   RO         5627    i._fp_digits        mc_w.l(printfa.o)
    0x08000ba8   0x08000ba8   0x000006dc   Code   RO         5628    i._printf_core      mc_w.l(printfa.o)
    0x08001284   0x08001284   0x00000024   Code   RO         5629    i._printf_post_padding  mc_w.l(printfa.o)
    0x080012a8   0x080012a8   0x0000002e   Code   RO         5630    i._printf_pre_padding  mc_w.l(printfa.o)
    0x080012d6   0x080012d6   0x00000002   PAD
    0x080012d8   0x080012d8   0x00000054   Code   RO          162    i.app_main          main.o
    0x0800132c   0x0800132c   0x00000042   Code   RO          376    i.delay_us          systick.o
    0x0800136e   0x0800136e   0x00000002   PAD
    0x08001370   0x08001370   0x0000003c   Code   RO         4965    i.eTaskConfirmSleepModeStatus  tasks.o
    0x080013ac   0x080013ac   0x00000024   Code   RO          284    i.fputc             usart.o
    0x080013d0   0x080013d0   0x00000004   Code   RO         2225    i.gpio_bit_reset    gd32f30x_gpio.o
    0x080013d4   0x080013d4   0x0000000a   Code   RO         2227    i.gpio_bit_write    gd32f30x_gpio.o
    0x080013de   0x080013de   0x00000002   PAD
    0x080013e0   0x080013e0   0x00000050   Code   RO          352    i.gpio_config       gpio.o
    0x08001430   0x08001430   0x000000c4   Code   RO         2230    i.gpio_deinit       gd32f30x_gpio.o
    0x080014f4   0x080014f4   0x000000bc   Code   RO         2235    i.gpio_init         gd32f30x_gpio.o
    0x080015b0   0x080015b0   0x00000010   Code   RO         2236    i.gpio_input_bit_get  gd32f30x_gpio.o
    0x080015c0   0x080015c0   0x00000010   Code   RO         2238    i.gpio_output_bit_get  gd32f30x_gpio.o
    0x080015d0   0x080015d0   0x00000090   Code   RO         2241    i.gpio_pin_remap_config  gd32f30x_gpio.o
    0x08001660   0x08001660   0x00000024   Code   RO          163    i.jump_to_app       main.o
    0x08001684   0x08001684   0x00000044   Code   RO          164    i.main              main.o
    0x080016c8   0x080016c8   0x000000c4   Code   RO         2553    i.nvic_irq_enable   gd32f30x_misc.o
    0x0800178c   0x0800178c   0x00000014   Code   RO         2554    i.nvic_priority_group_set  gd32f30x_misc.o
    0x080017a0   0x080017a0   0x000000a4   Code   RO         4968    i.prvAddCurrentTaskToDelayedList  tasks.o
    0x08001844   0x08001844   0x000000b8   Code   RO         4969    i.prvAddNewTaskToReadyList  tasks.o
    0x080018fc   0x080018fc   0x00000048   Code   RO         4970    i.prvCheckTasksWaitingTermination  tasks.o
    0x08001944   0x08001944   0x00000012   Code   RO         4971    i.prvDeleteTCB      tasks.o
    0x08001956   0x08001956   0x00000002   PAD
    0x08001958   0x08001958   0x0000004c   Code   RO         4972    i.prvGetExpectedIdleTime  tasks.o
    0x080019a4   0x080019a4   0x0000007c   Code   RO         4569    i.prvHeapInit       heap_4.o
    0x08001a20   0x08001a20   0x0000007c   Code   RO         4973    i.prvIdleTask       tasks.o
    0x08001a9c   0x08001a9c   0x000000c2   Code   RO         4974    i.prvInitialiseNewTask  tasks.o
    0x08001b5e   0x08001b5e   0x00000002   PAD
    0x08001b60   0x08001b60   0x00000068   Code   RO         4975    i.prvInitialiseTaskLists  tasks.o
    0x08001bc8   0x08001bc8   0x00000068   Code   RO         4570    i.prvInsertBlockIntoFreeList  heap_4.o
    0x08001c30   0x08001c30   0x00000034   Code   RO         4977    i.prvResetNextTaskUnblockTime  tasks.o
    0x08001c64   0x08001c64   0x00000040   Code   RO         4638    i.prvTaskExitError  port.o
    0x08001ca4   0x08001ca4   0x0000014c   Code   RO         4571    i.pvPortMalloc      heap_4.o
    0x08001df0   0x08001df0   0x0000002c   Code   RO         4639    i.pxPortInitialiseStack  port.o
    0x08001e1c   0x08001e1c   0x00000158   Code   RO         2752    i.rcu_clock_freq_get  gd32f30x_rcu.o
    0x08001f74   0x08001f74   0x00000020   Code   RO         2770    i.rcu_periph_clock_enable  gd32f30x_rcu.o
    0x08001f94   0x08001f94   0x00000020   Code   RO         2773    i.rcu_periph_reset_disable  gd32f30x_rcu.o
    0x08001fb4   0x08001fb4   0x00000020   Code   RO         2774    i.rcu_periph_reset_enable  gd32f30x_rcu.o
    0x08001fd4   0x08001fd4   0x00000114   Code   RO         4446    i.system_clock_120m_hxtal  system_gd32f30x.o
    0x080020e8   0x080020e8   0x00000008   Code   RO         4447    i.system_clock_config  system_gd32f30x.o
    0x080020f0   0x080020f0   0x0000000e   Code   RO          383    i.systick_deinit    systick.o
    0x080020fe   0x080020fe   0x00000002   PAD
    0x08002100   0x08002100   0x00000108   Code   RO          165    i.thread_KEY        main.o
    0x08002208   0x08002208   0x00000114   Code   RO          166    i.thread_LED        main.o
    0x0800231c   0x0800231c   0x00000004   Code   RO         3657    i.timer_counter_value_config  gd32f30x_timer.o
    0x08002320   0x08002320   0x000000dc   Code   RO         3658    i.timer_deinit      gd32f30x_timer.o
    0x080023fc   0x080023fc   0x0000000a   Code   RO         3659    i.timer_disable     gd32f30x_timer.o
    0x08002406   0x08002406   0x0000000a   Code   RO         3663    i.timer_enable      gd32f30x_timer.o
    0x08002410   0x08002410   0x00000098   Code   RO         3673    i.timer_init        gd32f30x_timer.o
    0x080024a8   0x080024a8   0x00000008   Code   RO         3680    i.timer_interrupt_enable  gd32f30x_timer.o
    0x080024b0   0x080024b0   0x00000006   Code   RO         3681    i.timer_interrupt_flag_clear  gd32f30x_timer.o
    0x080024b6   0x080024b6   0x00000018   Code   RO         3682    i.timer_interrupt_flag_get  gd32f30x_timer.o
    0x080024ce   0x080024ce   0x00000002   PAD
    0x080024d0   0x080024d0   0x00000060   Code   RO          286    i.usart0_config     usart.o
    0x08002530   0x08002530   0x00000070   Code   RO          287    i.usart1_config     usart.o
    0x080025a0   0x080025a0   0x00000030   Code   RO          288    i.usart1_sendata    usart.o
    0x080025d0   0x080025d0   0x00000090   Code   RO         4068    i.usart_baudrate_set  gd32f30x_usart.o
    0x08002660   0x08002660   0x0000000a   Code   RO         4071    i.usart_data_receive  gd32f30x_usart.o
    0x0800266a   0x0800266a   0x00000008   Code   RO         4072    i.usart_data_transmit  gd32f30x_usart.o
    0x08002672   0x08002672   0x00000002   PAD
    0x08002674   0x08002674   0x00000090   Code   RO         4073    i.usart_deinit      gd32f30x_usart.o
    0x08002704   0x08002704   0x0000000a   Code   RO         4077    i.usart_enable      gd32f30x_usart.o
    0x0800270e   0x0800270e   0x0000001e   Code   RO         4079    i.usart_flag_get    gd32f30x_usart.o
    0x0800272c   0x0800272c   0x0000001a   Code   RO         4086    i.usart_interrupt_enable  gd32f30x_usart.o
    0x08002746   0x08002746   0x0000001a   Code   RO         4087    i.usart_interrupt_flag_clear  gd32f30x_usart.o
    0x08002760   0x08002760   0x00000038   Code   RO         4088    i.usart_interrupt_flag_get  gd32f30x_usart.o
    0x08002798   0x08002798   0x00000010   Code   RO         4101    i.usart_receive_config  gd32f30x_usart.o
    0x080027a8   0x080027a8   0x00000010   Code   RO         4115    i.usart_transmit_config  gd32f30x_usart.o
    0x080027b8   0x080027b8   0x00000028   Code   RO         4521    i.uxListRemove      list.o
    0x080027e0   0x080027e0   0x0000001a   Code   RO         4522    i.vListInitialise   list.o
    0x080027fa   0x080027fa   0x00000006   Code   RO         4523    i.vListInitialiseItem  list.o
    0x08002800   0x08002800   0x00000034   Code   RO         4524    i.vListInsert       list.o
    0x08002834   0x08002834   0x00000018   Code   RO         4525    i.vListInsertEnd    list.o
    0x0800284c   0x0800284c   0x00000054   Code   RO         4641    i.vPortEnterCritical  port.o
    0x080028a0   0x080028a0   0x0000003c   Code   RO         4642    i.vPortExitCritical  port.o
    0x080028dc   0x080028dc   0x000000a4   Code   RO         4572    i.vPortFree         heap_4.o
    0x08002980   0x08002980   0x00000068   Code   RO         4643    i.vPortSetupTimerInterrupt  port.o
    0x080029e8   0x080029e8   0x0000014c   Code   RO         4644    i.vPortSuppressTicksAndSleep  port.o
    0x08002b34   0x08002b34   0x0000005c   Code   RO         4992    i.vTaskDelay        tasks.o
    0x08002b90   0x08002b90   0x000000f4   Code   RO         4994    i.vTaskDelete       tasks.o
    0x08002c84   0x08002c84   0x00000088   Code   RO         5008    i.vTaskStartScheduler  tasks.o
    0x08002d0c   0x08002d0c   0x00000040   Code   RO         5009    i.vTaskStepTick     tasks.o
    0x08002d4c   0x08002d4c   0x00000010   Code   RO         5011    i.vTaskSuspendAll   tasks.o
    0x08002d5c   0x08002d5c   0x0000008c   Code   RO         5012    i.vTaskSwitchContext  tasks.o
    0x08002de8   0x08002de8   0x00000168   Code   RO         4646    i.xPortStartScheduler  port.o
    0x08002f50   0x08002f50   0x00000060   Code   RO         5016    i.xTaskCreate       tasks.o
    0x08002fb0   0x08002fb0   0x0000012c   Code   RO         5017    i.xTaskGenericNotify  tasks.o
    0x080030dc   0x080030dc   0x00000148   Code   RO         5025    i.xTaskIncrementTick  tasks.o
    0x08003224   0x08003224   0x000000a0   Code   RO         5027    i.xTaskNotifyWait   tasks.o
    0x080032c4   0x080032c4   0x00000104   Code   RO         5031    i.xTaskResumeAll    tasks.o
    0x080033c8   0x080033c8   0x00000020   Data   RO         5687    Region$$Table       anon$$obj.o


    Execution Region RW_IRAM1 (Exec base: 0x20000000, Load base: 0x080033e8, Size: 0x00004b58, Max: 0x0000c000, ABSOLUTE)

    Exec Addr    Load Addr    Size         Type   Attr      Idx    E Section Name        Object

    0x20000000   0x080033e8   0x00000008   Data   RW          167    .data               main.o
    0x20000008   0x080033f0   0x00000005   Data   RW          290    .data               usart.o
    0x2000000d   0x080033f5   0x00000003   PAD
    0x20000010   0x080033f8   0x00000004   Data   RW         4448    .data               system_gd32f30x.o
    0x20000014   0x080033fc   0x00000020   Data   RW         4578    .data               heap_4.o
    0x20000034   0x0800341c   0x00000018   Data   RW         4647    .data               port.o
    0x2000004c   0x08003434   0x0000003c   Data   RW         5034    .data               tasks.o
    0x20000088   0x08003470   0x00000004   Data   RW         5661    .data               mc_w.l(stdout.o)
    0x2000008c        -       0x00000200   Zero   RW          289    .bss                usart.o
    0x2000028c        -       0x00004400   Zero   RW         4577    .bss                heap_4.o
    0x2000468c        -       0x000000c8   Zero   RW         5033    .bss                tasks.o
    0x20004754   0x08003474   0x00000004   PAD
    0x20004758        -       0x00000400   Zero   RW         4435    STACK               startup_gd32f30x_hd.o


==============================================================================

Image component sizes


      Code (inc. data)   RO Data    RW Data    ZI Data      Debug   Object Name

         0          0          0          0          0       1428   gd32f30x_can.o
       574         16          0          0          0       5015   gd32f30x_gpio.o
        20          0          0          0          0      62065   gd32f30x_it.o
       216         20          0          0          0       1452   gd32f30x_misc.o
       440         46          0          0          0       3008   gd32f30x_rcu.o
       434         40          0          0          0       5581   gd32f30x_timer.o
       486         16          0          0          0       7279   gd32f30x_usart.o
        80         12          0          0          0        466   gpio.o
       724         74          0         32      17408       7415   heap_4.o
       148          0          0          0          0       4498   list.o
       872        322          0          8          0      42409   main.o
      1290        104          0         24          0      12329   port.o
         0          0          0          0          0       5176   queue.o
        36          8        304          0       1024        864   startup_gd32f30x_hd.o
       580         52          0          4          0       3495   system_gd32f30x.o
        80          0          0          0          0       1072   systick.o
      2884        396          0         60        200      23804   tasks.o
       380         52          0          5        512       5235   usart.o

    ----------------------------------------------------------------------
      9260       1158        336        136      19148     192591   Object Totals
         0          0         32          0          0          0   (incl. Generated)
        16          0          0          3          4          0   (incl. Padding)

    ----------------------------------------------------------------------

      Code (inc. data)   RO Data    RW Data    ZI Data      Debug   Library Member Name

         0          0          0          0          0          0   entry.o
         0          0          0          0          0          0   entry10a.o
         0          0          0          0          0          0   entry11a.o
         8          4          0          0          0          0   entry2.o
         4          0          0          0          0          0   entry5.o
         0          0          0          0          0          0   entry7b.o
         0          0          0          0          0          0   entry8b.o
         8          4          0          0          0          0   entry9a.o
        30          0          0          0          0          0   handlers.o
        36          8          0          0          0         68   init.o
         0          0          0          0          0          0   iusefp.o
        30          0          0          0          0         68   llshl.o
        36          0          0          0          0         68   llsshr.o
        32          0          0          0          0         68   llushr.o
        36          0          0          0          0        108   memseta.o
      2258         90          0          0          0        452   printfa.o
         0          0          0          4          0          0   stdout.o
        44          0          0          0          0         80   uidiv.o
        98          0          0          0          0         92   uldiv.o
        48          0          0          0          0         68   cdrcmple.o
       334          0          0          0          0        148   dadd.o
       222          0          0          0          0        100   ddiv.o
       186          0          0          0          0        176   depilogue.o
        48          0          0          0          0         68   dfixul.o
       228          0          0          0          0         96   dmul.o

    ----------------------------------------------------------------------
      3692        106          0          4          0       1660   Library Totals
         6          0          0          0          0          0   (incl. Padding)

    ----------------------------------------------------------------------

      Code (inc. data)   RO Data    RW Data    ZI Data      Debug   Library Name

      2620        106          0          4          0       1004   mc_w.l
      1066          0          0          0          0        656   mf_w.l

    ----------------------------------------------------------------------
      3692        106          0          4          0       1660   Library Totals

    ----------------------------------------------------------------------

==============================================================================


      Code (inc. data)   RO Data    RW Data    ZI Data      Debug   

     12952       1264        336        140      19148     184523   Grand Totals
     12952       1264        336        140      19148     184523   ELF Image Totals
     12952       1264        336        140          0          0   ROM Totals

==============================================================================

    Total RO  Size (Code + RO Data)                13288 (  12.98kB)
    Total RW  Size (RW Data + ZI Data)             19288 (  18.84kB)
    Total ROM Size (Code + RO Data + RW Data)      13428 (  13.11kB)

==============================================================================

