Component: ARM Compiler 5.06 update 6 (build 750) Tool: armlink [4d35ed]

==============================================================================

Section Cross References

    main.o(i.main) refers to gpio.o(i.gpio_config) for gpio_config
    main.o(i.main) refers to usart.o(i.usart0_config) for usart0_config
    main.o(i.main) refers to thread.o(i.rt_thread_create) for rt_thread_create
    main.o(i.main) refers to ipc.o(i.rt_sem_create) for rt_sem_create
    main.o(i.main) refers to thread.o(i.rt_thread_startup) for rt_thread_startup
    main.o(i.main) refers to printfb.o(i.__0printf$bare) for __2printf
    main.o(i.main) refers to thread.o(i.rt_thread_self) for rt_thread_self
    main.o(i.main) refers to thread.o(i.rt_thread_delete) for rt_thread_delete
    main.o(i.main) refers to main.o(i.thread_LED) for thread_LED
    main.o(i.main) refers to main.o(.data) for .data
    main.o(i.main) refers to main.o(i.thread_KEY) for thread_KEY
    main.o(i.thread_KEY) refers to gd32f30x_gpio.o(i.gpio_input_bit_get) for gpio_input_bit_get
    main.o(i.thread_KEY) refers to ipc.o(i.rt_sem_release) for rt_sem_release
    main.o(i.thread_KEY) refers to printfb.o(i.__0printf$bare) for __2printf
    main.o(i.thread_KEY) refers to systick.o(i.systick_deinit) for systick_deinit
    main.o(i.thread_KEY) refers to gd32f30x_gpio.o(i.gpio_deinit) for gpio_deinit
    main.o(i.thread_KEY) refers to main.o(i.jump_to_app) for jump_to_app
    main.o(i.thread_KEY) refers to clock.o(i.rt_tick_from_millisecond) for rt_tick_from_millisecond
    main.o(i.thread_KEY) refers to thread.o(i.rt_thread_delay) for rt_thread_delay
    main.o(i.thread_KEY) refers to main.o(.data) for .data
    main.o(i.thread_LED) refers to clock.o(i.rt_tick_from_millisecond) for rt_tick_from_millisecond
    main.o(i.thread_LED) refers to ipc.o(i.rt_sem_take) for rt_sem_take
    main.o(i.thread_LED) refers to gd32f30x_gpio.o(i.gpio_bit_reset) for gpio_bit_reset
    main.o(i.thread_LED) refers to gd32f30x_gpio.o(i.gpio_output_bit_get) for gpio_output_bit_get
    main.o(i.thread_LED) refers to gd32f30x_gpio.o(i.gpio_bit_write) for gpio_bit_write
    main.o(i.thread_LED) refers to printfb.o(i.__0printf$bare) for __2printf
    main.o(i.thread_LED) refers to main.o(.data) for .data
    usart.o(i._write) refers to gd32f30x_usart.o(i.usart_data_transmit) for usart_data_transmit
    usart.o(i._write) refers to gd32f30x_usart.o(i.usart_flag_get) for usart_flag_get
    usart.o(i.fputc) refers to gd32f30x_usart.o(i.usart_data_transmit) for usart_data_transmit
    usart.o(i.fputc) refers to gd32f30x_usart.o(i.usart_flag_get) for usart_flag_get
    usart.o(i.usart0_config) refers to gd32f30x_rcu.o(i.rcu_periph_clock_enable) for rcu_periph_clock_enable
    usart.o(i.usart0_config) refers to gd32f30x_gpio.o(i.gpio_init) for gpio_init
    usart.o(i.usart0_config) refers to gd32f30x_usart.o(i.usart_deinit) for usart_deinit
    usart.o(i.usart0_config) refers to gd32f30x_usart.o(i.usart_baudrate_set) for usart_baudrate_set
    usart.o(i.usart0_config) refers to gd32f30x_usart.o(i.usart_receive_config) for usart_receive_config
    usart.o(i.usart0_config) refers to gd32f30x_usart.o(i.usart_transmit_config) for usart_transmit_config
    usart.o(i.usart0_config) refers to gd32f30x_usart.o(i.usart_enable) for usart_enable
    gpio.o(i.gpio_config) refers to gd32f30x_rcu.o(i.rcu_periph_clock_enable) for rcu_periph_clock_enable
    gpio.o(i.gpio_config) refers to gd32f30x_gpio.o(i.gpio_pin_remap_config) for gpio_pin_remap_config
    gpio.o(i.gpio_config) refers to gd32f30x_gpio.o(i.gpio_init) for gpio_init
    gpio.o(i.gpio_config) refers to gd32f30x_gpio.o(i.gpio_bit_reset) for gpio_bit_reset
    systick.o(i.delay) refers to systick.o(.data) for .data
    systick.o(i.delay_decrement) refers to systick.o(.data) for .data
    systick.o(i.delay_lp) refers to gd32f30x_pmu.o(i.pmu_to_sleepmode) for pmu_to_sleepmode
    systick.o(i.delay_lp) refers to systick.o(.data) for .data
    systick.o(i.get_tick) refers to systick.o(.data) for .data
    systick.o(i.systick_config) refers to systick.o(i.__NVIC_SetPriority) for __NVIC_SetPriority
    systick.o(i.systick_config) refers to system_gd32f30x.o(.data) for SystemCoreClock
    gd32f30x_adc.o(i.adc_deinit) refers to gd32f30x_rcu.o(i.rcu_periph_reset_enable) for rcu_periph_reset_enable
    gd32f30x_adc.o(i.adc_deinit) refers to gd32f30x_rcu.o(i.rcu_periph_reset_disable) for rcu_periph_reset_disable
    gd32f30x_bkp.o(i.bkp_deinit) refers to gd32f30x_rcu.o(i.rcu_bkp_reset_enable) for rcu_bkp_reset_enable
    gd32f30x_bkp.o(i.bkp_deinit) refers to gd32f30x_rcu.o(i.rcu_bkp_reset_disable) for rcu_bkp_reset_disable
    gd32f30x_can.o(i.can_debug_freeze_disable) refers to gd32f30x_dbg.o(i.dbg_periph_enable) for dbg_periph_enable
    gd32f30x_can.o(i.can_debug_freeze_enable) refers to gd32f30x_dbg.o(i.dbg_periph_enable) for dbg_periph_enable
[...]
    Removing gd32f30x_spi.o(i.spi_crc_get), (12 bytes).
    Removing gd32f30x_spi.o(i.spi_crc_next), (10 bytes).
    Removing gd32f30x_spi.o(i.spi_crc_off), (10 bytes).
    Removing gd32f30x_spi.o(i.spi_crc_on), (10 bytes).
    Removing gd32f30x_spi.o(i.spi_crc_polynomial_get), (6 bytes).
    Removing gd32f30x_spi.o(i.spi_crc_polynomial_set), (12 bytes).
    Removing gd32f30x_spi.o(i.spi_disable), (10 bytes).
    Removing gd32f30x_spi.o(i.spi_dma_disable), (20 bytes).
    Removing gd32f30x_spi.o(i.spi_dma_enable), (20 bytes).
    Removing gd32f30x_spi.o(i.spi_enable), (10 bytes).
    Removing gd32f30x_spi.o(i.spi_i2s_data_frame_format_config), (16 bytes).
    Removing gd32f30x_spi.o(i.spi_i2s_data_receive), (6 bytes).
    Removing gd32f30x_spi.o(i.spi_i2s_data_transmit), (4 bytes).
    Removing gd32f30x_spi.o(i.spi_i2s_deinit), (60 bytes).
    Removing gd32f30x_spi.o(i.spi_i2s_flag_get), (10 bytes).
    Removing gd32f30x_spi.o(i.spi_i2s_interrupt_disable), (36 bytes).
    Removing gd32f30x_spi.o(i.spi_i2s_interrupt_enable), (36 bytes).
    Removing gd32f30x_spi.o(i.spi_i2s_interrupt_flag_get), (84 bytes).
    Removing gd32f30x_spi.o(i.spi_init), (46 bytes).
    Removing gd32f30x_spi.o(i.spi_nss_internal_high), (10 bytes).
    Removing gd32f30x_spi.o(i.spi_nss_internal_low), (10 bytes).
    Removing gd32f30x_spi.o(i.spi_nss_output_disable), (10 bytes).
    Removing gd32f30x_spi.o(i.spi_nss_output_enable), (10 bytes).
    Removing gd32f30x_spi.o(i.spi_nssp_mode_disable), (10 bytes).
    Removing gd32f30x_spi.o(i.spi_nssp_mode_enable), (10 bytes).
    Removing gd32f30x_spi.o(i.spi_struct_para_init), (18 bytes).
    Removing gd32f30x_spi.o(i.spi_ti_mode_disable), (10 bytes).
    Removing gd32f30x_spi.o(i.spi_ti_mode_enable), (10 bytes).
    Removing gd32f30x_timer.o(.rev16_text), (4 bytes).
    Removing gd32f30x_timer.o(.revsh_text), (4 bytes).
    Removing gd32f30x_timer.o(.rrx_text), (6 bytes).
    Removing gd32f30x_timer.o(i.timer_auto_reload_shadow_disable), (10 bytes).
    Removing gd32f30x_timer.o(i.timer_auto_reload_shadow_enable), (10 bytes).
    Removing gd32f30x_timer.o(i.timer_automatic_output_disable), (10 bytes).
    Removing gd32f30x_timer.o(i.timer_automatic_output_enable), (10 bytes).
    Removing gd32f30x_timer.o(i.timer_autoreload_value_config), (4 bytes).
    Removing gd32f30x_timer.o(i.timer_break_config), (32 bytes).
    Removing gd32f30x_timer.o(i.timer_break_disable), (10 bytes).
    Removing gd32f30x_timer.o(i.timer_break_enable), (10 bytes).
    Removing gd32f30x_timer.o(i.timer_break_struct_para_init), (18 bytes).
    Removing gd32f30x_timer.o(i.timer_channel_capture_value_register_read), (34 bytes).
    Removing gd32f30x_timer.o(i.timer_channel_complementary_output_polarity_config), (58 bytes).
    Removing gd32f30x_timer.o(i.timer_channel_complementary_output_state_config), (58 bytes).
    Removing gd32f30x_timer.o(i.timer_channel_control_shadow_config), (20 bytes).
    Removing gd32f30x_timer.o(i.timer_channel_control_shadow_update_config), (24 bytes).
    Removing gd32f30x_timer.o(i.timer_channel_dma_request_source_select), (24 bytes).
    Removing gd32f30x_timer.o(i.timer_channel_input_capture_prescaler_config), (78 bytes).
    Removing gd32f30x_timer.o(i.timer_channel_input_struct_para_init), (14 bytes).
    Removing gd32f30x_timer.o(i.timer_channel_output_clear_config), (78 bytes).
    Removing gd32f30x_timer.o(i.timer_channel_output_config), (468 bytes).
    Removing gd32f30x_timer.o(i.timer_channel_output_fast_config), (78 bytes).
    Removing gd32f30x_timer.o(i.timer_channel_output_mode_config), (78 bytes).
    Removing gd32f30x_timer.o(i.timer_channel_output_polarity_config), (78 bytes).
    Removing gd32f30x_timer.o(i.timer_channel_output_pulse_value_config), (30 bytes).
    Removing gd32f30x_timer.o(i.timer_channel_output_shadow_config), (78 bytes).
    Removing gd32f30x_timer.o(i.timer_channel_output_state_config), (78 bytes).
    Removing gd32f30x_timer.o(i.timer_channel_output_struct_para_init), (16 bytes).
    Removing gd32f30x_timer.o(i.timer_counter_alignment), (16 bytes).
    Removing gd32f30x_timer.o(i.timer_counter_down_direction), (10 bytes).
    Removing gd32f30x_timer.o(i.timer_counter_read), (4 bytes).
    Removing gd32f30x_timer.o(i.timer_counter_up_direction), (10 bytes).
    Removing gd32f30x_timer.o(i.timer_counter_value_config), (4 bytes).
    Removing gd32f30x_timer.o(i.timer_deinit), (120 bytes).
    Removing gd32f30x_timer.o(i.timer_disable), (10 bytes).
    Removing gd32f30x_timer.o(i.timer_dma_disable), (8 bytes).
    Removing gd32f30x_timer.o(i.timer_dma_enable), (8 bytes).
    Removing gd32f30x_timer.o(i.timer_dma_transfer_config), (22 bytes).
    Removing gd32f30x_timer.o(i.timer_enable), (10 bytes).
    Removing gd32f30x_timer.o(i.timer_event_software_generate), (8 bytes).
    Removing gd32f30x_timer.o(i.timer_external_clock_mode0_config), (26 bytes).
    Removing gd32f30x_timer.o(i.timer_external_clock_mode1_config), (18 bytes).
    Removing gd32f30x_timer.o(i.timer_external_clock_mode1_disable), (10 bytes).
    Removing gd32f30x_timer.o(i.timer_external_trigger_as_external_clock_config), (156 bytes).
    Removing gd32f30x_timer.o(i.timer_external_trigger_config), (28 bytes).
    Removing gd32f30x_timer.o(i.timer_flag_clear), (6 bytes).
    Removing gd32f30x_timer.o(i.timer_flag_get), (10 bytes).
    Removing gd32f30x_timer.o(i.timer_hall_mode_config), (24 bytes).
    Removing gd32f30x_timer.o(i.timer_init), (148 bytes).
    Removing gd32f30x_timer.o(i.timer_input_capture_config), (300 bytes).
    Removing gd32f30x_timer.o(i.timer_input_pwm_capture_config), (334 bytes).
    Removing gd32f30x_timer.o(i.timer_input_trigger_source_select), (16 bytes).
    Removing gd32f30x_timer.o(i.timer_internal_clock_config), (10 bytes).
    Removing gd32f30x_timer.o(i.timer_internal_trigger_as_external_clock_config), (26 bytes).
    Removing gd32f30x_timer.o(i.timer_interrupt_disable), (8 bytes).
    Removing gd32f30x_timer.o(i.timer_interrupt_enable), (8 bytes).
    Removing gd32f30x_timer.o(i.timer_interrupt_flag_clear), (6 bytes).
    Removing gd32f30x_timer.o(i.timer_interrupt_flag_get), (20 bytes).
    Removing gd32f30x_timer.o(i.timer_master_output_trigger_source_select), (16 bytes).
    Removing gd32f30x_timer.o(i.timer_master_slave_mode_config), (24 bytes).
    Removing gd32f30x_timer.o(i.timer_output_value_selection_config), (30 bytes).
    Removing gd32f30x_timer.o(i.timer_prescaler_config), (16 bytes).
    Removing gd32f30x_timer.o(i.timer_prescaler_read), (6 bytes).
    Removing gd32f30x_timer.o(i.timer_primary_output_config), (20 bytes).
    Removing gd32f30x_timer.o(i.timer_quadrature_decoder_mode_config), (64 bytes).
    Removing gd32f30x_timer.o(i.timer_repetition_value_config), (4 bytes).
    Removing gd32f30x_timer.o(i.timer_single_pulse_mode_config), (24 bytes).
    Removing gd32f30x_timer.o(i.timer_slave_mode_select), (16 bytes).
    Removing gd32f30x_timer.o(i.timer_struct_para_init), (20 bytes).
    Removing gd32f30x_timer.o(i.timer_update_event_disable), (10 bytes).
    Removing gd32f30x_timer.o(i.timer_update_event_enable), (10 bytes).
    Removing gd32f30x_timer.o(i.timer_update_source_config), (24 bytes).
    Removing gd32f30x_timer.o(i.timer_write_chxval_register_config), (30 bytes).
    Removing gd32f30x_usart.o(.rev16_text), (4 bytes).
    Removing gd32f30x_usart.o(.revsh_text), (4 bytes).
    Removing gd32f30x_usart.o(.rrx_text), (6 bytes).
    Removing gd32f30x_usart.o(i.usart_address_config), (20 bytes).
    Removing gd32f30x_usart.o(i.usart_block_length_config), (20 bytes).
    Removing gd32f30x_usart.o(i.usart_data_first_config), (18 bytes).
    Removing gd32f30x_usart.o(i.usart_data_receive), (8 bytes).
    Removing gd32f30x_usart.o(i.usart_disable), (10 bytes).
    Removing gd32f30x_usart.o(i.usart_dma_receive_config), (12 bytes).
    Removing gd32f30x_usart.o(i.usart_dma_transmit_config), (12 bytes).
    Removing gd32f30x_usart.o(i.usart_flag_clear), (20 bytes).
    Removing gd32f30x_usart.o(i.usart_guard_time_config), (24 bytes).
    Removing gd32f30x_usart.o(i.usart_halfduplex_disable), (10 bytes).
    Removing gd32f30x_usart.o(i.usart_halfduplex_enable), (10 bytes).
    Removing gd32f30x_usart.o(i.usart_hardware_flow_cts_config), (12 bytes).
    Removing gd32f30x_usart.o(i.usart_hardware_flow_rts_config), (12 bytes).
    Removing gd32f30x_usart.o(i.usart_interrupt_disable), (20 bytes).
    Removing gd32f30x_usart.o(i.usart_interrupt_enable), (20 bytes).
    Removing gd32f30x_usart.o(i.usart_interrupt_flag_clear), (20 bytes).
    Removing gd32f30x_usart.o(i.usart_interrupt_flag_get), (46 bytes).
    Removing gd32f30x_usart.o(i.usart_invert_config), (76 bytes).
    Removing gd32f30x_usart.o(i.usart_irda_lowpower_config), (20 bytes).
    Removing gd32f30x_usart.o(i.usart_irda_mode_disable), (10 bytes).
    Removing gd32f30x_usart.o(i.usart_irda_mode_enable), (10 bytes).
    Removing gd32f30x_usart.o(i.usart_lin_break_detection_length_config), (20 bytes).
    Removing gd32f30x_usart.o(i.usart_lin_mode_disable), (10 bytes).
    Removing gd32f30x_usart.o(i.usart_lin_mode_enable), (10 bytes).
    Removing gd32f30x_usart.o(i.usart_mute_mode_disable), (10 bytes).
    Removing gd32f30x_usart.o(i.usart_mute_mode_enable), (10 bytes).
    Removing gd32f30x_usart.o(i.usart_mute_mode_wakeup_config), (16 bytes).
    Removing gd32f30x_usart.o(i.usart_parity_config), (16 bytes).
    Removing gd32f30x_usart.o(i.usart_prescaler_config), (16 bytes).
    Removing gd32f30x_usart.o(i.usart_receiver_timeout_disable), (12 bytes).
    Removing gd32f30x_usart.o(i.usart_receiver_timeout_enable), (12 bytes).
    Removing gd32f30x_usart.o(i.usart_receiver_timeout_threshold_config), (18 bytes).
    Removing gd32f30x_usart.o(i.usart_send_break), (10 bytes).
    Removing gd32f30x_usart.o(i.usart_smartcard_autoretry_config), (24 bytes).
    Removing gd32f30x_usart.o(i.usart_smartcard_mode_disable), (10 bytes).
    Removing gd32f30x_usart.o(i.usart_smartcard_mode_enable), (10 bytes).
    Removing gd32f30x_usart.o(i.usart_smartcard_mode_nack_disable), (10 bytes).
    Removing gd32f30x_usart.o(i.usart_smartcard_mode_nack_enable), (10 bytes).
    Removing gd32f30x_usart.o(i.usart_stop_bit_set), (16 bytes).
    Removing gd32f30x_usart.o(i.usart_synchronous_clock_config), (30 bytes).
    Removing gd32f30x_usart.o(i.usart_synchronous_clock_disable), (10 bytes).
    Removing gd32f30x_usart.o(i.usart_synchronous_clock_enable), (10 bytes).
    Removing gd32f30x_usart.o(i.usart_word_length_set), (16 bytes).
    Removing gd32f30x_wwdgt.o(.rev16_text), (4 bytes).
    Removing gd32f30x_wwdgt.o(.revsh_text), (4 bytes).
    Removing gd32f30x_wwdgt.o(.rrx_text), (6 bytes).
    Removing gd32f30x_wwdgt.o(i.wwdgt_config), (44 bytes).
    Removing gd32f30x_wwdgt.o(i.wwdgt_counter_update), (24 bytes).
    Removing gd32f30x_wwdgt.o(i.wwdgt_deinit), (22 bytes).
    Removing gd32f30x_wwdgt.o(i.wwdgt_enable), (16 bytes).
    Removing gd32f30x_wwdgt.o(i.wwdgt_flag_clear), (16 bytes).
    Removing gd32f30x_wwdgt.o(i.wwdgt_flag_get), (16 bytes).
    Removing gd32f30x_wwdgt.o(i.wwdgt_interrupt_enable), (16 bytes).
    Removing startup_gd32f30x_hd.o(HEAP), (1024 bytes).
    Removing system_gd32f30x.o(.rev16_text), (4 bytes).
    Removing system_gd32f30x.o(.revsh_text), (4 bytes).
    Removing system_gd32f30x.o(.rrx_text), (6 bytes).
    Removing cpuport.o(i.rt_hw_cpu_reset), (16 bytes).
    Removing cpuport.o(i.rt_hw_cpu_shutdown), (24 bytes).
    Removing cpuport.o(i.rt_hw_exception_install), (12 bytes).
    Removing clock.o(i.rt_system_tick_init), (2 bytes).
    Removing clock.o(i.rt_tick_set), (24 bytes).
    Removing idle.o(i.rt_thread_idle_gethandler), (8 bytes).
    Removing ipc.o(i.rt_ipc_list_resume_all), (44 bytes).
    Removing ipc.o(i.rt_mb_control), (58 bytes).
    Removing ipc.o(i.rt_mb_create), (72 bytes).
    Removing ipc.o(i.rt_mb_delete), (34 bytes).
    Removing ipc.o(i.rt_mb_detach), (28 bytes).
    Removing ipc.o(i.rt_mb_init), (52 bytes).
    Removing ipc.o(i.rt_mb_recv), (246 bytes).
    Removing ipc.o(i.rt_mb_send), (6 bytes).
    Removing ipc.o(i.rt_mb_send_wait), (236 bytes).
    Removing ipc.o(i.rt_sem_control), (46 bytes).
    Removing ipc.o(i.rt_sem_delete), (20 bytes).
    Removing ipc.o(i.rt_sem_detach), (20 bytes).
    Removing ipc.o(i.rt_sem_trytake), (6 bytes).
    Removing irq.o(i.rt_interrupt_get_nest), (12 bytes).
    Removing kservice.o(i._rt_errno), (28 bytes).
    Removing kservice.o(i.rt_free_align), (8 bytes).
    Removing kservice.o(i.rt_get_errno), (28 bytes).
    Removing kservice.o(i.rt_kputs), (12 bytes).
    Removing kservice.o(i.rt_malloc_align), (50 bytes).
    Removing kservice.o(i.rt_memcmp), (28 bytes).
    Removing kservice.o(i.rt_memcpy), (74 bytes).
    Removing kservice.o(i.rt_memmove), (50 bytes).
    Removing kservice.o(i.rt_set_errno), (32 bytes).
    Removing kservice.o(i.rt_snprintf), (18 bytes).
    Removing kservice.o(i.rt_sprintf), (18 bytes).
    Removing kservice.o(i.rt_strcasecmp), (44 bytes).
    Removing kservice.o(i.rt_strcmp), (24 bytes).
    Removing kservice.o(i.rt_strdup), (36 bytes).
    Removing kservice.o(i.rt_strncmp), (32 bytes).
    Removing kservice.o(i.rt_strnlen), (20 bytes).
    Removing kservice.o(i.rt_strstr), (54 bytes).
    Removing kservice.o(i.rt_vsprintf), (12 bytes).
    Removing kservice.o(.data), (4 bytes).
    Removing mem.o(i.rt_calloc), (26 bytes).
    Removing mem.o(i.rt_memory_info), (32 bytes).
    Removing mem.o(i.rt_realloc), (204 bytes).
    Removing object.o(i.rt_object_find), (76 bytes).
    Removing object.o(i.rt_object_get_type), (8 bytes).
    Removing object.o(i.rt_system_object_init), (2 bytes).
    Removing scheduler.o(i.rt_critical_level), (12 bytes).
    Removing thread.o(i.rt_thread_control), (100 bytes).
    Removing thread.o(i.rt_thread_detach), (84 bytes).
    Removing thread.o(i.rt_thread_find), (84 bytes).
    Removing thread.o(i.rt_thread_mdelay), (14 bytes).
    Removing timer.o(i.rt_timer_create), (46 bytes).
    Removing timer.o(i.rt_timer_delete), (32 bytes).
    Removing timer.o(i.rt_timer_next_timeout_tick), (24 bytes).
    Removing board.o(.rev16_text), (4 bytes).
    Removing board.o(.revsh_text), (4 bytes).
    Removing board.o(.rrx_text), (6 bytes).
    Removing dadd.o(.text), (334 bytes).
    Removing dmul.o(.text), (228 bytes).
    Removing ddiv.o(.text), (222 bytes).
    Removing dfixul.o(.text), (48 bytes).
    Removing cdrcmple.o(.text), (48 bytes).
    Removing depilogue.o(.text), (186 bytes).

650 unused section(s) (total 20374 bytes) removed from the image.

==============================================================================

Image Symbol Table

    Local Symbols

    Symbol Name                              Value     Ov Type        Size  Object(Section)

    ../clib/microlib/division.c              0x00000000   Number         0  uldiv.o ABSOLUTE
    ../clib/microlib/division.c              0x00000000   Number         0  uidiv.o ABSOLUTE
    ../clib/microlib/init/entry.s            0x00000000   Number         0  entry.o ABSOLUTE
    ../clib/microlib/init/entry.s            0x00000000   Number         0  entry9b.o ABSOLUTE
    ../clib/microlib/init/entry.s            0x00000000   Number         0  entry10a.o ABSOLUTE
    ../clib/microlib/init/entry.s            0x00000000   Number         0  entry10b.o ABSOLUTE
    ../clib/microlib/init/entry.s            0x00000000   Number         0  entry2.o ABSOLUTE
    ../clib/microlib/init/entry.s            0x00000000   Number         0  entry11a.o ABSOLUTE
    ../clib/microlib/init/entry.s            0x00000000   Number         0  entry7a.o ABSOLUTE
    ../clib/microlib/init/entry.s            0x00000000   Number         0  entry11b.o ABSOLUTE
    ../clib/microlib/init/entry.s            0x00000000   Number         0  entry5.o ABSOLUTE
    ../clib/microlib/init/entry.s            0x00000000   Number         0  entry7b.o ABSOLUTE
    ../clib/microlib/init/entry.s            0x00000000   Number         0  entry8a.o ABSOLUTE
    ../clib/microlib/init/entry.s            0x00000000   Number         0  entry9a.o ABSOLUTE
    ../clib/microlib/init/entry.s            0x00000000   Number         0  entry8b.o ABSOLUTE
    ../clib/microlib/longlong.c              0x00000000   Number         0  llshl.o ABSOLUTE
    ../clib/microlib/longlong.c              0x00000000   Number         0  llsshr.o ABSOLUTE
    ../clib/microlib/longlong.c              0x00000000   Number         0  llushr.o ABSOLUTE
    ../clib/microlib/printf/printf.c         0x00000000   Number         0  printf5.o ABSOLUTE
    ../clib/microlib/printf/printf.c         0x00000000   Number         0  printf3.o ABSOLUTE
    ../clib/microlib/printf/printf.c         0x00000000   Number         0  printf4.o ABSOLUTE
    ../clib/microlib/printf/printf.c         0x00000000   Number         0  printfb.o ABSOLUTE
    ../clib/microlib/printf/printf.c         0x00000000   Number         0  printf7.o ABSOLUTE
    ../clib/microlib/printf/printf.c         0x00000000   Number         0  printf1.o ABSOLUTE
    ../clib/microlib/printf/printf.c         0x00000000   Number         0  printf0.o ABSOLUTE
    ../clib/microlib/printf/printf.c         0x00000000   Number         0  printf8.o ABSOLUTE
    ../clib/microlib/printf/printf.c         0x00000000   Number         0  printfa.o ABSOLUTE
    ../clib/microlib/printf/printf.c         0x00000000   Number         0  printf6.o ABSOLUTE
    ../clib/microlib/printf/printf.c         0x00000000   Number         0  printf2.o ABSOLUTE
    ../clib/microlib/stdio/streams.c         0x00000000   Number         0  stdout.o ABSOLUTE
    ../clib/microlib/stubs.s                 0x00000000   Number         0  iusefp.o ABSOLUTE
    ../fplib/microlib/fpadd.c                0x00000000   Number         0  dadd.o ABSOLUTE
    ../fplib/microlib/fpdiv.c                0x00000000   Number         0  ddiv.o ABSOLUTE
    ../fplib/microlib/fpepilogue.c           0x00000000   Number         0  depilogue.o ABSOLUTE
    ../fplib/microlib/fpfix.c                0x00000000   Number         0  dfixul.o ABSOLUTE
    ../fplib/microlib/fpmul.c                0x00000000   Number         0  dmul.o ABSOLUTE
    ..\GD32\CMSIS\GD\GD32F30x\Source\ARM\startup_gd32f30x_hd.s 0x00000000   Number         0  startup_gd32f30x_hd.o ABSOLUTE
    ..\GD32\CMSIS\GD\GD32F30x\Source\system_gd32f30x.c 0x00000000   Number         0  system_gd32f30x.o ABSOLUTE
    ..\GD32\GD32F30x_standard_peripheral\Source\gd32f30x_adc.c 0x00000000   Number         0  gd32f30x_adc.o ABSOLUTE
    ..\GD32\GD32F30x_standard_peripheral\Source\gd32f30x_bkp.c 0x00000000   Number         0  gd32f30x_bkp.o ABSOLUTE
    ..\GD32\GD32F30x_standard_peripheral\Source\gd32f30x_can.c 0x00000000   Number         0  gd32f30x_can.o ABSOLUTE
    ..\GD32\GD32F30x_standard_peripheral\Source\gd32f30x_crc.c 0x00000000   Number         0  gd32f30x_crc.o ABSOLUTE
    ..\GD32\GD32F30x_standard_peripheral\Source\gd32f30x_ctc.c 0x00000000   Number         0  gd32f30x_ctc.o ABSOLUTE
    ..\GD32\GD32F30x_standard_peripheral\Source\gd32f30x_dac.c 0x00000000   Number         0  gd32f30x_dac.o ABSOLUTE
    ..\GD32\GD32F30x_standard_peripheral\Source\gd32f30x_dbg.c 0x00000000   Number         0  gd32f30x_dbg.o ABSOLUTE
    ..\GD32\GD32F30x_standard_peripheral\Source\gd32f30x_dma.c 0x00000000   Number         0  gd32f30x_dma.o ABSOLUTE
    ..\GD32\GD32F30x_standard_peripheral\Source\gd32f30x_exmc.c 0x00000000   Number         0  gd32f30x_exmc.o ABSOLUTE
    ..\GD32\GD32F30x_standard_peripheral\Source\gd32f30x_exti.c 0x00000000   Number         0  gd32f30x_exti.o ABSOLUTE
    ..\GD32\GD32F30x_standard_peripheral\Source\gd32f30x_fwdgt.c 0x00000000   Number         0  gd32f30x_fwdgt.o ABSOLUTE
    ..\GD32\GD32F30x_standard_peripheral\Source\gd32f30x_gpio.c 0x00000000   Number         0  gd32f30x_gpio.o ABSOLUTE
    ..\GD32\GD32F30x_standard_peripheral\Source\gd32f30x_i2c.c 0x00000000   Number         0  gd32f30x_i2c.o ABSOLUTE
    ..\GD32\GD32F30x_standard_peripheral\Source\gd32f30x_misc.c 0x00000000   Number         0  gd32f30x_misc.o ABSOLUTE
    ..\GD32\GD32F30x_standard_peripheral\Source\gd32f30x_pmu.c 0x00000000   Number         0  gd32f30x_pmu.o ABSOLUTE
    ..\GD32\GD32F30x_standard_peripheral\Source\gd32f30x_rcu.c 0x00000000   Number         0  gd32f30x_rcu.o ABSOLUTE
    ..\GD32\GD32F30x_standard_peripheral\Source\gd32f30x_rtc.c 0x00000000   Number         0  gd32f30x_rtc.o ABSOLUTE
    ..\GD32\GD32F30x_standard_peripheral\Source\gd32f30x_spi.c 0x00000000   Number         0  gd32f30x_spi.o ABSOLUTE
    ..\GD32\GD32F30x_standard_peripheral\Source\gd32f30x_timer.c 0x00000000   Number         0  gd32f30x_timer.o ABSOLUTE
    ..\GD32\GD32F30x_standard_peripheral\Source\gd32f30x_usart.c 0x00000000   Number         0  gd32f30x_usart.o ABSOLUTE
    ..\GD32\GD32F30x_standard_peripheral\Source\gd32f30x_wwdgt.c 0x00000000   Number         0  gd32f30x_wwdgt.o ABSOLUTE
    ..\Src\gd32f30x_it.c                     0x00000000   Number         0  gd32f30x_it.o ABSOLUTE
    ..\Src\gpio.c                            0x00000000   Number         0  gpio.o ABSOLUTE
    ..\Src\main.c                            0x00000000   Number         0  main.o ABSOLUTE
    ..\Src\systick.c                         0x00000000   Number         0  systick.o ABSOLUTE
    ..\Src\usart.c                           0x00000000   Number         0  usart.o ABSOLUTE
    ..\\GD32\\CMSIS\\GD\\GD32F30x\\Source\\system_gd32f30x.c 0x00000000   Number         0  system_gd32f30x.o ABSOLUTE
    ..\\GD32\\GD32F30x_standard_peripheral\\Source\\gd32f30x_adc.c 0x00000000   Number         0  gd32f30x_adc.o ABSOLUTE
    ..\\GD32\\GD32F30x_standard_peripheral\\Source\\gd32f30x_bkp.c 0x00000000   Number         0  gd32f30x_bkp.o ABSOLUTE
    ..\\GD32\\GD32F30x_standard_peripheral\\Source\\gd32f30x_can.c 0x00000000   Number         0  gd32f30x_can.o ABSOLUTE
    ..\\GD32\\GD32F30x_standard_peripheral\\Source\\gd32f30x_crc.c 0x00000000   Number         0  gd32f30x_crc.o ABSOLUTE
    ..\\GD32\\GD32F30x_standard_peripheral\\Source\\gd32f30x_ctc.c 0x00000000   Number         0  gd32f30x_ctc.o ABSOLUTE
    ..\\GD32\\GD32F30x_standard_peripheral\\Source\\gd32f30x_dac.c 0x00000000   Number         0  gd32f30x_dac.o ABSOLUTE
    ..\\GD32\\GD32F30x_standard_peripheral\\Source\\gd32f30x_dbg.c 0x00000000   Number         0  gd32f30x_dbg.o ABSOLUTE
    ..\\GD32\\GD32F30x_standard_peripheral\\Source\\gd32f30x_dma.c 0x00000000   Number         0  gd32f30x_dma.o ABSOLUTE
    ..\\GD32\\GD32F30x_standard_peripheral\\Source\\gd32f30x_exmc.c 0x00000000   Number         0  gd32f30x_exmc.o ABSOLUTE
    ..\\GD32\\GD32F30x_standard_peripheral\\Source\\gd32f30x_exti.c 0x00000000   Number         0  gd32f30x_exti.o ABSOLUTE
    ..\\GD32\\GD32F30x_standard_peripheral\\Source\\gd32f30x_fwdgt.c 0x00000000   Number         0  gd32f30x_fwdgt.o ABSOLUTE
    ..\\GD32\\GD32F30x_standard_peripheral\\Source\\gd32f30x_gpio.c 0x00000000   Number         0  gd32f30x_gpio.o ABSOLUTE
    ..\\GD32\\GD32F30x_standard_peripheral\\Source\\gd32f30x_i2c.c 0x00000000   Number         0  gd32f30x_i2c.o ABSOLUTE
    ..\\GD32\\GD32F30x_standard_peripheral\\Source\\gd32f30x_misc.c 0x00000000   Number         0  gd32f30x_misc.o ABSOLUTE
    ..\\GD32\\GD32F30x_standard_peripheral\\Source\\gd32f30x_pmu.c 0x00000000   Number         0  gd32f30x_pmu.o ABSOLUTE
    ..\\GD32\\GD32F30x_standard_peripheral\\Source\\gd32f30x_rcu.c 0x00000000   Number         0  gd32f30x_rcu.o ABSOLUTE
    ..\\GD32\\GD32F30x_standard_peripheral\\Source\\gd32f30x_rtc.c 0x00000000   Number         0  gd32f30x_rtc.o ABSOLUTE
    ..\\GD32\\GD32F30x_standard_peripheral\\Source\\gd32f30x_spi.c 0x00000000   Number         0  gd32f30x_spi.o ABSOLUTE
    ..\\GD32\\GD32F30x_standard_peripheral\\Source\\gd32f30x_timer.c 0x00000000   Number         0  gd32f30x_timer.o ABSOLUTE
    ..\\GD32\\GD32F30x_standard_peripheral\\Source\\gd32f30x_usart.c 0x00000000   Number         0  gd32f30x_usart.o ABSOLUTE
    ..\\GD32\\GD32F30x_standard_peripheral\\Source\\gd32f30x_wwdgt.c 0x00000000   Number         0  gd32f30x_wwdgt.o ABSOLUTE
    ..\\Src\\gd32f30x_it.c                   0x00000000   Number         0  gd32f30x_it.o ABSOLUTE
    ..\\Src\\gpio.c                          0x00000000   Number         0  gpio.o ABSOLUTE
    ..\\Src\\main.c                          0x00000000   Number         0  main.o ABSOLUTE
    ..\\Src\\systick.c                       0x00000000   Number         0  systick.o ABSOLUTE
    ..\\Src\\usart.c                         0x00000000   Number         0  usart.o ABSOLUTE
    F:\Keil_v5\ARM\PACK\RealThread\RT-Thread\3.1.3\libcpu\arm\cortex-m4\context_rvds.S 0x00000000   Number         0  context_rvds.o ABSOLUTE
    F:\Keil_v5\ARM\PACK\RealThread\RT-Thread\3.1.3\libcpu\arm\cortex-m4\cpuport.c 0x00000000   Number         0  cpuport.o ABSOLUTE
    F:\Keil_v5\ARM\PACK\RealThread\RT-Thread\3.1.3\src\clock.c 0x00000000   Number         0  clock.o ABSOLUTE
    F:\Keil_v5\ARM\PACK\RealThread\RT-Thread\3.1.3\src\components.c 0x00000000   Number         0  components.o ABSOLUTE
    F:\Keil_v5\ARM\PACK\RealThread\RT-Thread\3.1.3\src\idle.c 0x00000000   Number         0  idle.o ABSOLUTE
    F:\Keil_v5\ARM\PACK\RealThread\RT-Thread\3.1.3\src\ipc.c 0x00000000   Number         0  ipc.o ABSOLUTE
    F:\Keil_v5\ARM\PACK\RealThread\RT-Thread\3.1.3\src\irq.c 0x00000000   Number         0  irq.o ABSOLUTE
    F:\Keil_v5\ARM\PACK\RealThread\RT-Thread\3.1.3\src\kservice.c 0x00000000   Number         0  kservice.o ABSOLUTE
    F:\Keil_v5\ARM\PACK\RealThread\RT-Thread\3.1.3\src\mem.c 0x00000000   Number         0  mem.o ABSOLUTE
    F:\Keil_v5\ARM\PACK\RealThread\RT-Thread\3.1.3\src\object.c 0x00000000   Number         0  object.o ABSOLUTE
    F:\Keil_v5\ARM\PACK\RealThread\RT-Thread\3.1.3\src\scheduler.c 0x00000000   Number         0  scheduler.o ABSOLUTE
    F:\Keil_v5\ARM\PACK\RealThread\RT-Thread\3.1.3\src\thread.c 0x00000000   Number         0  thread.o ABSOLUTE
    F:\Keil_v5\ARM\PACK\RealThread\RT-Thread\3.1.3\src\timer.c 0x00000000   Number         0  timer.o ABSOLUTE
    RTE\RTOS\board.c                         0x00000000   Number         0  board.o ABSOLUTE
    RTE\\RTOS\\board.c                       0x00000000   Number         0  board.o ABSOLUTE
    cdrcmple.s                               0x00000000   Number         0  cdrcmple.o ABSOLUTE
    dc.s                                     0x00000000   Number         0  dc.o ABSOLUTE
    handlers.s                               0x00000000   Number         0  handlers.o ABSOLUTE
    init.s                                   0x00000000   Number         0  init.o ABSOLUTE
    RESET                                    0x08000000   Section      304  startup_gd32f30x_hd.o(RESET)
    .ARM.Collect$$$$00000000                 0x08000130   Section        0  entry.o(.ARM.Collect$$$$00000000)
    .ARM.Collect$$$$00000001                 0x08000130   Section        4  entry2.o(.ARM.Collect$$$$00000001)
    .ARM.Collect$$$$00000004                 0x08000134   Section        4  entry5.o(.ARM.Collect$$$$00000004)
    .ARM.Collect$$$$00000008                 0x08000138   Section        0  entry7b.o(.ARM.Collect$$$$00000008)
    .ARM.Collect$$$$0000000A                 0x08000138   Section        0  entry8b.o(.ARM.Collect$$$$0000000A)
    .ARM.Collect$$$$0000000B                 0x08000138   Section        8  entry9a.o(.ARM.Collect$$$$0000000B)
    .ARM.Collect$$$$0000000D                 0x08000140   Section        0  entry10a.o(.ARM.Collect$$$$0000000D)
    .ARM.Collect$$$$0000000F                 0x08000140   Section        0  entry11a.o(.ARM.Collect$$$$0000000F)
    .ARM.Collect$$$$00002712                 0x08000140   Section        4  entry2.o(.ARM.Collect$$$$00002712)
    __lit__00000000                          0x08000140   Data           4  entry2.o(.ARM.Collect$$$$00002712)
    .text                                    0x08000144   Section       36  startup_gd32f30x_hd.o(.text)
    $v0                                      0x08000144   Number         0  startup_gd32f30x_hd.o(.text)
    .text                                    0x08000168   Section      308  context_rvds.o(.text)
    $v0                                      0x08000168   Number         0  context_rvds.o(.text)
    .text                                    0x0800029c   Section       36  init.o(.text)
    i.$Sub$$main                             0x080002c0   Section        0  components.o(i.$Sub$$main)
    i.BusFault_Handler                       0x080002ca   Section        0  gd32f30x_it.o(i.BusFault_Handler)
    i.DebugMon_Handler                       0x080002cc   Section        0  gd32f30x_it.o(i.DebugMon_Handler)
    i.MemManage_Handler                      0x080002ce   Section        0  gd32f30x_it.o(i.MemManage_Handler)
    i.NMI_Handler                            0x080002d0   Section        0  gd32f30x_it.o(i.NMI_Handler)
    i.SVC_Handler                            0x080002d2   Section        0  gd32f30x_it.o(i.SVC_Handler)
    i.SysTick_Handler                        0x080002d4   Section        0  board.o(i.SysTick_Handler)
    i.SystemCoreClockUpdate                  0x080002e8   Section        0  system_gd32f30x.o(i.SystemCoreClockUpdate)
    i.SystemInit                             0x08000368   Section        0  system_gd32f30x.o(i.SystemInit)
    i.UsageFault_Handler                     0x080003c4   Section        0  gd32f30x_it.o(i.UsageFault_Handler)
    i.__0printf$bare                         0x080003c8   Section        0  printfb.o(i.__0printf$bare)
    i.__rt_ffs                               0x080003d8   Section        0  kservice.o(i.__rt_ffs)
    i.__scatterload_copy                     0x0800041c   Section       14  handlers.o(i.__scatterload_copy)
    i.__scatterload_null                     0x0800042a   Section        2  handlers.o(i.__scatterload_null)
    i.__scatterload_zeroinit                 0x0800042c   Section       14  handlers.o(i.__scatterload_zeroinit)
    i._has_defunct_thread                    0x0800043c   Section        0  idle.o(i._has_defunct_thread)
    _has_defunct_thread                      0x0800043d   Thumb Code    16  idle.o(i._has_defunct_thread)
    i._printf_core                           0x08000450   Section        0  printfb.o(i._printf_core)
    _printf_core                             0x08000451   Thumb Code    34  printfb.o(i._printf_core)
    i._rt_thread_init                        0x08000474   Section        0  thread.o(i._rt_thread_init)
    _rt_thread_init                          0x08000475   Thumb Code   118  thread.o(i._rt_thread_init)
    i._rt_timer_init                         0x080004f4   Section        0  timer.o(i._rt_timer_init)
    _rt_timer_init                           0x080004f5   Thumb Code    28  timer.o(i._rt_timer_init)
    i._rt_timer_remove                       0x08000510   Section        0  timer.o(i._rt_timer_remove)
    _rt_timer_remove                         0x08000511   Thumb Code    18  timer.o(i._rt_timer_remove)
    i.fputc                                  0x08000524   Section        0  usart.o(i.fputc)
    i.gpio_bit_reset                         0x08000548   Section        0  gd32f30x_gpio.o(i.gpio_bit_reset)
    i.gpio_bit_write                         0x0800054c   Section        0  gd32f30x_gpio.o(i.gpio_bit_write)
    i.gpio_config                            0x08000558   Section        0  gpio.o(i.gpio_config)
    i.gpio_deinit                            0x080005ac   Section        0  gd32f30x_gpio.o(i.gpio_deinit)
    i.gpio_init                              0x0800061c   Section        0  gd32f30x_gpio.o(i.gpio_init)
    i.gpio_input_bit_get                     0x080006c2   Section        0  gd32f30x_gpio.o(i.gpio_input_bit_get)
    i.gpio_output_bit_get                    0x080006cc   Section        0  gd32f30x_gpio.o(i.gpio_output_bit_get)
    i.gpio_pin_remap_config                  0x080006d8   Section        0  gd32f30x_gpio.o(i.gpio_pin_remap_config)
    i.jump_to_app                            0x08000730   Section        0  main.o(i.jump_to_app)
    i.main                                   0x0800074c   Section        0  main.o(i.main)
    i.main_thread_entry                      0x080007d8   Section        0  components.o(i.main_thread_entry)
    i.plug_holes                             0x080007e8   Section        0  mem.o(i.plug_holes)
    plug_holes                               0x080007e9   Thumb Code    80  mem.o(i.plug_holes)
    i.print_number                           0x0800083c   Section        0  kservice.o(i.print_number)
    print_number                             0x0800083d   Thumb Code   300  kservice.o(i.print_number)
    i.rcu_clock_freq_get                     0x0800096c   Section        0  gd32f30x_rcu.o(i.rcu_clock_freq_get)
    i.rcu_periph_clock_enable                0x08000a6c   Section        0  gd32f30x_rcu.o(i.rcu_periph_clock_enable)
    i.rcu_periph_reset_disable               0x08000a88   Section        0  gd32f30x_rcu.o(i.rcu_periph_reset_disable)
    i.rcu_periph_reset_enable                0x08000aa4   Section        0  gd32f30x_rcu.o(i.rcu_periph_reset_enable)
    i.rt_application_init                    0x08000ac0   Section        0  components.o(i.rt_application_init)
    i.rt_components_board_init               0x08000aec   Section        0  components.o(i.rt_components_board_init)
    i.rt_components_init                     0x08000b08   Section        0  components.o(i.rt_components_init)
    i.rt_enter_critical                      0x08000b24   Section        0  scheduler.o(i.rt_enter_critical)
    i.rt_exit_critical                       0x08000b40   Section        0  scheduler.o(i.rt_exit_critical)
    i.rt_free                                0x08000b78   Section        0  mem.o(i.rt_free)
    i.rt_heap_begin_get                      0x08000c3c   Section        0  board.o(i.rt_heap_begin_get)
    i.rt_heap_end_get                        0x08000c44   Section        0  board.o(i.rt_heap_end_get)
    i.rt_hw_board_init                       0x08000c4c   Section        0  board.o(i.rt_hw_board_init)
    i.rt_hw_console_output                   0x08000c9c   Section        0  kservice.o(i.rt_hw_console_output)
    i.rt_hw_hard_fault_exception             0x08000ca0   Section        0  cpuport.o(i.rt_hw_hard_fault_exception)
    i.rt_hw_stack_init                       0x08000eb0   Section        0  cpuport.o(i.rt_hw_stack_init)
    i.rt_interrupt_enter                     0x08000eec   Section        0  irq.o(i.rt_interrupt_enter)
    i.rt_interrupt_leave                     0x08000f08   Section        0  irq.o(i.rt_interrupt_leave)
    i.rt_ipc_list_suspend                    0x08000f24   Section        0  ipc.o(i.rt_ipc_list_suspend)
    rt_ipc_list_suspend                      0x08000f25   Thumb Code    82  ipc.o(i.rt_ipc_list_suspend)
    i.rt_kprintf                             0x08000f78   Section        0  kservice.o(i.rt_kprintf)
    i.rt_list_insert_after                   0x08000f98   Section        0  object.o(i.rt_list_insert_after)
    rt_list_insert_after                     0x08000f99   Thumb Code    14  object.o(i.rt_list_insert_after)
    i.rt_list_insert_after                   0x08000fa6   Section        0  thread.o(i.rt_list_insert_after)
    rt_list_insert_after                     0x08000fa7   Thumb Code    14  thread.o(i.rt_list_insert_after)
    i.rt_list_insert_after                   0x08000fb4   Section        0  timer.o(i.rt_list_insert_after)
    rt_list_insert_after                     0x08000fb5   Thumb Code    14  timer.o(i.rt_list_insert_after)
    i.rt_list_insert_before                  0x08000fc2   Section        0  ipc.o(i.rt_list_insert_before)
    rt_list_insert_before                    0x08000fc3   Thumb Code    14  ipc.o(i.rt_list_insert_before)
    i.rt_list_remove                         0x08000fd0   Section        0  object.o(i.rt_list_remove)
    rt_list_remove                           0x08000fd1   Thumb Code    18  object.o(i.rt_list_remove)
    i.rt_list_remove                         0x08000fe2   Section        0  thread.o(i.rt_list_remove)
    rt_list_remove                           0x08000fe3   Thumb Code    18  thread.o(i.rt_list_remove)
    i.rt_malloc                              0x08000ff4   Section        0  mem.o(i.rt_malloc)
    i.rt_memset                              0x080010e4   Section        0  kservice.o(i.rt_memset)
    i.rt_object_allocate                     0x0800112a   Section        0  object.o(i.rt_object_allocate)
    i.rt_object_delete                       0x0800117a   Section        0  object.o(i.rt_object_delete)
    i.rt_object_detach                       0x080011a0   Section        0  object.o(i.rt_object_detach)
    i.rt_object_get_information              0x080011c0   Section        0  object.o(i.rt_object_get_information)
    i.rt_object_init                         0x080011e4   Section        0  object.o(i.rt_object_init)
    i.rt_object_is_systemobject              0x08001234   Section        0  object.o(i.rt_object_is_systemobject)
    i.rt_schedule                            0x08001244   Section        0  scheduler.o(i.rt_schedule)
    i.rt_schedule_insert_thread              0x0800129c   Section        0  scheduler.o(i.rt_schedule_insert_thread)
    i.rt_schedule_remove_thread              0x080012ec   Section        0  scheduler.o(i.rt_schedule_remove_thread)
    i.rt_sem_create                          0x08001334   Section        0  ipc.o(i.rt_sem_create)
    i.rt_sem_init                            0x08001354   Section        0  ipc.o(i.rt_sem_init)
    i.rt_sem_release                         0x08001378   Section        0  ipc.o(i.rt_sem_release)
    i.rt_sem_take                            0x080013ae   Section        0  ipc.o(i.rt_sem_take)
    i.rt_show_version                        0x0800141c   Section        0  kservice.o(i.rt_show_version)
    i.rt_strlen                              0x080014cc   Section        0  kservice.o(i.rt_strlen)
    i.rt_strncpy                             0x080014dc   Section        0  kservice.o(i.rt_strncpy)
    i.rt_system_heap_init                    0x08001504   Section        0  mem.o(i.rt_system_heap_init)
    i.rt_system_scheduler_init               0x080015b0   Section        0  scheduler.o(i.rt_system_scheduler_init)
    i.rt_system_scheduler_start              0x080015e4   Section        0  scheduler.o(i.rt_system_scheduler_start)
    i.rt_system_timer_init                   0x0800160c   Section        0  timer.o(i.rt_system_timer_init)
    i.rt_system_timer_thread_init            0x08001618   Section        0  timer.o(i.rt_system_timer_thread_init)
    i.rt_thread_create                       0x0800161a   Section        0  thread.o(i.rt_thread_create)
    i.rt_thread_delay                        0x08001662   Section        0  thread.o(i.rt_thread_delay)
    i.rt_thread_delete                       0x08001668   Section        0  thread.o(i.rt_thread_delete)
    i.rt_thread_exit                         0x080016a8   Section        0  thread.o(i.rt_thread_exit)
    i.rt_thread_idle_entry                   0x08001700   Section        0  idle.o(i.rt_thread_idle_entry)
    rt_thread_idle_entry                     0x08001701   Thumb Code     6  idle.o(i.rt_thread_idle_entry)
    i.rt_thread_idle_excute                  0x08001708   Section        0  idle.o(i.rt_thread_idle_excute)
    i.rt_thread_idle_init                    0x08001780   Section        0  idle.o(i.rt_thread_idle_init)
    i.rt_thread_init                         0x080017b8   Section        0  thread.o(i.rt_thread_init)
    i.rt_thread_resume                       0x080017e8   Section        0  thread.o(i.rt_thread_resume)
    i.rt_thread_self                         0x08001824   Section        0  thread.o(i.rt_thread_self)
    i.rt_thread_sleep                        0x08001830   Section        0  thread.o(i.rt_thread_sleep)
    i.rt_thread_startup                      0x08001870   Section        0  thread.o(i.rt_thread_startup)
    i.rt_thread_suspend                      0x0800189c   Section        0  thread.o(i.rt_thread_suspend)
    i.rt_thread_timeout                      0x080018de   Section        0  thread.o(i.rt_thread_timeout)
    i.rt_thread_yield                        0x08001900   Section        0  thread.o(i.rt_thread_yield)
    i.rt_tick_from_millisecond               0x08001960   Section        0  clock.o(i.rt_tick_from_millisecond)
    i.rt_tick_get                            0x08001994   Section        0  clock.o(i.rt_tick_get)
    i.rt_tick_increase                       0x080019a0   Section        0  clock.o(i.rt_tick_increase)
    i.rt_timer_check                         0x080019cc   Section        0  timer.o(i.rt_timer_check)
    i.rt_timer_control                       0x08001a34   Section        0  timer.o(i.rt_timer_control)
    i.rt_timer_detach                        0x08001a64   Section        0  timer.o(i.rt_timer_detach)
    i.rt_timer_init                          0x08001a84   Section        0  timer.o(i.rt_timer_init)
    i.rt_timer_start                         0x08001aac   Section        0  timer.o(i.rt_timer_start)
    i.rt_timer_stop                          0x08001b38   Section        0  timer.o(i.rt_timer_stop)
    i.rt_vsnprintf                           0x08001b68   Section        0  kservice.o(i.rt_vsnprintf)
    i.rti_board_end                          0x08001de4   Section        0  components.o(i.rti_board_end)
    rti_board_end                            0x08001de5   Thumb Code     4  components.o(i.rti_board_end)
    i.rti_board_start                        0x08001de8   Section        0  components.o(i.rti_board_start)
    rti_board_start                          0x08001de9   Thumb Code     4  components.o(i.rti_board_start)
    i.rti_end                                0x08001dec   Section        0  components.o(i.rti_end)
    rti_end                                  0x08001ded   Thumb Code     4  components.o(i.rti_end)
    i.rti_start                              0x08001df0   Section        0  components.o(i.rti_start)
    rti_start                                0x08001df1   Thumb Code     4  components.o(i.rti_start)
    i.rtthread_startup                       0x08001df4   Section        0  components.o(i.rtthread_startup)
    i.skip_atoi                              0x08001e1e   Section        0  kservice.o(i.skip_atoi)
    skip_atoi                                0x08001e1f   Thumb Code    40  kservice.o(i.skip_atoi)
    i.system_clock_120m_hxtal                0x08001e48   Section        0  system_gd32f30x.o(i.system_clock_120m_hxtal)
    system_clock_120m_hxtal                  0x08001e49   Thumb Code   170  system_gd32f30x.o(i.system_clock_120m_hxtal)
    i.systick_deinit                         0x08001f04   Section        0  systick.o(i.systick_deinit)
    i.thread_KEY                             0x08001f14   Section        0  main.o(i.thread_KEY)
    thread_KEY                               0x08001f15   Thumb Code   138  main.o(i.thread_KEY)
    i.thread_LED                             0x08001ff8   Section        0  main.o(i.thread_LED)
    thread_LED                               0x08001ff9   Thumb Code    92  main.o(i.thread_LED)
    i.usart0_config                          0x08002088   Section        0  usart.o(i.usart0_config)
    i.usart_baudrate_set                     0x080020ec   Section        0  gd32f30x_usart.o(i.usart_baudrate_set)
    i.usart_data_transmit                    0x08002144   Section        0  gd32f30x_usart.o(i.usart_data_transmit)
    i.usart_deinit                           0x0800214c   Section        0  gd32f30x_usart.o(i.usart_deinit)
    i.usart_enable                           0x080021a4   Section        0  gd32f30x_usart.o(i.usart_enable)
    i.usart_flag_get                         0x080021ae   Section        0  gd32f30x_usart.o(i.usart_flag_get)
    i.usart_receive_config                   0x080021c4   Section        0  gd32f30x_usart.o(i.usart_receive_config)
    i.usart_transmit_config                  0x080021d0   Section        0  gd32f30x_usart.o(i.usart_transmit_config)
    .constdata                               0x080021dc   Section      290  kservice.o(.constdata)
    small_digits                             0x080022dc   Data          17  kservice.o(.constdata)
    large_digits                             0x080022ed   Data          17  kservice.o(.constdata)
    .rti_fn.0                                0x08002300   Section        4  components.o(.rti_fn.0)
    __tagsym$$used                           0x08002300   Number         0  components.o(.rti_fn.0)
    .rti_fn.0.end                            0x08002304   Section        4  components.o(.rti_fn.0.end)
    __tagsym$$used                           0x08002304   Number         0  components.o(.rti_fn.0.end)
    .rti_fn.1.end                            0x08002308   Section        4  components.o(.rti_fn.1.end)
    __tagsym$$used                           0x08002308   Number         0  components.o(.rti_fn.1.end)
    .rti_fn.6.end                            0x0800230c   Section        4  components.o(.rti_fn.6.end)
    __tagsym$$used                           0x0800230c   Number         0  components.o(.rti_fn.6.end)
    .data                                    0x20000000   Section       16  main.o(.data)
    result                                   0x20000008   Data           4  main.o(.data)
    .data                                    0x20000010   Section        4  system_gd32f30x.o(.data)
    .data                                    0x20000014   Section        4  cpuport.o(.data)
    rt_exception_hook                        0x20000014   Data           4  cpuport.o(.data)
    .data                                    0x20000018   Section        4  cpuport.o(.data)
    .data                                    0x2000001c   Section        4  cpuport.o(.data)
    .data                                    0x20000020   Section        4  cpuport.o(.data)
    .data                                    0x20000024   Section        4  clock.o(.data)
    rt_tick                                  0x20000024   Data           4  clock.o(.data)
    .data                                    0x20000028   Section        1  irq.o(.data)
    .data                                    0x2000002c   Section       24  mem.o(.data)
    heap_ptr                                 0x2000002c   Data           4  mem.o(.data)
    heap_end                                 0x20000030   Data           4  mem.o(.data)
    lfree                                    0x20000034   Data           4  mem.o(.data)
    mem_size_aligned                         0x20000038   Data           4  mem.o(.data)
    used_mem                                 0x2000003c   Data           4  mem.o(.data)
    max_mem                                  0x20000040   Data           4  mem.o(.data)
    .data                                    0x20000044   Section       64  object.o(.data)
    rt_object_container                      0x20000044   Data          64  object.o(.data)
    .data                                    0x20000084   Section       20  scheduler.o(.data)
    rt_scheduler_lock_nest                   0x20000086   Data           2  scheduler.o(.data)
    .data                                    0x20000098   Section       12  timer.o(.data)
    random_nr                                0x20000098   Data           4  timer.o(.data)
    rt_timer_list                            0x2000009c   Data           8  timer.o(.data)
    .data                                    0x200000a4   Section        4  stdout.o(.data)
    .bss                                     0x200000a8   Section      376  idle.o(.bss)
    idle                                     0x200000a8   Data         120  idle.o(.bss)
    rt_thread_stack                          0x20000120   Data         256  idle.o(.bss)
    .bss                                     0x20000220   Section      128  kservice.o(.bss)
    rt_log_buf                               0x20000220   Data         128  kservice.o(.bss)
    .bss                                     0x200002a0   Section       32  mem.o(.bss)
    heap_sem                                 0x200002a0   Data          32  mem.o(.bss)
    .bss                                     0x200002c0   Section       64  scheduler.o(.bss)
    .bss                                     0x20000300   Section     4096  board.o(.bss)
    rt_heap                                  0x20000300   Data        4096  board.o(.bss)
    STACK                                    0x20001300   Section     1024  startup_gd32f30x_hd.o(STACK)

    Global Symbols

    Symbol Name                              Value     Ov Type        Size  Object(Section)

    BuildAttributes$$THM_ISAv4$E$P$D$K$B$S$7EM$VFPi3$EXTD16$VFPS$VFMA$PE$A:L22UL41UL21$X:L11$S22US41US21$IEEE1$IW$USESV6$~STKCKD$USESV7$~SHL$OSPACE$ROPI$EBA8$MICROLIB$REQ8$PRES8$EABIv2 0x00000000   Number         0  anon$$obj.o ABSOLUTE
    __ARM_use_no_argv                        0x00000000   Number         0  main.o ABSOLUTE
    __cpp_initialize__aeabi_                  - Undefined Weak Reference
    __cxa_finalize                            - Undefined Weak Reference
    __decompress                              - Undefined Weak Reference
    _clock_init                               - Undefined Weak Reference
    _microlib_exit                            - Undefined Weak Reference
    __Vectors_Size                           0x00000130   Number         0  startup_gd32f30x_hd.o ABSOLUTE
    __Vectors                                0x08000000   Data           4  startup_gd32f30x_hd.o(RESET)
    __Vectors_End                            0x08000130   Data           0  startup_gd32f30x_hd.o(RESET)
    __main                                   0x08000131   Thumb Code     0  entry.o(.ARM.Collect$$$$00000000)
    _main_stk                                0x08000131   Thumb Code     0  entry2.o(.ARM.Collect$$$$00000001)
    _main_scatterload                        0x08000135   Thumb Code     0  entry5.o(.ARM.Collect$$$$00000004)
    __main_after_scatterload                 0x08000139   Thumb Code     0  entry5.o(.ARM.Collect$$$$00000004)
    _main_clock                              0x08000139   Thumb Code     0  entry7b.o(.ARM.Collect$$$$00000008)
    _main_cpp_init                           0x08000139   Thumb Code     0  entry8b.o(.ARM.Collect$$$$0000000A)
    _main_init                               0x08000139   Thumb Code     0  entry9a.o(.ARM.Collect$$$$0000000B)
    __rt_final_cpp                           0x08000141   Thumb Code     0  entry10a.o(.ARM.Collect$$$$0000000D)
    __rt_final_exit                          0x08000141   Thumb Code     0  entry11a.o(.ARM.Collect$$$$0000000F)
    Reset_Handler                            0x08000145   Thumb Code     8  startup_gd32f30x_hd.o(.text)
    ADC0_1_IRQHandler                        0x0800015f   Thumb Code     0  startup_gd32f30x_hd.o(.text)
    ADC2_IRQHandler                          0x0800015f   Thumb Code     0  startup_gd32f30x_hd.o(.text)
    CAN0_EWMC_IRQHandler                     0x0800015f   Thumb Code     0  startup_gd32f30x_hd.o(.text)
    CAN0_RX1_IRQHandler                      0x0800015f   Thumb Code     0  startup_gd32f30x_hd.o(.text)
    DMA0_Channel0_IRQHandler                 0x0800015f   Thumb Code     0  startup_gd32f30x_hd.o(.text)
    DMA0_Channel1_IRQHandler                 0x0800015f   Thumb Code     0  startup_gd32f30x_hd.o(.text)
    DMA0_Channel2_IRQHandler                 0x0800015f   Thumb Code     0  startup_gd32f30x_hd.o(.text)
    DMA0_Channel3_IRQHandler                 0x0800015f   Thumb Code     0  startup_gd32f30x_hd.o(.text)
    DMA0_Channel4_IRQHandler                 0x0800015f   Thumb Code     0  startup_gd32f30x_hd.o(.text)
    DMA0_Channel5_IRQHandler                 0x0800015f   Thumb Code     0  startup_gd32f30x_hd.o(.text)
    DMA0_Channel6_IRQHandler                 0x0800015f   Thumb Code     0  startup_gd32f30x_hd.o(.text)
    DMA1_Channel0_IRQHandler                 0x0800015f   Thumb Code     0  startup_gd32f30x_hd.o(.text)
    DMA1_Channel1_IRQHandler                 0x0800015f   Thumb Code     0  startup_gd32f30x_hd.o(.text)
    DMA1_Channel2_IRQHandler                 0x0800015f   Thumb Code     0  startup_gd32f30x_hd.o(.text)
    DMA1_Channel3_4_IRQHandler               0x0800015f   Thumb Code     0  startup_gd32f30x_hd.o(.text)
    EXMC_IRQHandler                          0x0800015f   Thumb Code     0  startup_gd32f30x_hd.o(.text)
    EXTI0_IRQHandler                         0x0800015f   Thumb Code     0  startup_gd32f30x_hd.o(.text)
    EXTI10_15_IRQHandler                     0x0800015f   Thumb Code     0  startup_gd32f30x_hd.o(.text)
    EXTI1_IRQHandler                         0x0800015f   Thumb Code     0  startup_gd32f30x_hd.o(.text)
    EXTI2_IRQHandler                         0x0800015f   Thumb Code     0  startup_gd32f30x_hd.o(.text)
    EXTI3_IRQHandler                         0x0800015f   Thumb Code     0  startup_gd32f30x_hd.o(.text)
    EXTI4_IRQHandler                         0x0800015f   Thumb Code     0  startup_gd32f30x_hd.o(.text)
    EXTI5_9_IRQHandler                       0x0800015f   Thumb Code     0  startup_gd32f30x_hd.o(.text)
    FMC_IRQHandler                           0x0800015f   Thumb Code     0  startup_gd32f30x_hd.o(.text)
    I2C0_ER_IRQHandler                       0x0800015f   Thumb Code     0  startup_gd32f30x_hd.o(.text)
    I2C0_EV_IRQHandler                       0x0800015f   Thumb Code     0  startup_gd32f30x_hd.o(.text)
    I2C1_ER_IRQHandler                       0x0800015f   Thumb Code     0  startup_gd32f30x_hd.o(.text)
    I2C1_EV_IRQHandler                       0x0800015f   Thumb Code     0  startup_gd32f30x_hd.o(.text)
    LVD_IRQHandler                           0x0800015f   Thumb Code     0  startup_gd32f30x_hd.o(.text)
    RCU_CTC_IRQHandler                       0x0800015f   Thumb Code     0  startup_gd32f30x_hd.o(.text)
    RTC_Alarm_IRQHandler                     0x0800015f   Thumb Code     0  startup_gd32f30x_hd.o(.text)
    RTC_IRQHandler                           0x0800015f   Thumb Code     0  startup_gd32f30x_hd.o(.text)
    SDIO_IRQHandler                          0x0800015f   Thumb Code     0  startup_gd32f30x_hd.o(.text)
    SPI0_IRQHandler                          0x0800015f   Thumb Code     0  startup_gd32f30x_hd.o(.text)
    SPI1_IRQHandler                          0x0800015f   Thumb Code     0  startup_gd32f30x_hd.o(.text)
    SPI2_IRQHandler                          0x0800015f   Thumb Code     0  startup_gd32f30x_hd.o(.text)
    TAMPER_IRQHandler                        0x0800015f   Thumb Code     0  startup_gd32f30x_hd.o(.text)
    TIMER0_BRK_IRQHandler                    0x0800015f   Thumb Code     0  startup_gd32f30x_hd.o(.text)
    TIMER0_Channel_IRQHandler                0x0800015f   Thumb Code     0  startup_gd32f30x_hd.o(.text)
    TIMER0_TRG_CMT_IRQHandler                0x0800015f   Thumb Code     0  startup_gd32f30x_hd.o(.text)
    TIMER0_UP_IRQHandler                     0x0800015f   Thumb Code     0  startup_gd32f30x_hd.o(.text)
    TIMER1_IRQHandler                        0x0800015f   Thumb Code     0  startup_gd32f30x_hd.o(.text)
    TIMER2_IRQHandler                        0x0800015f   Thumb Code     0  startup_gd32f30x_hd.o(.text)
    TIMER3_IRQHandler                        0x0800015f   Thumb Code     0  startup_gd32f30x_hd.o(.text)
    TIMER4_IRQHandler                        0x0800015f   Thumb Code     0  startup_gd32f30x_hd.o(.text)
    TIMER5_IRQHandler                        0x0800015f   Thumb Code     0  startup_gd32f30x_hd.o(.text)
    TIMER6_IRQHandler                        0x0800015f   Thumb Code     0  startup_gd32f30x_hd.o(.text)
    TIMER7_BRK_IRQHandler                    0x0800015f   Thumb Code     0  startup_gd32f30x_hd.o(.text)
    TIMER7_Channel_IRQHandler                0x0800015f   Thumb Code     0  startup_gd32f30x_hd.o(.text)
    TIMER7_TRG_CMT_IRQHandler                0x0800015f   Thumb Code     0  startup_gd32f30x_hd.o(.text)
    TIMER7_UP_IRQHandler                     0x0800015f   Thumb Code     0  startup_gd32f30x_hd.o(.text)
    UART3_IRQHandler                         0x0800015f   Thumb Code     0  startup_gd32f30x_hd.o(.text)
    UART4_IRQHandler                         0x0800015f   Thumb Code     0  startup_gd32f30x_hd.o(.text)
    USART0_IRQHandler                        0x0800015f   Thumb Code     0  startup_gd32f30x_hd.o(.text)
    USART1_IRQHandler                        0x0800015f   Thumb Code     0  startup_gd32f30x_hd.o(.text)
    USART2_IRQHandler                        0x0800015f   Thumb Code     0  startup_gd32f30x_hd.o(.text)
    USBD_HP_CAN0_TX_IRQHandler               0x0800015f   Thumb Code     0  startup_gd32f30x_hd.o(.text)
    USBD_LP_CAN0_RX0_IRQHandler              0x0800015f   Thumb Code     0  startup_gd32f30x_hd.o(.text)
    USBD_WKUP_IRQHandler                     0x0800015f   Thumb Code     0  startup_gd32f30x_hd.o(.text)
    WWDGT_IRQHandler                         0x0800015f   Thumb Code     0  startup_gd32f30x_hd.o(.text)
    rt_hw_interrupt_disable                  0x08000169   Thumb Code     8  context_rvds.o(.text)
    rt_hw_interrupt_enable                   0x08000171   Thumb Code     6  context_rvds.o(.text)
    rt_hw_context_switch                     0x08000177   Thumb Code    32  context_rvds.o(.text)
    rt_hw_context_switch_interrupt           0x08000177   Thumb Code     0  context_rvds.o(.text)
    PendSV_Handler                           0x08000197   Thumb Code   108  context_rvds.o(.text)
    rt_hw_context_switch_to                  0x08000203   Thumb Code    70  context_rvds.o(.text)
    rt_hw_interrupt_thread_switch            0x08000249   Thumb Code     2  context_rvds.o(.text)
    HardFault_Handler                        0x0800024b   Thumb Code    56  context_rvds.o(.text)
    __scatterload                            0x0800029d   Thumb Code    28  init.o(.text)
    __scatterload_rt2                        0x0800029d   Thumb Code     0  init.o(.text)
    main                                     0x080002c1   Thumb Code    10  components.o(i.$Sub$$main)
    BusFault_Handler                         0x080002cb   Thumb Code     2  gd32f30x_it.o(i.BusFault_Handler)
    DebugMon_Handler                         0x080002cd   Thumb Code     2  gd32f30x_it.o(i.DebugMon_Handler)
    MemManage_Handler                        0x080002cf   Thumb Code     2  gd32f30x_it.o(i.MemManage_Handler)
    NMI_Handler                              0x080002d1   Thumb Code     2  gd32f30x_it.o(i.NMI_Handler)
    SVC_Handler                              0x080002d3   Thumb Code     2  gd32f30x_it.o(i.SVC_Handler)
    SysTick_Handler                          0x080002d5   Thumb Code    18  board.o(i.SysTick_Handler)
    SystemCoreClockUpdate                    0x080002e9   Thumb Code   110  system_gd32f30x.o(i.SystemCoreClockUpdate)
    SystemInit                               0x08000369   Thumb Code    80  system_gd32f30x.o(i.SystemInit)
    UsageFault_Handler                       0x080003c5   Thumb Code     2  gd32f30x_it.o(i.UsageFault_Handler)
    __0printf$bare                           0x080003c9   Thumb Code     8  printfb.o(i.__0printf$bare)
    __1printf$bare                           0x080003c9   Thumb Code     0  printfb.o(i.__0printf$bare)
    __2printf                                0x080003c9   Thumb Code     0  printfb.o(i.__0printf$bare)
    __rt_ffs                                 0x080003d9   Thumb Code    64  kservice.o(i.__rt_ffs)
    __scatterload_copy                       0x0800041d   Thumb Code    14  handlers.o(i.__scatterload_copy)
    __scatterload_null                       0x0800042b   Thumb Code     2  handlers.o(i.__scatterload_null)
    __scatterload_zeroinit                   0x0800042d   Thumb Code    14  handlers.o(i.__scatterload_zeroinit)
    fputc                                    0x08000525   Thumb Code    30  usart.o(i.fputc)
    gpio_bit_reset                           0x08000549   Thumb Code     4  gd32f30x_gpio.o(i.gpio_bit_reset)
    gpio_bit_write                           0x0800054d   Thumb Code    10  gd32f30x_gpio.o(i.gpio_bit_write)
    gpio_config                              0x08000559   Thumb Code    72  gpio.o(i.gpio_config)
    gpio_deinit                              0x080005ad   Thumb Code   102  gd32f30x_gpio.o(i.gpio_deinit)
    gpio_init                                0x0800061d   Thumb Code   166  gd32f30x_gpio.o(i.gpio_init)
    gpio_input_bit_get                       0x080006c3   Thumb Code    10  gd32f30x_gpio.o(i.gpio_input_bit_get)
    gpio_output_bit_get                      0x080006cd   Thumb Code    10  gd32f30x_gpio.o(i.gpio_output_bit_get)
    gpio_pin_remap_config                    0x080006d9   Thumb Code    82  gd32f30x_gpio.o(i.gpio_pin_remap_config)
    jump_to_app                              0x08000731   Thumb Code    24  main.o(i.jump_to_app)
    $Super$$main                             0x0800074d   Thumb Code    92  main.o(i.main)
    main_thread_entry                        0x080007d9   Thumb Code    14  components.o(i.main_thread_entry)
    rcu_clock_freq_get                       0x0800096d   Thumb Code   222  gd32f30x_rcu.o(i.rcu_clock_freq_get)
    rcu_periph_clock_enable                  0x08000a6d   Thumb Code    22  gd32f30x_rcu.o(i.rcu_periph_clock_enable)
    rcu_periph_reset_disable                 0x08000a89   Thumb Code    22  gd32f30x_rcu.o(i.rcu_periph_reset_disable)
    rcu_periph_reset_enable                  0x08000aa5   Thumb Code    22  gd32f30x_rcu.o(i.rcu_periph_reset_enable)
    rt_application_init                      0x08000ac1   Thumb Code    30  components.o(i.rt_application_init)
    rt_components_board_init                 0x08000aed   Thumb Code    20  components.o(i.rt_components_board_init)
    rt_components_init                       0x08000b09   Thumb Code    20  components.o(i.rt_components_init)
    rt_enter_critical                        0x08000b25   Thumb Code    22  scheduler.o(i.rt_enter_critical)
    rt_exit_critical                         0x08000b41   Thumb Code    52  scheduler.o(i.rt_exit_critical)
    rt_free                                  0x08000b79   Thumb Code   112  mem.o(i.rt_free)
    rt_heap_begin_get                        0x08000c3d   Thumb Code     4  board.o(i.rt_heap_begin_get)
    rt_heap_end_get                          0x08000c45   Thumb Code     4  board.o(i.rt_heap_end_get)
    rt_hw_board_init                         0x08000c4d   Thumb Code    72  board.o(i.rt_hw_board_init)
    rt_hw_console_output                     0x08000c9d   Thumb Code     2  kservice.o(i.rt_hw_console_output)
    rt_hw_hard_fault_exception               0x08000ca1   Thumb Code   190  cpuport.o(i.rt_hw_hard_fault_exception)
    rt_hw_stack_init                         0x08000eb1   Thumb Code    54  cpuport.o(i.rt_hw_stack_init)
    rt_interrupt_enter                       0x08000eed   Thumb Code    22  irq.o(i.rt_interrupt_enter)
    rt_interrupt_leave                       0x08000f09   Thumb Code    22  irq.o(i.rt_interrupt_leave)
    rt_kprintf                               0x08000f79   Thumb Code    28  kservice.o(i.rt_kprintf)
    rt_malloc                                0x08000ff5   Thumb Code   232  mem.o(i.rt_malloc)
    rt_memset                                0x080010e5   Thumb Code    70  kservice.o(i.rt_memset)
    rt_object_allocate                       0x0800112b   Thumb Code    80  object.o(i.rt_object_allocate)
    rt_object_delete                         0x0800117b   Thumb Code    38  object.o(i.rt_object_delete)
    rt_object_detach                         0x080011a1   Thumb Code    32  object.o(i.rt_object_detach)
    rt_object_get_information                0x080011c1   Thumb Code    30  object.o(i.rt_object_get_information)
    rt_object_init                           0x080011e5   Thumb Code    80  object.o(i.rt_object_init)
    rt_object_is_systemobject                0x08001235   Thumb Code    14  object.o(i.rt_object_is_systemobject)
    rt_schedule                              0x08001245   Thumb Code    76  scheduler.o(i.rt_schedule)
    rt_schedule_insert_thread                0x0800129d   Thumb Code    70  scheduler.o(i.rt_schedule_insert_thread)
    rt_schedule_remove_thread                0x080012ed   Thumb Code    64  scheduler.o(i.rt_schedule_remove_thread)
    rt_sem_create                            0x08001335   Thumb Code    32  ipc.o(i.rt_sem_create)
    rt_sem_init                              0x08001355   Thumb Code    36  ipc.o(i.rt_sem_init)
    rt_sem_release                           0x08001379   Thumb Code    54  ipc.o(i.rt_sem_release)
    rt_sem_take                              0x080013af   Thumb Code   110  ipc.o(i.rt_sem_take)
    rt_show_version                          0x0800141d   Thumb Code    40  kservice.o(i.rt_show_version)
    rt_strlen                                0x080014cd   Thumb Code    16  kservice.o(i.rt_strlen)
    rt_strncpy                               0x080014dd   Thumb Code    38  kservice.o(i.rt_strncpy)
    rt_system_heap_init                      0x08001505   Thumb Code    96  mem.o(i.rt_system_heap_init)
    rt_system_scheduler_init                 0x080015b1   Thumb Code    44  scheduler.o(i.rt_system_scheduler_init)
    rt_system_scheduler_start                0x080015e5   Thumb Code    32  scheduler.o(i.rt_system_scheduler_start)
    rt_system_timer_init                     0x0800160d   Thumb Code     8  timer.o(i.rt_system_timer_init)
    rt_system_timer_thread_init              0x08001619   Thumb Code     2  timer.o(i.rt_system_timer_thread_init)
    rt_thread_create                         0x0800161b   Thumb Code    72  thread.o(i.rt_thread_create)
    rt_thread_delay                          0x08001663   Thumb Code     4  thread.o(i.rt_thread_delay)
    rt_thread_delete                         0x08001669   Thumb Code    58  thread.o(i.rt_thread_delete)
    rt_thread_exit                           0x080016a9   Thumb Code    78  thread.o(i.rt_thread_exit)
    rt_thread_idle_excute                    0x08001709   Thumb Code   114  idle.o(i.rt_thread_idle_excute)
    rt_thread_idle_init                      0x08001781   Thumb Code    40  idle.o(i.rt_thread_idle_init)
    rt_thread_init                           0x080017b9   Thumb Code    48  thread.o(i.rt_thread_init)
    rt_thread_resume                         0x080017e9   Thumb Code    60  thread.o(i.rt_thread_resume)
    rt_thread_self                           0x08001825   Thumb Code     6  thread.o(i.rt_thread_self)
    rt_thread_sleep                          0x08001831   Thumb Code    60  thread.o(i.rt_thread_sleep)
    rt_thread_startup                        0x08001871   Thumb Code    40  thread.o(i.rt_thread_startup)
    rt_thread_suspend                        0x0800189d   Thumb Code    66  thread.o(i.rt_thread_suspend)
    rt_thread_timeout                        0x080018df   Thumb Code    32  thread.o(i.rt_thread_timeout)
    rt_thread_yield                          0x08001901   Thumb Code    86  thread.o(i.rt_thread_yield)
    rt_tick_from_millisecond                 0x08001961   Thumb Code    50  clock.o(i.rt_tick_from_millisecond)
    rt_tick_get                              0x08001995   Thumb Code     6  clock.o(i.rt_tick_get)
    rt_tick_increase                         0x080019a1   Thumb Code    38  clock.o(i.rt_tick_increase)
    rt_timer_check                           0x080019cd   Thumb Code    98  timer.o(i.rt_timer_check)
    rt_timer_control                         0x08001a35   Thumb Code    48  timer.o(i.rt_timer_control)
    rt_timer_detach                          0x08001a65   Thumb Code    32  timer.o(i.rt_timer_detach)
    rt_timer_init                            0x08001a85   Thumb Code    40  timer.o(i.rt_timer_init)
    rt_timer_start                           0x08001aad   Thumb Code   136  timer.o(i.rt_timer_start)
    rt_timer_stop                            0x08001b39   Thumb Code    46  timer.o(i.rt_timer_stop)
    rt_vsnprintf                             0x08001b69   Thumb Code   626  kservice.o(i.rt_vsnprintf)
    rtthread_startup                         0x08001df5   Thumb Code    42  components.o(i.rtthread_startup)
    systick_deinit                           0x08001f05   Thumb Code    14  systick.o(i.systick_deinit)
    usart0_config                            0x08002089   Thumb Code    90  usart.o(i.usart0_config)
    usart_baudrate_set                       0x080020ed   Thumb Code    78  gd32f30x_usart.o(i.usart_baudrate_set)
    usart_data_transmit                      0x08002145   Thumb Code     8  gd32f30x_usart.o(i.usart_data_transmit)
    usart_deinit                             0x0800214d   Thumb Code    80  gd32f30x_usart.o(i.usart_deinit)
    usart_enable                             0x080021a5   Thumb Code    10  gd32f30x_usart.o(i.usart_enable)
    usart_flag_get                           0x080021af   Thumb Code    22  gd32f30x_usart.o(i.usart_flag_get)
    usart_receive_config                     0x080021c5   Thumb Code    12  gd32f30x_usart.o(i.usart_receive_config)
    usart_transmit_config                    0x080021d1   Thumb Code    12  gd32f30x_usart.o(i.usart_transmit_config)
    __lowest_bit_bitmap                      0x080021dc   Data         256  kservice.o(.constdata)
    __rt_init_rti_start                      0x08002300   Data           4  components.o(.rti_fn.0)
    __rt_init_rti_board_start                0x08002304   Data           4  components.o(.rti_fn.0.end)
    __rt_init_rti_board_end                  0x08002308   Data           4  components.o(.rti_fn.1.end)
    __rt_init_rti_end                        0x0800230c   Data           4  components.o(.rti_fn.6.end)
    Region$$Table$$Base                      0x08002310   Number         0  anon$$obj.o(Region$$Table)
    Region$$Table$$Limit                     0x08002330   Number         0  anon$$obj.o(Region$$Table)
    LED_thread                               0x20000000   Data           4  main.o(.data)
    KEY_Thread                               0x20000004   Data           4  main.o(.data)
    LED_sem_SW                               0x2000000c   Data           4  main.o(.data)
    SystemCoreClock                          0x20000010   Data           4  system_gd32f30x.o(.data)
    rt_interrupt_from_thread                 0x20000018   Data           4  cpuport.o(.data)
    rt_interrupt_to_thread                   0x2000001c   Data           4  cpuport.o(.data)
    rt_thread_switch_interrupt_flag          0x20000020   Data           4  cpuport.o(.data)
    rt_interrupt_nest                        0x20000028   Data           1  irq.o(.data)
    rt_current_priority                      0x20000084   Data           1  scheduler.o(.data)
    rt_current_thread                        0x20000088   Data           4  scheduler.o(.data)
    rt_thread_ready_priority_group           0x2000008c   Data           4  scheduler.o(.data)
    rt_thread_defunct                        0x20000090   Data           8  scheduler.o(.data)
    __stdout                                 0x200000a4   Data           4  stdout.o(.data)
    rt_thread_priority_table                 0x200002c0   Data          64  scheduler.o(.bss)
    __initial_sp                             0x20001700   Data           0  startup_gd32f30x_hd.o(STACK)



==============================================================================

Memory Map of the image

  Image Entry point : 0x08000131

  Load Region LR_IROM1 (Base: 0x08000000, Size: 0x000023d8, Max: 0x00040000, ABSOLUTE)

    Execution Region ER_IROM1 (Exec base: 0x08000000, Load base: 0x08000000, Size: 0x00002330, Max: 0x00040000, ABSOLUTE)

    Exec Addr    Load Addr    Size         Type   Attr      Idx    E Section Name        Object

    0x08000000   0x08000000   0x00000130   Data   RO         3851    RESET               startup_gd32f30x_hd.o
    0x08000130   0x08000130   0x00000000   Code   RO         4852  * .ARM.Collect$$$$00000000  mc_w.l(entry.o)
    0x08000130   0x08000130   0x00000004   Code   RO         5115    .ARM.Collect$$$$00000001  mc_w.l(entry2.o)
    0x08000134   0x08000134   0x00000004   Code   RO         5118    .ARM.Collect$$$$00000004  mc_w.l(entry5.o)
    0x08000138   0x08000138   0x00000000   Code   RO         5120    .ARM.Collect$$$$00000008  mc_w.l(entry7b.o)
    0x08000138   0x08000138   0x00000000   Code   RO         5122    .ARM.Collect$$$$0000000A  mc_w.l(entry8b.o)
    0x08000138   0x08000138   0x00000008   Code   RO         5123    .ARM.Collect$$$$0000000B  mc_w.l(entry9a.o)
    0x08000140   0x08000140   0x00000000   Code   RO         5125    .ARM.Collect$$$$0000000D  mc_w.l(entry10a.o)
    0x08000140   0x08000140   0x00000000   Code   RO         5127    .ARM.Collect$$$$0000000F  mc_w.l(entry11a.o)
    0x08000140   0x08000140   0x00000004   Code   RO         5116    .ARM.Collect$$$$00002712  mc_w.l(entry2.o)
    0x08000144   0x08000144   0x00000024   Code   RO         3852    .text               startup_gd32f30x_hd.o
    0x08000168   0x08000168   0x00000134   Code   RO         3897    .text               context_rvds.o
    0x0800029c   0x0800029c   0x00000024   Code   RO         5145    .text               mc_w.l(init.o)
    0x080002c0   0x080002c0   0x0000000a   Code   RO         3981    i.$Sub$$main        components.o
    0x080002ca   0x080002ca   0x00000002   Code   RO            4    i.BusFault_Handler  gd32f30x_it.o
    0x080002cc   0x080002cc   0x00000002   Code   RO            5    i.DebugMon_Handler  gd32f30x_it.o
    0x080002ce   0x080002ce   0x00000002   Code   RO            6    i.MemManage_Handler  gd32f30x_it.o
    0x080002d0   0x080002d0   0x00000002   Code   RO            7    i.NMI_Handler       gd32f30x_it.o
    0x080002d2   0x080002d2   0x00000002   Code   RO            8    i.SVC_Handler       gd32f30x_it.o
    0x080002d4   0x080002d4   0x00000012   Code   RO         4811    i.SysTick_Handler   board.o
    0x080002e6   0x080002e6   0x00000002   PAD
    0x080002e8   0x080002e8   0x00000080   Code   RO         3859    i.SystemCoreClockUpdate  system_gd32f30x.o
    0x08000368   0x08000368   0x0000005c   Code   RO         3860    i.SystemInit        system_gd32f30x.o
    0x080003c4   0x080003c4   0x00000002   Code   RO            9    i.UsageFault_Handler  gd32f30x_it.o
    0x080003c6   0x080003c6   0x00000002   PAD
    0x080003c8   0x080003c8   0x00000010   Code   RO         4856    i.__0printf$bare    mc_w.l(printfb.o)
    0x080003d8   0x080003d8   0x00000044   Code   RO         4235    i.__rt_ffs          kservice.o
    0x0800041c   0x0800041c   0x0000000e   Code   RO         5157    i.__scatterload_copy  mc_w.l(handlers.o)
    0x0800042a   0x0800042a   0x00000002   Code   RO         5158    i.__scatterload_null  mc_w.l(handlers.o)
    0x0800042c   0x0800042c   0x0000000e   Code   RO         5159    i.__scatterload_zeroinit  mc_w.l(handlers.o)
    0x0800043a   0x0800043a   0x00000002   PAD
    0x0800043c   0x0800043c   0x00000014   Code   RO         4048    i._has_defunct_thread  idle.o
    0x08000450   0x08000450   0x00000022   Code   RO         4863    i._printf_core      mc_w.l(printfb.o)
    0x08000472   0x08000472   0x00000002   PAD
    0x08000474   0x08000474   0x00000080   Code   RO         4596    i._rt_thread_init   thread.o
    0x080004f4   0x080004f4   0x0000001c   Code   RO         4716    i._rt_timer_init    timer.o
    0x08000510   0x08000510   0x00000012   Code   RO         4717    i._rt_timer_remove  timer.o
    0x08000522   0x08000522   0x00000002   PAD
    0x08000524   0x08000524   0x00000024   Code   RO          256    i.fputc             usart.o
    0x08000548   0x08000548   0x00000004   Code   RO         1892    i.gpio_bit_reset    gd32f30x_gpio.o
    0x0800054c   0x0800054c   0x0000000a   Code   RO         1894    i.gpio_bit_write    gd32f30x_gpio.o
    0x08000556   0x08000556   0x00000002   PAD
    0x08000558   0x08000558   0x00000054   Code   RO          295    i.gpio_config       gpio.o
    0x080005ac   0x080005ac   0x00000070   Code   RO         1897    i.gpio_deinit       gd32f30x_gpio.o
    0x0800061c   0x0800061c   0x000000a6   Code   RO         1902    i.gpio_init         gd32f30x_gpio.o
    0x080006c2   0x080006c2   0x0000000a   Code   RO         1903    i.gpio_input_bit_get  gd32f30x_gpio.o
    0x080006cc   0x080006cc   0x0000000a   Code   RO         1905    i.gpio_output_bit_get  gd32f30x_gpio.o
    0x080006d6   0x080006d6   0x00000002   PAD
    0x080006d8   0x080006d8   0x00000058   Code   RO         1908    i.gpio_pin_remap_config  gd32f30x_gpio.o
    0x08000730   0x08000730   0x0000001c   Code   RO          165    i.jump_to_app       main.o
    0x0800074c   0x0800074c   0x0000008c   Code   RO          166    i.main              main.o
    0x080007d8   0x080007d8   0x0000000e   Code   RO         3982    i.main_thread_entry  components.o
    0x080007e6   0x080007e6   0x00000002   PAD
    0x080007e8   0x080007e8   0x00000054   Code   RO         4409    i.plug_holes        mem.o
    0x0800083c   0x0800083c   0x00000130   Code   RO         4237    i.print_number      kservice.o
    0x0800096c   0x0800096c   0x00000100   Code   RO         2435    i.rcu_clock_freq_get  gd32f30x_rcu.o
    0x08000a6c   0x08000a6c   0x0000001c   Code   RO         2453    i.rcu_periph_clock_enable  gd32f30x_rcu.o
    0x08000a88   0x08000a88   0x0000001c   Code   RO         2456    i.rcu_periph_reset_disable  gd32f30x_rcu.o
    0x08000aa4   0x08000aa4   0x0000001c   Code   RO         2457    i.rcu_periph_reset_enable  gd32f30x_rcu.o
    0x08000ac0   0x08000ac0   0x0000002c   Code   RO         3983    i.rt_application_init  components.o
    0x08000aec   0x08000aec   0x0000001c   Code   RO         3984    i.rt_components_board_init  components.o
    0x08000b08   0x08000b08   0x0000001c   Code   RO         3985    i.rt_components_init  components.o
    0x08000b24   0x08000b24   0x0000001c   Code   RO         4535    i.rt_enter_critical  scheduler.o
    0x08000b40   0x08000b40   0x00000038   Code   RO         4536    i.rt_exit_critical  scheduler.o
    0x08000b78   0x08000b78   0x000000c4   Code   RO         4411    i.rt_free           mem.o
    0x08000c3c   0x08000c3c   0x00000008   Code   RO         4812    i.rt_heap_begin_get  board.o
    0x08000c44   0x08000c44   0x00000008   Code   RO         4813    i.rt_heap_end_get   board.o
    0x08000c4c   0x08000c4c   0x00000050   Code   RO         4814    i.rt_hw_board_init  board.o
    0x08000c9c   0x08000c9c   0x00000002   Code   RO         4240    i.rt_hw_console_output  kservice.o
    0x08000c9e   0x08000c9e   0x00000002   PAD
    0x08000ca0   0x08000ca0   0x00000210   Code   RO         3904    i.rt_hw_hard_fault_exception  cpuport.o
    0x08000eb0   0x08000eb0   0x0000003c   Code   RO         3905    i.rt_hw_stack_init  cpuport.o
    0x08000eec   0x08000eec   0x0000001c   Code   RO         4208    i.rt_interrupt_enter  irq.o
    0x08000f08   0x08000f08   0x0000001c   Code   RO         4210    i.rt_interrupt_leave  irq.o
    0x08000f24   0x08000f24   0x00000052   Code   RO         4089    i.rt_ipc_list_suspend  ipc.o
    0x08000f76   0x08000f76   0x00000002   PAD
    0x08000f78   0x08000f78   0x00000020   Code   RO         4241    i.rt_kprintf        kservice.o
    0x08000f98   0x08000f98   0x0000000e   Code   RO         4459    i.rt_list_insert_after  object.o
    0x08000fa6   0x08000fa6   0x0000000e   Code   RO         4597    i.rt_list_insert_after  thread.o
    0x08000fb4   0x08000fb4   0x0000000e   Code   RO         4718    i.rt_list_insert_after  timer.o
    0x08000fc2   0x08000fc2   0x0000000e   Code   RO         4090    i.rt_list_insert_before  ipc.o
    0x08000fd0   0x08000fd0   0x00000012   Code   RO         4460    i.rt_list_remove    object.o
    0x08000fe2   0x08000fe2   0x00000012   Code   RO         4598    i.rt_list_remove    thread.o
    0x08000ff4   0x08000ff4   0x000000f0   Code   RO         4412    i.rt_malloc         mem.o
    0x080010e4   0x080010e4   0x00000046   Code   RO         4247    i.rt_memset         kservice.o
    0x0800112a   0x0800112a   0x00000050   Code   RO         4461    i.rt_object_allocate  object.o
    0x0800117a   0x0800117a   0x00000026   Code   RO         4462    i.rt_object_delete  object.o
    0x080011a0   0x080011a0   0x00000020   Code   RO         4463    i.rt_object_detach  object.o
    0x080011c0   0x080011c0   0x00000024   Code   RO         4465    i.rt_object_get_information  object.o
    0x080011e4   0x080011e4   0x00000050   Code   RO         4467    i.rt_object_init    object.o
    0x08001234   0x08001234   0x0000000e   Code   RO         4468    i.rt_object_is_systemobject  object.o
    0x08001242   0x08001242   0x00000002   PAD
    0x08001244   0x08001244   0x00000058   Code   RO         4537    i.rt_schedule       scheduler.o
    0x0800129c   0x0800129c   0x00000050   Code   RO         4538    i.rt_schedule_insert_thread  scheduler.o
    0x080012ec   0x080012ec   0x00000048   Code   RO         4539    i.rt_schedule_remove_thread  scheduler.o
    0x08001334   0x08001334   0x00000020   Code   RO         4100    i.rt_sem_create     ipc.o
    0x08001354   0x08001354   0x00000024   Code   RO         4103    i.rt_sem_init       ipc.o
    0x08001378   0x08001378   0x00000036   Code   RO         4104    i.rt_sem_release    ipc.o
    0x080013ae   0x080013ae   0x0000006e   Code   RO         4105    i.rt_sem_take       ipc.o
    0x0800141c   0x0800141c   0x000000b0   Code   RO         4249    i.rt_show_version   kservice.o
    0x080014cc   0x080014cc   0x00000010   Code   RO         4255    i.rt_strlen         kservice.o
    0x080014dc   0x080014dc   0x00000026   Code   RO         4257    i.rt_strncpy        kservice.o
    0x08001502   0x08001502   0x00000002   PAD
    0x08001504   0x08001504   0x000000ac   Code   RO         4415    i.rt_system_heap_init  mem.o
    0x080015b0   0x080015b0   0x00000034   Code   RO         4540    i.rt_system_scheduler_init  scheduler.o
    0x080015e4   0x080015e4   0x00000028   Code   RO         4541    i.rt_system_scheduler_start  scheduler.o
    0x0800160c   0x0800160c   0x0000000c   Code   RO         4719    i.rt_system_timer_init  timer.o
    0x08001618   0x08001618   0x00000002   Code   RO         4720    i.rt_system_timer_thread_init  timer.o
    0x0800161a   0x0800161a   0x00000048   Code   RO         4600    i.rt_thread_create  thread.o
    0x08001662   0x08001662   0x00000004   Code   RO         4601    i.rt_thread_delay   thread.o
    0x08001666   0x08001666   0x00000002   PAD
    0x08001668   0x08001668   0x00000040   Code   RO         4602    i.rt_thread_delete  thread.o
    0x080016a8   0x080016a8   0x00000058   Code   RO         4604    i.rt_thread_exit    thread.o
    0x08001700   0x08001700   0x00000006   Code   RO         4049    i.rt_thread_idle_entry  idle.o
    0x08001706   0x08001706   0x00000002   PAD
    0x08001708   0x08001708   0x00000078   Code   RO         4050    i.rt_thread_idle_excute  idle.o
    0x08001780   0x08001780   0x00000038   Code   RO         4052    i.rt_thread_idle_init  idle.o
    0x080017b8   0x080017b8   0x00000030   Code   RO         4606    i.rt_thread_init    thread.o
    0x080017e8   0x080017e8   0x0000003c   Code   RO         4608    i.rt_thread_resume  thread.o
    0x08001824   0x08001824   0x0000000c   Code   RO         4609    i.rt_thread_self    thread.o
    0x08001830   0x08001830   0x00000040   Code   RO         4610    i.rt_thread_sleep   thread.o
    0x08001870   0x08001870   0x0000002c   Code   RO         4611    i.rt_thread_startup  thread.o
    0x0800189c   0x0800189c   0x00000042   Code   RO         4612    i.rt_thread_suspend  thread.o
    0x080018de   0x080018de   0x00000020   Code   RO         4613    i.rt_thread_timeout  thread.o
    0x080018fe   0x080018fe   0x00000002   PAD
    0x08001900   0x08001900   0x00000060   Code   RO         4614    i.rt_thread_yield   thread.o
    0x08001960   0x08001960   0x00000032   Code   RO         3944    i.rt_tick_from_millisecond  clock.o
    0x08001992   0x08001992   0x00000002   PAD
    0x08001994   0x08001994   0x0000000c   Code   RO         3945    i.rt_tick_get       clock.o
    0x080019a0   0x080019a0   0x0000002c   Code   RO         3946    i.rt_tick_increase  clock.o
    0x080019cc   0x080019cc   0x00000068   Code   RO         4721    i.rt_timer_check    timer.o
    0x08001a34   0x08001a34   0x00000030   Code   RO         4722    i.rt_timer_control  timer.o
    0x08001a64   0x08001a64   0x00000020   Code   RO         4725    i.rt_timer_detach   timer.o
    0x08001a84   0x08001a84   0x00000028   Code   RO         4726    i.rt_timer_init     timer.o
    0x08001aac   0x08001aac   0x0000008c   Code   RO         4728    i.rt_timer_start    timer.o
    0x08001b38   0x08001b38   0x0000002e   Code   RO         4729    i.rt_timer_stop     timer.o
    0x08001b66   0x08001b66   0x00000002   PAD
    0x08001b68   0x08001b68   0x0000027c   Code   RO         4260    i.rt_vsnprintf      kservice.o
    0x08001de4   0x08001de4   0x00000004   Code   RO         3986    i.rti_board_end     components.o
    0x08001de8   0x08001de8   0x00000004   Code   RO         3987    i.rti_board_start   components.o
    0x08001dec   0x08001dec   0x00000004   Code   RO         3988    i.rti_end           components.o
    0x08001df0   0x08001df0   0x00000004   Code   RO         3989    i.rti_start         components.o
    0x08001df4   0x08001df4   0x0000002a   Code   RO         3990    i.rtthread_startup  components.o
    0x08001e1e   0x08001e1e   0x00000028   Code   RO         4262    i.skip_atoi         kservice.o
    0x08001e46   0x08001e46   0x00000002   PAD
    0x08001e48   0x08001e48   0x000000bc   Code   RO         3861    i.system_clock_120m_hxtal  system_gd32f30x.o
    0x08001f04   0x08001f04   0x0000000e   Code   RO          329    i.systick_deinit    systick.o
    0x08001f12   0x08001f12   0x00000002   PAD
    0x08001f14   0x08001f14   0x000000e4   Code   RO          167    i.thread_KEY        main.o
    0x08001ff8   0x08001ff8   0x00000090   Code   RO          168    i.thread_LED        main.o
    0x08002088   0x08002088   0x00000064   Code   RO          257    i.usart0_config     usart.o
    0x080020ec   0x080020ec   0x00000058   Code   RO         3475    i.usart_baudrate_set  gd32f30x_usart.o
    0x08002144   0x08002144   0x00000008   Code   RO         3479    i.usart_data_transmit  gd32f30x_usart.o
    0x0800214c   0x0800214c   0x00000058   Code   RO         3480    i.usart_deinit      gd32f30x_usart.o
    0x080021a4   0x080021a4   0x0000000a   Code   RO         3484    i.usart_enable      gd32f30x_usart.o
    0x080021ae   0x080021ae   0x00000016   Code   RO         3486    i.usart_flag_get    gd32f30x_usart.o
    0x080021c4   0x080021c4   0x0000000c   Code   RO         3508    i.usart_receive_config  gd32f30x_usart.o
    0x080021d0   0x080021d0   0x0000000c   Code   RO         3522    i.usart_transmit_config  gd32f30x_usart.o
    0x080021dc   0x080021dc   0x00000122   Data   RO         4264    .constdata          kservice.o
    0x080022fe   0x080022fe   0x00000002   PAD
    0x08002300   0x08002300   0x00000004   Data   RO         3991    .rti_fn.0           components.o
    0x08002304   0x08002304   0x00000004   Data   RO         3992    .rti_fn.0.end       components.o
    0x08002308   0x08002308   0x00000004   Data   RO         3993    .rti_fn.1.end       components.o
    0x0800230c   0x0800230c   0x00000004   Data   RO         3994    .rti_fn.6.end       components.o
    0x08002310   0x08002310   0x00000020   Data   RO         5155    Region$$Table       anon$$obj.o


    Execution Region RW_IRAM1 (Exec base: 0x20000000, Load base: 0x08002330, Size: 0x00001700, Max: 0x0000c000, ABSOLUTE)

    Exec Addr    Load Addr    Size         Type   Attr      Idx    E Section Name        Object

    0x20000000   0x08002330   0x00000010   Data   RW          169    .data               main.o
    0x20000010   0x08002340   0x00000004   Data   RW         3862    .data               system_gd32f30x.o
    0x20000014   0x08002344   0x00000004   Data   RW         3906    .data               cpuport.o
    0x20000018   0x08002348   0x00000004   Data   RW         3907    .data               cpuport.o
    0x2000001c   0x0800234c   0x00000004   Data   RW         3908    .data               cpuport.o
    0x20000020   0x08002350   0x00000004   Data   RW         3909    .data               cpuport.o
    0x20000024   0x08002354   0x00000004   Data   RW         3948    .data               clock.o
    0x20000028   0x08002358   0x00000001   Data   RW         4211    .data               irq.o
    0x20000029   0x08002359   0x00000003   PAD
    0x2000002c   0x0800235c   0x00000018   Data   RW         4417    .data               mem.o
    0x20000044   0x08002374   0x00000040   Data   RW         4470    .data               object.o
    0x20000084   0x080023b4   0x00000014   Data   RW         4543    .data               scheduler.o
    0x20000098   0x080023c8   0x0000000c   Data   RW         4730    .data               timer.o
    0x200000a4   0x080023d4   0x00000004   Data   RW         5129    .data               mc_w.l(stdout.o)
    0x200000a8        -       0x00000178   Zero   RW         4053    .bss                idle.o
    0x20000220        -       0x00000080   Zero   RW         4263    .bss                kservice.o
    0x200002a0        -       0x00000020   Zero   RW         4416    .bss                mem.o
    0x200002c0        -       0x00000040   Zero   RW         4542    .bss                scheduler.o
    0x20000300        -       0x00001000   Zero   RW         4815    .bss                board.o
    0x20001300        -       0x00000400   Zero   RW         3849    STACK               startup_gd32f30x_hd.o


==============================================================================

Image component sizes


      Code (inc. data)   RO Data    RW Data    ZI Data      Debug   Object Name

       114         16          0          0       4096       3379   board.o
       106         12          0          4          0       1896   clock.o
       182         30         16          0          0       6270   components.o
       308         26          0          0          0        932   context_rvds.o
       588        344          0         16          0       4258   cpuport.o
       400         16          0          0          0       5255   gd32f30x_gpio.o
        12          0          0          0          0      47347   gd32f30x_it.o
       340         52          0          0          0       3296   gd32f30x_rcu.o
       240         18          0          0          0       4893   gd32f30x_usart.o
        84         12          0          0          0        534   gpio.o
       202         26          0          0        376       5786   idle.o
       328          0          0          0          0       7809   ipc.o
        56         12          0          1          0       1750   irq.o
      1382        158        290          0        128      11123   kservice.o
       540        194          0         16          0      44675   main.o
       692        172          0         24         32       4140   mem.o
       312          6          0         64          0       8720   object.o
       416         56          0         20         64       8498   scheduler.o
        36          8        304          0       1024        912   startup_gd32f30x_hd.o
       408         48          0          4          0       3295   system_gd32f30x.o
        14          0          0          0          0      30520   systick.o
       810         50          0          0          0      13115   thread.o
       484         14          0         12          0      10736   timer.o
       136         16          0          0          0       2756   usart.o

    ----------------------------------------------------------------------
      8224       1286        644        164       5720     231895   Object Totals
         0          0         32          0          0          0   (incl. Generated)
        34          0          2          3          0          0   (incl. Padding)

    ----------------------------------------------------------------------

      Code (inc. data)   RO Data    RW Data    ZI Data      Debug   Library Member Name

         0          0          0          0          0          0   entry.o
         0          0          0          0          0          0   entry10a.o
         0          0          0          0          0          0   entry11a.o
         8          4          0          0          0          0   entry2.o
         4          0          0          0          0          0   entry5.o
         0          0          0          0          0          0   entry7b.o
         0          0          0          0          0          0   entry8b.o
         8          4          0          0          0          0   entry9a.o
        30          0          0          0          0          0   handlers.o
        36          8          0          0          0         68   init.o
        50          8          0          0          0        152   printfb.o
         0          0          0          4          0          0   stdout.o

    ----------------------------------------------------------------------
       140         24          0          4          0        220   Library Totals
         4          0          0          0          0          0   (incl. Padding)

    ----------------------------------------------------------------------

      Code (inc. data)   RO Data    RW Data    ZI Data      Debug   Library Name

       136         24          0          4          0        220   mc_w.l

    ----------------------------------------------------------------------
       140         24          0          4          0        220   Library Totals

    ----------------------------------------------------------------------

==============================================================================


      Code (inc. data)   RO Data    RW Data    ZI Data      Debug   

      8364       1310        644        168       5720     220767   Grand Totals
      8364       1310        644        168       5720     220767   ELF Image Totals
      8364       1310        644        168          0          0   ROM Totals

==============================================================================

    Total RO  Size (Code + RO Data)                 9008 (   8.80kB)
    Total RW  Size (RW Data + ZI Data)              5888 (   5.75kB)
    Total ROM Size (Code + RO Data + RW Data)       9176 (   8.96kB)

==============================================================================

